LANEK                    1  2004
LELANDY                  1  2008
MARCONIT                 1  2008
LMORRIS                  1  2009
METCALFS                 1  2022
MARTYB                   1  2004
MVSMURS                  1  2022
DCOPRINT                 1  2008
DIAG                     1  1206
DIAG10D                  1  1206
DIAG10C                  1  1206
DUPJOB10                 1  2017
DIAG10V                  1  1206
SYS                      1  2004
SYSNEWS                  1  2025
TAPELIBE                 1  2004
TAPELIB                  1  2004
TRUCONTROL               1  2009
TNETOPS                  1  2129
TECHW                    1  2127
TCMS                     1  2004
VIVIAN                   1  2025
VALDEV                   1  2025
UTIL                     1  2004
UFD                      1  2004
TSWALLACE                1  2009
BURNS1                   1  2009
CPAPRINT                 1  2017
CTOPSMGR                 1  5006
CRASH                    1  2004
DALMON                   1  2004
CUPCWRN                  1  2004
CUPCOPS                  1  2004
CUD10                    1  2009
DANIELSR                 1  2022
DALSWRN                  1  2008
PEREZG                   1  2004
PHIL                     1  5006
RESRFP                   1  2004
FBARTON                  1  2009
FBATCH                   1  5006
FTSYS                    1  4011
FREITAS2                 1  2009
JENNYG                   1  2009
JENGLISH                 1  2008
HOLD                     1  2004
HAYESDRL                 1  2022
JMCOLINROB               1  2004
1213MGR                  1  1206
ALLFILES                 1  2009
BERT                     1  2019
BACKUP                   1  2017
BOBJ                     1  2025
BRETTF                   1  2005
BILLF                    1  2006
RODDAMJ                  1  2008
ROOPED                   1  2009
SCAPIK                   1  2036
RSCSSTAT                 1  2004
SRACRT                   1  2009
SRA1                     1  2009
SPOOL                    1  2017
SCRIBNER                 1  2008
SSJREP                   1  2009
SSEREP                   1  2004
SROOS                    1  2127
SRASO                    1  2009
SRAMOV                   1  2009
SRAFRCST                 1  2009
KEN                      3  4011
MAIL                     3  4011
MPL                      3  4011
MONDOC                   3  4011
M33                      3  4011
MCH                      3  4011
MATOKA                   3  4034
LINK10                   3  4011
NDT                      3  2012
DENCOFF                  3  4011
DOCAIL                   3  4011
SYSMAINT                 3  3109
TNXAIL                   3  4011
TSUCOOP                  3  4011
VUE                      3  4011
TYMGRIPE                 3  4011
TBAFTDEB                 3  4011
WRS                      3  4119
CARL                     3  4011
COBOLQA                  3  4011
CHERIE                   3  3109
XAIL                     3  4011
XCONSULT                 3  4011
YEUX                     3  4011
YAMM                     3  4011
OSMAN                    3  4011
OSNF                     3  4011
PUB                      3  4011
OSU                      3  4011
F40                      3  4011
FRENCH                   3  4011
JAIL                     3  4011
INFO                     3  4011
FLETCHERC                3  4011
JMS                      3  4011
HELGEM                   3  4011
SAIL                     3  4011
SALLY                    3  4011
SPUNKTEST                3  4011
SPPOPER                  3  4011
SPPARCH                  3  4011
SAILTEST                 3  4011
SPL                      3  4011
SAILIB                   3  4011
KOVACH                   4  5027
MISTAPE                  4  5027
DMOULTON                 4  5027
TESTASB                  4  5027
UIS                      4  5027
TESTMNCH                 4  5027
UAS                      4  5027
CARRELLA                 4  5027
CORPTEL                  4  2001
RJK                      4  5028
FCANNING                 4  5027
FRANK                    4  5028
ACT10                    4  5027
BOBH                     4  5027
ACTRTY                   4  5027
RODRIGUESP               4  5028
UN1                      6  2004
USEVAL                   6  2009
PJ                       6  2017
MAGNUM                   7  4002
MIDAS                    7  4002
FSIEGEL                  7  4002
SDERRY                   7  5041
CC                      13  3142
VMCMST1                 14  2010
VMLIBR                  14  2010
PARPRINT              6036  5006
LASALES              10056  5207
NADMRES              10056  5032
TYMRES               10056  5032
WESTSALE             10056  5207
CENTRALTECH          10056  5207
NEWS                 10056  5207
FADMIN               10056  5207
ATLANTICTECH         10056  5207
SCHED                10056  5207
SOUTHSALES           10056  5207
SOMERVIL             10056  3442
NASON                10551  4071
INTACT               11010  5003
MACEMON              11011  3048
MICRO                11011  3250
X22113               11011  3143
BUSPLN               11011  3002
CMSSUP               11011  3151
PGJCOG               11011  3151
RKLUTE               11011  3144
PWSLIB               11011  3250
GMASTERS             11011  3144
INSDGSS1             11011  3151
ISINSTALL            11011  3151
INSDCOM              11011  3144
BATES                11011  3250
SPOOLRM              11016  5027
MAINTDIAG            11020  3458
MDOWNEY              11020  2003
MCNEY                11020  2304
MARACT               11020  3458
NETDEV2              11020  2012
MORIARTY             11020  3458
MOORING              11020  2605
MFGSEC               11020  2003
MFGRECEP             11020  2003
NETSUPPT             11020  2402
NFERECEP             11020  2605
NFESEC               11020  2002
MALAVI               11020  3458
NPRODUCT             11020  2127
DEPOT                11020  2202
DNOLLEY              11020  3458
DEPTECH              11020  2002
DMILLER              11020  3458
DMACOMB              11020  3458
DKNOTT               11020  2103
DIAMONDP             11020  2402
FACILITIES           11020  3458
FACSEC               11020  2107
FCM                  11020  3109
EQUIPDIV             11020  2002
ENFESEC              11020  3458
ECMOPS               11020  2002
DIAGQA               11020  3458
DREID                11020  3458
TECHLIB              11020  3458
TYMDATA              11020  3458
TECHTRAIN            11020  3458
TKELLEY              11020  2202
WCMFIXIT             11020  2402
WNFESEC              11020  3458
WNFETECH             11020  2402
WASOWSKI             11020  2202
WAGNERD              11020  3458
VARDIAG              11020  3458
TGCODES              11020  2002
TRAINSEC             11020  3458
TRAINLAB             11020  3458
WNFE                 11020  2402
CESDOC               11020  3458
CGIBSON              11020  2202
CNFEMGR              11020  2502
CNFE                 11020  2502
CWCODES              11020  1381
DAUGHTJ              11020  3458
CNFETECH             11020  2502
CNFESEC              11020  2501
CORTEZ               11020  3458
CWDIAG               11020  3458
NTS                  11020  2603
OAHUCODE             11020  2002
NTSDEMO              11020  3458
PCROUTS              11020  2127
RICHARDS             11020  3458
PCM                  11020  5006
RISDIAG              11020  3458
RCACODES             11020  2002
RVIVIER              11020  3458
PATTIMCD             11020  3458
OCONNORK             11020  2002
PRINCE               11020  2002
PNELSON              11020  2003
PMORSE               11020  3458
GKING                11020  3458
GWALPOLE             11020  3458
JNEAL                11020  3458
JOHNSOND             11020  3458
KDCDIAG              11020  3458
HAGERL               11020  3458
KHOLLAND             11020  2603
JMARTELL             11020  3458
JCM                  11020  5005
JCARTER              11020  2605
JBUXTON              11020  2127
ALBERTAC             11020  2202
BDACODES             11020  1381
ANVERM               11020  2202
BASESUP              11020  2002
BAHCODES             11020  1381
ARELLA               11020  3458
AYARS                11020  3458
BOURDEAU             11020  3458
BNOLLEY              11020  3458
BLAIR                11020  2603
BRUCES               11020  2603
BSQUIST              11020  2605
APLAB                11020  2127
CATTANEO             11020  2603
SLATERK              11020  3458
SLOVAKM              11020  2002
SOCKWELL             11020  2402
SORRELL              11020  3109
SNAVELYJ             11020  3458
STEINJ               11020  2603
MALUBINA             11334  4035
MBERGER              11334  4039
MSHEN                11334  4045
NETDVDOC             11334  1420
MITCHELJ             11334  2012
NAD                  11334  4045
MATUCHAD             11334  4131
NSDADM               11334  4132
NSDBINS              11334  4132
NSDBKUP              11334  4132
NSDLIB               11334  4132
NSDSINS              11334  4132
NETANAL              11334  2603
NETMID               11334  4128
NTDLIBRARY           11334  4047
MIKERUDE             11334  2012
NETPERM              11334  2012
MIDBAK               11334  4128
DCHANG               11334  4034
FRANKWU              11334  4117
DLASATER             11334  4119
EBS                  11334  2012
DNDNAC               11334  2012
EPASCAL1             11334  4045
DRISCOLL             11334  4130
DGOAD                11334  4137
TIIDEV               11334  4115
TWANG                11334  4122
YOUNGV               11334  2951
WEUSKE               11334  2012
UPTGROVE             11334  4118
YOUNGERC             11334  2012
CLOVER               11334  2012
CRFSM                11334  5207
CRAY                 11334  4038
DAVARJ               11334  4117
CWILSON              11334  2951
CMTI                 11334  4033
CORSO                11334  4136
OSERANG              11334  4034
RGFOX                11334  4039
PATROL               11334  4044
RWS                  11334  4039
SANDYMF              11334  4040
PNETS                11334  2012
RAFFO                11334  4044
ROLANDK              11334  4044
PMANLEY              11334  4117
SCHRAMM              11334  4042
SEMAR                11334  4721
OSIRIS1              11334  4042
GCOLES               11334  4721
ISISDOC              11334  2012
KALENDA              11334  4040
ISIS                 11334  2012
JONAS                11334  4038
JHSIEH1              11334  4128
KOPFJ                11334  4119
JSOUNG               11334  4033
LAGOLD               11334  4123
JWAGNER              11334  3403
LSHERMAN             11334  4039
JJOELS               11334  4041
LUSKERJ              11334  1257
GRANVOLD             11334  4117
HUEYMA               11334  4044
LIBRARY1             11334  4047
JLIOU1               11334  4128
LMAURER              11334  4123
MADDERRA             11334  4721
JMARCIN              11334  4127
ACHAO                11334  4122
BECHLYT              11334  4033
BETATESTINT          11334  4132
CCHANG               11334  4117
CAAPROJ              11334  5207
BUBBNET              11334  2012
BONDAD               11334  4122
AVINASH              11334  4041
CHANG                11334  2012
SHSU                 11334  4115
SLLDCAIN             11334  4042
STIMACM              11334  4130
STOY                 11334  3452
SOURCEINT            11334  4132
SMYTHEC              11334  2953
STHOMPSON            11334  4721
SMITHDE              11334  4039
SHWONG               11334  4115
STALLING             11334  5207
MEYERG               11346  2037
RICHARDSON           11346  2036
ABELE                11346  2307
TCASS                11346  2007
FTSYSDOC             11447  2004
FTTBA                11447  2025
VALIDATE             11447  4127
QABUILDOSC           11447  2025
RAFFOR               11447  5207
QALIBSYM             11447  2025
QASYS                11447  2025
ROLAND               11447  4044
GBLOOD               11447  5730
JCLMIN               11447  2025
ARCHIVES             11447  2025
BURRIESCIN           11447  4127
SSARCHD              11447  2025
SSPERP               11447  4011
SSPRINT              11447  4011
SSPAMSYM             11447  5207
SSTRANS              11447  2025
SSUTIL               11447  3109
SSVALSUP             11447  2025
SSPAMBIN             11447  5207
SSDEV                11447  2025
SSINSTALL            11447  2025
SYSADM20             11447  2025
SYSADM21             11447  2025
SYSBACKUP            11447  2025
SYSDOC               11447  2004
TBATLIB              11447  2025
SSBACKUP             11447  2025
NYPRINT              11601  3089
SPOOLING             11653  2127
MATS                 13107  4016
MLEWIS               13107  4021
TTMSBUBB             13107  4030
TTMSISIS2            13107  4016
TTMSTS               13107  4016
GAUCI                13107  4021
SPEX                 13107  4021
SYNCMAG              13107  4021
STIER                13107  4018
SPINALE              13107  4016
MOSSERJ              14717  2007
DONAHUE              14717  2207
YORKS                14717  3109
POINTERC             14717  2007
BAIGENT              14717  4011
BSTRONG              14717  4011
BRING                14717  4011
EASTLINE             21472  3438
FIELDNUM             21474  5207
NWILLIAMS            21475  3416
OLDPLOT              21475  5207
FUTUREPLOT           21475  5207
CNSALES              21475  5207
CUSNETS              21475  5207
PLOT                 21475  5207
RFMC                 21475  3416
KDDIAG               21475  5207
MFORDE               21476  5207
NGREGORY             21476  3452
NET1STAGE            21476  5207
OHARROW              21476  5207
NETEK                21476  5207
NSTECH               21476  5207
NEATECH              21476  5207
DHAWES               21476  5207
DONNELLY             21476  5207
DZISA                21476  3456
GGARDINA             21476  5052
EASTTECH             21476  5207
FFISHMAN             21476  5207
FICHEGEN             21476  5207
DLEE                 21476  3457
EASTECH              21476  5207
GREATECH             21476  5207
GSWINTON             21476  5207
WALKERG              21476  3457
WRFS                 21476  5207
WRFSC                21476  4136
WHITLOCK             21476  5207
WHONG                21476  3456
WIEBET               21476  5207
WASUPT               21476  5207
WESTECH              21476  5207
DBNSTECH             21476  5207
PETER                21476  5207
RADMON               21476  5207
SBS                  21476  5207
RESMGT               21476  5207
RSPRENKEL            21476  5207
QSMITH               21476  3456
PUBNET               21476  3453
PHILJ                21476  5207
SETECH               21476  5207
SHARMA               21476  4041
HQLAB                21476  5207
HULTQUIS             21476  5207
ISISTECH             21476  5207
LNIRENBERG           21476  5207
LDDC                 21476  5207
ISISFILES            21476  3457
JLIOU                21476  5207
ADAZZI               21476  3456
CHENC                21476  3456
CHRISM               21476  3439
BREZELL              21476  3425
CIDNCODE             21476  4101
BSTALING             21476  3456
CENTECH              21476  5207
BSTURM               21476  5207
BTHOMSON             21476  4100
BONSTOTT             21476  3456
SSTERLING            21476  5207
TECHDOC              21476  5207
TSUIS                21476  3457
TECHLAB              21476  5207
TMYLES               21476  3456
SVOTH                21476  3456
MIDCENTRAL           21477  3433
MSPOPPE              21477  2108
NETDETAIL            21477  5027
NETENG               21477  5207
NETEOM               21477  5207
NETMAPNS             21477  5207
NETOPS               21477  5207
NETSALES             21477  5207
NETSTAT              21477  2120
MSTSCHED             21477  5207
NSJENKS              21477  3453
MIKELU               21477  4041
NADM                 21477  5207
NEDIST               21477  5207
NEPNET               21477  3450
PACAULT              21477  5207
NETCONAD             21477  2127
MOXON                21477  5207
PATCH                21477  5207
MSLOUISE             21477  2108
PCORCORAN            21477  5207
MSMA                 21477  2108
MSEDSEL              21477  2108
PILCHER              21477  5207
PISTAT               21477  2114
PLOTTING             21477  5207
MREBMANN             21477  5207
PNAGEL               21477  5207
PNETPG               21477  5207
PNETSUP              21477  5207
PRIMP                21477  5207
POPPE                21477  2154
POSTAL               21477  5207
PQUE                 21477  5207
PRODNET              21477  5027
DCORNELY             21477  2120
EUROTECH             21477  5207
DHSMITH              21477  4503
EWINDLE              21477  5207
FEDACCG              21477  5207
FERRISK              21477  5207
FJAVADI              21477  2108
EASTPNET             21477  3440
FTAPSELL             21477  5207
GBEIDLER             21477  2120
DGAETANI             21477  3441
DIST216              21477  3444
ERICV                21477  5207
INSCODE              21477  3464
DPELSUE              21477  3450
ENSS                 21477  4101
VKRLEE               21477  4041
WRPNET               21477  5207
WSHAW                21477  5207
YOUNGS               21477  2120
WEISINGER            21477  2108
WNFEOPS              21477  5207
WRHOST               21477  5207
DAILYPROGS           21477  5207
DAULTON              21477  3415
DAVISA               21477  5207
DAILYREPS            21477  5207
RAFALA               21477  3464
RMILTON              21477  5207
RNIELSEN        21477  2108
ROY                  21477  5207
SPIELLER             21477  5207
SCHENDEL             21477  2103
RSB                  21477  5207
RHOWLAND             21477  4102
RESZ                 21477  5207
RCHUN                21477  2116
INTLACCTG            21477  3416
LAMPMAN              21477  5053
LEAHYP               21477  5207
JBRENNAN             21477  3454
JALCAN               21477  5207
LOVELL               21477  5207
JLEE                 21477  5207
LYNASK               21477  5032
MATTHEWS             21477  3418
MCCUSKER             21477  5207
MCDAVID              21477  2120
MARCOMM              21477  3401
MCONWAY              21477  5207
MARKMCW              21477  3452
JMESSINA             21477  3452
INTLPROGS            21477  5027
KILLIONJ             21477  2103
KKELLER              21477  2120
ACCG1                21477  5031
CHEDIN               21477  2109
CHUNGLAM             21477  4041
CLARKET              21477  5207
CLEMENS              21477  5207
COLLECTR             21477  5207
CONSULTING           21477  4099
ATT                  21477  5207
BBENG                21477  5207
BOFADMIN             21477  5207
ANALYSIS             21477  4041
STAFFORD             21477  5032
TGJUDY               21477  5207
TGRUSS               21477  5207
TOMASI               21477  5207
TELCODBS             21477  5207
TGBILL               21477  5207
TYMGEN               21477  5207
TYMISIS              21477  5207
TYMTEST              21477  5207
TCUPAL               21477  3450
PRODEV01             22013  2012
PRODEV02             22013  2012
DWEST                22013  4130
NSCNET               23036  3417
ALFENN               23401  2012
SECONDHIF            23407  1257
31013399             23575  5207
MIKEMO               23707  2311
PSBROWN              23707  2311
PEARLS               23707  4011
OLSONT               23707  2211
MILLERK              23707  2311
PATELN               23707  2311
EDWALL               23707  2311
ENGR                 23707  2311
GCONE                23707  2311
HVBURTON             23707  2311
ENGHNTR              23707  2311
GOLOBIC              23707  2311
GORDON               23707  3109
CWU                  23707  3109
DBLISS               23707  2311
RBROWN               23707  2311
SOLOMON              23707  2311
SCHARF               23707  3109
JANAN                23707  3109
MARYC                23707  2311
JWILLOTT             23707  2311
ACHERIN              23707  2311
CADPLOT              23707  2311
CORBELL              23707  2215
CBROWN               23707  2311
SUDHIR               23707  2311
OSIRIS               24261  4042
EPASCAL              24261  4045
TTS317               26442  2009
PARSTW               27245  4022
PMELLET              27514  5019
INTYM                27514  5019
RTREHIN              27514  3415
SIRTI                27514  3415
RUDMAN               27514  3415
JEFSEY               27514  3415
00083                27514  3415
TNSCDOC              27514  3415
TNSCMKTG             27514  3415
TNSETS               27514  5113
SWATS                27700  3422
SLIISIS              30042  5011
OHARAB               30455  1257
DJEZEK               30455  1247
SHEPPARDA            30455  4722
NETDATA              32120  5106
NETDB                32120  5207
DB130                32120  3425
DBCNFED              32120  5207
DBCNFEH              32120  5207
DBCTS                32120  4102
DBDDD                32120  5027
DBDML                32120  5207
DBDND                32120  5207
DBEASTSALE           32120  5027
DBENFE               32120  2002
DBENFEB              32120  2304
DBENFEN              32120  2302
DBENFEW              32120  5207
DBENG                32120  2103
DBENGA               32120  2103
DBEPN                32120  5027
DBETS                32120  5027
DBFEDMKTG            32120  5207
DBFIELDOPS           32120  5207
DBFIN                32120  5207
DBHANNAH             32120  5207
DBHQTECH             32120  3457
DBMAN                32120  2112
DBMKTG               32120  3453
DBNESALE             32120  5207
DBOPER               32120  5207
DBOPSPLNG            32120  5207
DBPNETS              32120  3452
DBPRES               32120  5027
DBPROJ               32120  5208
DBRES                32120  2105
DBSNI                32120  5207
DBSWTS               32120  5207
DBTAR                32120  2106
DBTIO                32120  5207
DBTLC                32120  5207
DBTMP                32120  5207
DBTS                 32120  3406
DBTSHACCT            32120  5207
DBVPSALES            32120  5027
DBWESTSALE           32120  5207
DBWNFE               32120  2402
DBWNFES              32120  2403
DBWTS                32120  3425
DB220                32120  3441
DB134                32120  5207
DB132                32120  3417
DOOLITTLER           32120  5207
DB131                32120  3425
DB225                32120  3439
DB228                32120  3415
DBA                  32120  2120
DBACCNTRL            32120  5032
DBACOVE              32120  5207
DBADOUG              32120  5207
DBAHST               32120  5207
DBCENTSALE           32120  5207
DBCEO                32120  5207
DBCES                32120  5207
DBCIS                32120  5207
DBCNFE               32120  5207
KADNEY               32120  5207
KSALEHI              32120  5207
ATTAM                32120  5207
ATTC                 32120  5207
ATTS                 32120  5207
BWILLIAMS            32120  5207
ATTE                 32120  5207
ATTW                 32120  5207
CUSTORDS             32120  2119
INDIAL2              34776  4071
EADAMS               34776  3144
ETULK                35676  3144
FSUPPORT             35676  3068
EDIDADM              35676  3068
DMIREQ               35725  3091
EST                  36620  2003
HQTECH1              41320  5207
OASYS                43511  4301
JHSIEH               44047  3457
PDUNLEVY             44054  4102
PROJMGT              44054  3460
DRAY                 44054  4102
DUNLEVYM             44054  4102
AKRONE               44054  4102
CATECH               44054  5203
WRONSTADT            44060  4106
DGAUVIN              44060  4106
JMORSE               44060  3446
SWARTZM              44060  4106
USIAKR               44060  5207
JORDANR              44061  5207
ADPCODE              44061  4100
TSAMPSON             44061  4100
EWELSH               44062  4095
GKASHER              44062  3447
JAKOBITZ             44062  3464
SEATECH              44062  5207
LIENEMANC            44062  5207
MART2                44062  5207
MART3                44062  5207
MART4                44062  5207
MART5                44062  5207
LUEDERK              44062  5207
MART1                44062  5207
VATECH               44062  4104
DLANE                44251  1381
DYOUNG               44251  5207
SWHITE               44251  1381
PACTECH              44266  5053
ETAM                 44266  5053
SCHOU                44266  5053
JWANG                44266  5053
LHEINZEL             44266  5053
MIMI                 44266  5053
MCKIERNAN            44266  5053
AMUNDSON             44266  5051
APLATT               44266  3414
CCHEN                44266  5053
SWONG                44266  5053
TCHOW                44266  5053
STUTZMANC            44267  2733
MDCIRVINE            45261  5207
INSNET               46251  3464
32BIT                46273  2101
TCHECKTID            46732  2951
STARKSG              47233  4096
MWALTERS             47256  5019
PRAMS                47256  5019
PWARN                47256  5019
BWALLACE             47256  5019
TNSUKM               47256  5019
UKDOC                47256  5019
   +9^qv