

cost  organization

9990  TYMSHARE CONSOLIDATED            
1000  TYMSHARE CONSOLIDATED            
1530  ISG GOLD SECTOR                  
1201  FIELD SERVICE COMPANY            
1215  FIELD OPERATIONS CONS            
1206  FIELD OPERATIONS CSS             


username               gan  cost

DIAG                     1  1206
DIAG10C                  1  1206
DIAG10V                  1  1206
DIAG10D                  1  1206
1213MGR                  1  1206


cost  organization

9990  TYMSHARE CONSOLIDATED            
1000  TYMSHARE CONSOLIDATED            
1531  ISG BLUE SECTOR                  
1510  FINANCIAL SERVICES GROUP         
1294  PMTS CONSOLIDATED                
1247  PMTS TECH DIVISION CONS          


username               gan  cost

DJEZEK               30455  1247


cost  organization

9990  TYMSHARE CONSOLIDATED            
1000  TYMSHARE CONSOLIDATED            
1531  ISG BLUE SECTOR                  
1510  FINANCIAL SERVICES GROUP         
1294  PMTS CONSOLIDATED                
1257  POS CONSOLIDATED                 


username               gan  cost

LUSKERJ              11334  1257
OHARAB               30455  1257
SECONDHIF            23407  1257


cost  organization

9990  TYMSHARE CONSOLIDATED            
1000  TYMSHARE CONSOLIDATED            
1530  ISG GOLD SECTOR                  
1230  NETWORK SYSTEMS GROUP            
1260  NETWORK CONSOLIDATED             
1275  TYMNET SALES DIVISION            
1269  TYMNET INTERNATIONAL CONSOL      
1381  INTERNATIONAL PUBLIC NET SERVICES


username               gan  cost

DLANE                44251  1381
SWHITE               44251  1381
CWCODES              11020  1381
BAHCODES             11020  1381
BDACODES             11020  1381


cost  organization

9990  TYMSHARE CONSOLIDATED            
1000  TYMSHARE CONSOLIDATED            
1530  ISG GOLD SECTOR                  
1230  NETWORK SYSTEMS GROUP            
1220  NETWORK TECHNOLOGY DIVISION      
1408  NETWORK APPLICATIONS CONS        
1420  NETWORK DOCUMENTATION CONS.      


username               gan  cost

NETDVDOC             11334  1420


cost  organization

9990  TYMSHARE CONSOLIDATED            
1000  TYMSHARE CONSOLIDATED            
1531  ISG BLUE SECTOR                  
1200  NATIONAL COMPUTER OPS GROUP CONS 
1249  NATIONAL COMPUTER OPS            
2001  TELCO                            


username               gan  cost

CORPTEL                  4  2001


cost  organization

9990  TYMSHARE CONSOLIDATED            
1000  TYMSHARE CONSOLIDATED            
1530  ISG GOLD SECTOR                  
1201  FIELD SERVICE COMPANY            
1215  FIELD OPERATIONS CONS            
1216  NFE REGIONS CONSOLIDATED         
1263  EASTERN NET FIELD ENGR CONS      
2002  EASTERN REG FIELD SUPPORT        


username               gan  cost

DBENFE               32120  2002
DEPTECH              11020  2002
TGCODES              11020  2002
NFESEC               11020  2002
OCONNORK             11020  2002
OAHUCODE             11020  2002
PRINCE               11020  2002
ECMOPS               11020  2002
EQUIPDIV             11020  2002
BASESUP              11020  2002
RCACODES             11020  2002
SLOVAKM              11020  2002


cost  organization

9990  TYMSHARE CONSOLIDATED            
1000  TYMSHARE CONSOLIDATED            
1530  ISG GOLD SECTOR                  
1271  COMPUTER SYSTEMS COMPANY         
1278  MANUFACTURING CONSOLIDATED       
2003  MANUF. ADMIN-PURCHASING-MATCON   


username               gan  cost

MDOWNEY              11020  2003
MFGSEC               11020  2003
MFGRECEP             11020  2003
PNELSON              11020  2003
EST                  36620  2003


cost  organization

9990  TYMSHARE CONSOLIDATED            
1000  TYMSHARE CONSOLIDATED            
1531  ISG BLUE SECTOR                  
1200  NATIONAL COMPUTER OPS GROUP CONS 
1249  NATIONAL COMPUTER OPS            
1255  WESTERN COMPUTER OPS CONS.    NYN
2004  OPC 10'S                         


username               gan  cost

JMCOLINROB               1  2004
MARTYB                   1  2004
LANEK                    1  2004
SYS                      1  2004
TAPELIB                  1  2004
UFD                      1  2004
SYSDOC               11447  2004
TCMS                     1  2004
TAPELIBE                 1  2004
UTIL                     1  2004
UN1                      6  2004
CRASH                    1  2004
CUPCWRN                  1  2004
DALMON                   1  2004
CUPCOPS                  1  2004
PEREZG                   1  2004
FTSYSDOC             11447  2004
HOLD                     1  2004
RESRFP                   1  2004
SSEREP                   1  2004
RSCSSTAT                 1  2004


cost  organization

9990  TYMSHARE CONSOLIDATED            
1000  TYMSHARE CONSOLIDATED            
1531  ISG BLUE SECTOR                  
1200  NATIONAL COMPUTER OPS GROUP CONS 
1249  NATIONAL COMPUTER OPS            
2005  EASTERN COMPUTER OPS-VALLEY FORGE


username               gan  cost

BRETTF                   1  2005


cost  organization

9990  TYMSHARE CONSOLIDATED            
1000  TYMSHARE CONSOLIDATED            
1531  ISG BLUE SECTOR                  
1200  NATIONAL COMPUTER OPS GROUP CONS 
1249  NATIONAL COMPUTER OPS            
2006  NATIONAL COMPUTER OPS HQ         


username               gan  cost

BILLF                    1  2006


cost  organization

9990  TYMSHARE CONSOLIDATED            
1000  TYMSHARE CONSOLIDATED            
1530  ISG GOLD SECTOR                  
1201  FIELD SERVICE COMPANY            
1272  FINANCE & ADMIN CONS FSC         
2007  CS&S FINANCE & ADMINISTRATION    


username               gan  cost

MOSSERJ              14717  2007
TCASS                11346  2007
POINTERC             14717  2007


cost  organization

9990  TYMSHARE CONSOLIDATED            
1000  TYMSHARE CONSOLIDATED            
1531  ISG BLUE SECTOR                  
1200  NATIONAL COMPUTER OPS GROUP CONS 
1249  NATIONAL COMPUTER OPS            
1245  DALLAS COMPUTER OPS CONS         
2008  DALLAS TYMSHARE OPS              


username               gan  cost

LELANDY                  1  2008
MARCONIT                 1  2008
DCOPRINT                 1  2008
DALSWRN                  1  2008
JENGLISH                 1  2008
RODDAMJ                  1  2008
SCRIBNER                 1  2008


cost  organization

9990  TYMSHARE CONSOLIDATED            
1000  TYMSHARE CONSOLIDATED            
1531  ISG BLUE SECTOR                  
1200  NATIONAL COMPUTER OPS GROUP CONS 
1249  NATIONAL COMPUTER OPS            
2009  RESOURCES                        


username               gan  cost

LMORRIS                  1  2009
TRUCONTROL               1  2009
TSWALLACE                1  2009
USEVAL                   6  2009
TTS317               26442  2009
BURNS1                   1  2009
CUD10                    1  2009
FBARTON                  1  2009
JENNYG                   1  2009
FREITAS2                 1  2009
ALLFILES                 1  2009
ROOPED                   1  2009
SRASO                    1  2009
SSJREP                   1  2009
SRAMOV                   1  2009
SRAFRCST                 1  2009
SRACRT                   1  2009
SRA1                     1  2009


cost  organization

9990  TYMSHARE CONSOLIDATED            
1000  TYMSHARE CONSOLIDATED            
1531  ISG BLUE SECTOR                  
1200  NATIONAL COMPUTER OPS GROUP CONS 
1249  NATIONAL COMPUTER OPS            
2010  TYMCOM 370 SUPPORT NCO           


username               gan  cost

VMCMST1                 14  2010
VMLIBR                  14  2010


cost  organization

9990  TYMSHARE CONSOLIDATED            
1000  TYMSHARE CONSOLIDATED            
1530  ISG GOLD SECTOR                  
1230  NETWORK SYSTEMS GROUP            
1220  NETWORK TECHNOLOGY DIVISION      
2012  NTD HEADQUARTERS                 


username               gan  cost

MIKERUDE             11334  2012
MITCHELJ             11334  2012
DNDNAC               11334  2012
EBS                  11334  2012
WEUSKE               11334  2012
BUBBNET              11334  2012
CLOVER               11334  2012
CHANG                11334  2012
YOUNGERC             11334  2012
NDT                      3  2012
PNETS                11334  2012
NETPERM              11334  2012
NETDEV2              11020  2012
PRODEV01             22013  2012
PRODEV02             22013  2012
ISIS                 11334  2012
ISISDOC              11334  2012
ALFENN               23401  2012


cost  organization

9990  TYMSHARE CONSOLIDATED            
1000  TYMSHARE CONSOLIDATED            
1531  ISG BLUE SECTOR                  
1200  NATIONAL COMPUTER OPS GROUP CONS 
1249  NATIONAL COMPUTER OPS            
1255  WESTERN COMPUTER OPS CONS.    NYN
2017  OPA 940                          


username               gan  cost

DUPJOB10                 1  2017
CPAPRINT                 1  2017
PJ                       6  2017
BACKUP                   1  2017
SPOOL                    1  2017


cost  organization

9990  TYMSHARE CONSOLIDATED            
1000  TYMSHARE CONSOLIDATED            
1530  ISG GOLD SECTOR                  
1201  FIELD SERVICE COMPANY            
2019  FIELD SERVICE SUPPORT            


username               gan  cost

BERT                     1  2019


cost  organization

9990  TYMSHARE CONSOLIDATED            
1000  TYMSHARE CONSOLIDATED            
1531  ISG BLUE SECTOR                  
1200  NATIONAL COMPUTER OPS GROUP CONS 
1249  NATIONAL COMPUTER OPS            
1248  FREMONT COMPUTER OPS CONS        
2022  TYMSHARING OPERATIONS-FREMONT    


username               gan  cost

METCALFS                 1  2022
MVSMURS                  1  2022
DANIELSR                 1  2022
HAYESDRL                 1  2022


cost  organization

9990  TYMSHARE CONSOLIDATED            
1000  TYMSHARE CONSOLIDATED            
1531  ISG BLUE SECTOR                  
1200  NATIONAL COMPUTER OPS GROUP CONS 
1249  NATIONAL COMPUTER OPS            
2025  SOFTWARE DISTRIBUTION UNIT       


username               gan  cost

SYSADM20             11447  2025
VIVIAN                   1  2025
VALDEV                   1  2025
SYSNEWS                  1  2025
SYSADM21             11447  2025
TBATLIB              11447  2025
SYSBACKUP            11447  2025
QABUILDOSC           11447  2025
QALIBSYM             11447  2025
QASYS                11447  2025
FTTBA                11447  2025
JCLMIN               11447  2025
ARCHIVES             11447  2025
BOBJ                     1  2025
SSARCHD              11447  2025
SSBACKUP             11447  2025
SSVALSUP             11447  2025
SSINSTALL            11447  2025
SSDEV                11447  2025
SSTRANS              11447  2025


cost  organization

9990  TYMSHARE CONSOLIDATED            
1000  TYMSHARE CONSOLIDATED            
1530  ISG GOLD SECTOR                  
1201  FIELD SERVICE COMPANY            
1215  FIELD OPERATIONS CONS            
1206  FIELD OPERATIONS CSS             
1212  FIELD ENGINEERING CENTERS        
2036  F.E. CENTER - CUPERTINO          


username               gan  cost

RICHARDSON           11346  2036
SCAPIK                   1  2036


cost  organization

9990  TYMSHARE CONSOLIDATED            
1000  TYMSHARE CONSOLIDATED            
1530  ISG GOLD SECTOR                  
1201  FIELD SERVICE COMPANY            
1215  FIELD OPERATIONS CONS            
1206  FIELD OPERATIONS CSS             
1212  FIELD ENGINEERING CENTERS        
2037  F.E. CENTER - DALLAS             


username               gan  cost

MEYERG               11346  2037


cost  organization

9990  TYMSHARE CONSOLIDATED            
1000  TYMSHARE CONSOLIDATED            
1530  ISG GOLD SECTOR                  
1230  NETWORK SYSTEMS GROUP            
1260  NETWORK CONSOLIDATED             
1214  OPERATIONS & FACILITIES CONS     
1290  OPERATIONS DIVISION CONS.        
1295  NETWORK OPERATIONS               
2101  NETCON                           


username               gan  cost

32BIT                46273  2101


cost  organization

9990  TYMSHARE CONSOLIDATED            
1000  TYMSHARE CONSOLIDATED            
1530  ISG GOLD SECTOR                  
1230  NETWORK SYSTEMS GROUP            
1260  NETWORK CONSOLIDATED             
1214  OPERATIONS & FACILITIES CONS     
1290  OPERATIONS DIVISION CONS.        
1296  NETWORK ANALYSIS & DESIGN        
2103  NETWORK ENGINEERING              


username               gan  cost

KILLIONJ             21477  2103
DBENG                32120  2103
DBENGA               32120  2103
DKNOTT               11020  2103
SCHENDEL             21477  2103


cost  organization

9990  TYMSHARE CONSOLIDATED            
1000  TYMSHARE CONSOLIDATED            
1530  ISG GOLD SECTOR                  
1230  NETWORK SYSTEMS GROUP            
1260  NETWORK CONSOLIDATED             
1214  OPERATIONS & FACILITIES CONS     
1290  OPERATIONS DIVISION CONS.        
1291  COMMUNICATIONS SERVICES CONSOLIDA
2105  OPERATIONS/SALES COMMUNICATIONS  


username               gan  cost

DBRES                32120  2105


cost  organization

9990  TYMSHARE CONSOLIDATED            
1000  TYMSHARE CONSOLIDATED            
1530  ISG GOLD SECTOR                  
1230  NETWORK SYSTEMS GROUP            
1260  NETWORK CONSOLIDATED             
1214  OPERATIONS & FACILITIES CONS     
1290  OPERATIONS DIVISION CONS.        
1291  COMMUNICATIONS SERVICES CONSOLIDA
2106  TELECOMMUNICATIONS-NETWORK       


username               gan  cost

DBTAR                32120  2106


cost  organization

9990  TYMSHARE CONSOLIDATED            
1000  TYMSHARE CONSOLIDATED            
1530  ISG GOLD SECTOR                  
1230  NETWORK SYSTEMS GROUP            
1260  NETWORK CONSOLIDATED             
1214  OPERATIONS & FACILITIES CONS     
1504  NETWORK FACILITIES CONS          
1288  NETWORK FACILITIES CONSOLIDATED  
2107  NETWORK FACILITIES HQ            


username               gan  cost

FACSEC               11020  2107


cost  organization

9990  TYMSHARE CONSOLIDATED            
1000  TYMSHARE CONSOLIDATED            
1530  ISG GOLD SECTOR                  
1230  NETWORK SYSTEMS GROUP            
1260  NETWORK CONSOLIDATED             
1214  OPERATIONS & FACILITIES CONS     
1290  OPERATIONS DIVISION CONS.        
1296  NETWORK ANALYSIS & DESIGN        
2108  MANAGEMENT SCIENCES              


username               gan  cost

MSEDSEL              21477  2108
MSPOPPE              21477  2108
MSLOUISE             21477  2108
MSMA                 21477  2108
WEISINGER            21477  2108
FJAVADI              21477  2108
RNIELSEN             21477  2108


cost  organization

9990  TYMSHARE CONSOLIDATED            
1000  TYMSHARE CONSOLIDATED            
1530  ISG GOLD SECTOR                  
1230  NETWORK SYSTEMS GROUP            
1260  NETWORK CONSOLIDATED             
1214  OPERATIONS & FACILITIES CONS     
1290  OPERATIONS DIVISION CONS.        
2109  HQ OPERATIONS                    


username               gan  cost

CHEDIN               21477  2109


cost  organization

9990  TYMSHARE CONSOLIDATED            
1000  TYMSHARE CONSOLIDATED            
1530  ISG GOLD SECTOR                  
1230  NETWORK SYSTEMS GROUP            
1260  NETWORK CONSOLIDATED             
1214  OPERATIONS & FACILITIES CONS     
1290  OPERATIONS DIVISION CONS.        
1293  NETWORK RESOURCES                
2112  NETWORK PLANNING & LOGISTICS SUPP


username               gan  cost

DBMAN                32120  2112


cost  organization

9990  TYMSHARE CONSOLIDATED            
1000  TYMSHARE CONSOLIDATED            
1530  ISG GOLD SECTOR                  
1230  NETWORK SYSTEMS GROUP            
1260  NETWORK CONSOLIDATED             
1214  OPERATIONS & FACILITIES CONS     
1290  OPERATIONS DIVISION CONS.        
1295  NETWORK OPERATIONS               
2114  NETWORK Q.C. SECTION             


username               gan  cost

PISTAT               21477  2114


cost  organization

9990  TYMSHARE CONSOLIDATED            
1000  TYMSHARE CONSOLIDATED            
1530  ISG GOLD SECTOR                  
1230  NETWORK SYSTEMS GROUP            
1260  NETWORK CONSOLIDATED             
1214  OPERATIONS & FACILITIES CONS     
1290  OPERATIONS DIVISION CONS.        
1291  COMMUNICATIONS SERVICES CONSOLIDA
2116  RATES & TARIFFS                  


username               gan  cost

RCHUN                21477  2116


cost  organization

9990  TYMSHARE CONSOLIDATED            
1000  TYMSHARE CONSOLIDATED            
1530  ISG GOLD SECTOR                  
1230  NETWORK SYSTEMS GROUP            
1260  NETWORK CONSOLIDATED             
1214  OPERATIONS & FACILITIES CONS     
1290  OPERATIONS DIVISION CONS.        
1293  NETWORK RESOURCES                
2119  CUSTOMER ORDERS                  


username               gan  cost

CUSTORDS             32120  2119


cost  organization

9990  TYMSHARE CONSOLIDATED            
1000  TYMSHARE CONSOLIDATED            
1530  ISG GOLD SECTOR                  
1230  NETWORK SYSTEMS GROUP            
1260  NETWORK CONSOLIDATED             
1214  OPERATIONS & FACILITIES CONS     
1290  OPERATIONS DIVISION CONS.        
1296  NETWORK ANALYSIS & DESIGN        
2120  DATA BASE ADMIN                  


username               gan  cost

KKELLER              21477  2120
MCDAVID              21477  2120
DCORNELY             21477  2120
DBA                  32120  2120
YOUNGS               21477  2120
NETSTAT              21477  2120
GBEIDLER             21477  2120


cost  organization

9990  TYMSHARE CONSOLIDATED            
1000  TYMSHARE CONSOLIDATED            
1530  ISG GOLD SECTOR                  
1230  NETWORK SYSTEMS GROUP            
1NETWORK CONSOLIDATED             
1214  OPERATIONS & FACILITIES CONS     
1290  OPERATIONS DIVISION CONS.        
1291  COMMUNICATIONS SERVICES CONSOLIDA
2127  ADVANCE PROJECTS                 


username               gan  cost

TECHW                    1  2127
NETCONAD             21477  2127
PCROUTS              11020  2127
NPRODUCT             11020  2127
JBUXTON              11020  2127
APLAB                11020  2127
SPOOLING             11653  2127
SROOS                    1  2127


cost  organization

9990  TYMSHARE CONSOLIDATED            
1000  TYMSHARE CONSOLIDATED            
1530  ISG GOLD SECTOR                  
1230  NETWORK SYSTEMS GROUP            
1260  NETWORK CONSOLIDATED             
1214  OPERATIONS & FACILITIES CONS     
1290  OPERATIONS DIVISION CONS.        
2129  ADMINISTRATIVE SERVICES-OPS DIV  


username               gan  cost

TNETOPS                  1  2129


cost  organization

9990  TYMSHARE CONSOLIDATED            
1000  TYMSHARE CONSOLIDATED            
1530  ISG GOLD SECTOR                  
1230  NETWORK SYSTEMS GROUP            
1260  NETWORK CONSOLIDATED             
1214  OPERATIONS & FACILITIES CONS     
1290  OPERATIONS DIVISION CONS.        
1296  NETWORK ANALYSIS & DESIGN        
2154  NETWORK ANALYSIS & DESIGN HQ     


username               gan  cost

POPPE                21477  2154


cost  organization

9990  TYMSHARE CONSOLIDATED            
1000  TYMSHARE CONSOLIDATED            
1530  ISG GOLD SECTOR                  
1201  FIELD SERVICE COMPANY            
1210  DEPOT & LOGISTICS CONS           
1208  DEPOT & LOGISTICS NFE            
2202  WORLD WIDE PARTS-DOMESTIC OPS    


username               gan  cost

DEPOT                11020  2202
TKELLEY              11020  2202
WASOWSKI             11020  2202
CGIBSON              11020  2202
ALBERTAC             11020  2202
ANVERM               11020  2202


cost  organization

9990  TYMSHARE CONSOLIDATED            
1000  TYMSHARE CONSOLIDATED            
1530  ISG GOLD SECTOR                  
1201  FIELD SERVICE COMPANY            
1215  FIELD OPERATIONS CONS            
1206  FIELD OPERATIONS CSS             
1213  FIELD ENGINEERING REMOTE         
2207  F.E. REMOTE- EASTERN             


username               gan  cost

DONAHUE              14717  2207


cost  organization

9990  TYMSHARE CONSOLIDATED            
1000  TYMSHARE CONSOLIDATED            
1530  ISG GOLD SECTOR                  
1230  NETWORK SYSTEMS GROUP            
1220  NETWORK TECHNOLOGY DIVISION      
1211  ENGINEERING DEPARTMENT CONS.     
2211  ENGINEERING SERVICES             


username               gan  cost

OLSONT               23707  2211


cost  organization

9990  TYMSHARE CONSOLIDATED            
1000  TYMSHARE CONSOLIDATED            
1530  ISG GOLD SECTOR                  
1230  NETWORK SYSTEMS GROUP            
1220  NETWORK TECHNOLOGY DIVISION      
1211  ENGINEERING DEPARTMENT CONS.     
2215  ENGINE DEVELOPMENT               


username               gan  cost

CORBELL              23707  2215


cost  organization

9990  TYMSHARE CONSOLIDATED            
1000  TYMSHARE CONSOLIDATED            
1530  ISG GOLD SECTOR                  
1201  FIELD SERVICE COMPANY            
1215  FIELD OPERATIONS CONS            
1216  NFE REGIONS CONSOLIDATED         
1263  EASTERN NET FIELD ENGR CONS      
2302  NEW YORK DIST NFE                


username               gan  cost

DBENFEN              32120  2302


cost  organization

9990  TYMSHARE CONSOLIDATED            
1000  TYMSHARE CONSOLIDATED            
1530  ISG GOLD SECTOR                  
1201  FIELD SERVICE COMPANY            
1215  FIELD OPERATIONS CONS            
1216  NFE REGIONS CONSOLIDATED         
1263  EASTERN NET FIELD ENGR CONS      
2304  MID-ATLANTIC DIST NFE            


username               gan  cost

MCNEY                11020  2304
DBENFEB              32120  2304


cost  organization

9990  TYMSHARE CONSOLIDATED            
1000  TYMSHARE CONSOLIDATED            
1530  ISG GOLD SECTOR                  
1201  FIELD SERVICE COMPANY            
1215  FIELD OPERATIONS CONS            
1206  FIELD OPERATIONS CSS             
1213  FIELD ENGINEERING REMOTE         
2307  F.E. REMOTE - CENTRAL            


username               gan  cost

ABELE                11346  2307


cost  organization

9990  TYMSHARE CONSOLIDATED            
1000  TYMSHARE CONSOLIDATED            
1530  ISG GOLD SECTOR                  
1230  NETWORK SYSTEMS GROUP            
1220  NETWORK TECHNOLOGY DIVISION      
1211  ENGINEERING DEPARTMENT CONS.     
2311  SKYWALKER                        


username               gan  cost

JWILLOTT             23707  2311
MARYC                23707  2311
MIKEMO               23707  2311
MILLERK              23707  2311
DBLISS               23707  2311
EDWALL               23707  2311
ENGHNTR              23707  2311
ENGR                 23707  2311
CADPLOT              23707  2311
CBROWN               23707  2311
PATELN               23707  2311
PSBROWN              23707  2311
RBROWN               23707  2311
GCONE                23707  2311
GOLOBIC              23707  2311
HVBURTON             23707  2311
ACHERIN              23707  2311
SOLOMON              23707  2311
SUDHIR               23707  2311


cost  organization

9990  TYMSHARE CONSOLIDATED            
1000  TYMSHARE CONSOLIDATED            
1530  ISG GOLD SECTOR                  
1201  FIELD SERVICE COMPANY            
1215  FIELD OPERATIONS CONS            
1216  NFE REGIONS CONSOLIDATED         
1266  WESTERN NET FIELD ENGR CONS      
2402  WESTERN REG SUPPORT              


username               gan  cost

DBWNFE               32120  2402
DIAMONDP             11020  2402
WCMFIXIT             11020  2402
WNFE                 11020  2402
WNFETECH             11020  2402
NETSUPPT             11020  2402
SOCKWELL             11020  2402


cost  organization

9990  TYMSHARE CONSOLIDATED            
1000  TYMSHARE CONSOLIDATED            
1530  ISG GOLD SECTOR                  
1201  FIELD SERVICE COMPANY            
1215  FIELD OPERATIONS CONS            
1216  NFE REGIONS CONSOLIDATED         
1266  WESTERN NET FIELD ENGR CONS      
2403  LOS ANGELES DIST                 


username               gan  cost

DBWNFES              32120  2403


cost  organization

9990  TYMSHARE CONSOLIDATED            
1000  TYMSHARE CONSOLIDATED            
1530  ISG GOLD SECTOR                  
1201  FIELD SERVICE COMPANY            
1215  FIELD OPERATIONS CONS            
1216  NFE REGIONS CONSOLIDATED         
1264  CENTRAL NET FIELD ENGR CONS      
2501  CNFE-HEADQUARTERS                


username               gan  cost

CNFESEC              11020  2501


cost  organization

9990  TYMSHARE CONSOLIDATED            
1000  TYMSHARE CONSOLIDATED            
1530  ISG GOLD SECTOR                  
1201  FIELD SERVICE COMPANY            
1215  FIELD OPERATIONS CONS            
1216  NFE REGIONS CONSOLIDATED         
1264  CENTRAL NET FIELD ENGR CONS      
2502  CENTRAL REG SUPPORT              


username               gan  cost

CNFE                 11020  2502
CNFETECH             11020  2502
CNFEMGR              11020  2502


cost  organization

9990  TYMSHARE CONSOLIDATED            
1000  TYMSHARE CONSOLIDATED            
1530  ISG GOLD SECTOR                  
1230  NETWORK SYSTEMS GROUP            
1203  CUSTOMER QUALITY ASSURANCE CONS  
2603  NATIONAL TECH SUPPORT            


username               gan  cost

KHOLLAND             11020  2603
NETANAL              11334  2603
CATTANEO             11020  2603
NTS                  11020  2603
BLAIR                11020  2603
BRUCES               11020  2603
STEINJ               11020  2603


cost  organization

9990  TYMSHARE CONSOLIDATED            
1000  TYMSHARE CONSOLIDATED            
1530  ISG GOLD SECTOR                  
1201  FIELD SERVICE COMPANY            
1215  FIELD OPERATIONS CONS            
1216  NFE REGIONS CONSOLIDATED         
2605  ADMINISTRATION-NFE               


username               gan  cost

MOORING              11020  2605
NFERECEP             11020  2605
JCARTER              11020  2605
BSQUIST              11020  2605


cost  organization

9990  TYMSHARE CONSOLIDATED            
1000  TYMSHARE CONSOLIDATED            
1531  ISG BLUE SECTOR                  
1510  FINANCIAL SERVICES GROUP         
1294  PMTS CONSOLIDATED                
1257  POS CONSOLIDATED                 
1251  POS MARKETING & FIELD SUPPORT    
1258  POS FIELD SERVICES CONS          
2733  POS FIELD SERVICES HQ            


username               gan  cost

STUTZMANC            44267  2733


cost  organization

9990  TYMSHARE CONSOLIDATED            
1000  TYMSHARE CONSOLIDATED            
1531  ISG BLUE SECTOR                  
1510  FINANCIAL SERVICES GROUP         
1294  PMTS CONSOLIDATED                
1247  PMTS TECH DIVISION CONS          
1231  TBS CONSOLIDATED                 
2951  TBS OPERATIONS                   


username               gan  cost

TCHECKTID            46732  2951
CWILSON              11334  2951
YOUNGV               11334  2951


cost  organization

9990  TYMSHARE CONSOLIDATED            
1000  TYMSHARE CONSOLIDATED            
1531  ISG BLUE SECTOR                  
1510  FINANCIAL SERVICES GROUP         
1294  PMTS CONSOLIDATED                
1247  PMTS TECH DIVISION CONS          
2953  PTD COMMUNICATIONS               


username               gan  cost

SMYTHEC              11334  2953


cost  organization

9990  TYMSHARE CONSOLIDATED            
1000  TYMSHARE CONSOLIDATED            
1531  ISG BLUE SECTOR                  
1302  INF. NETWORK SVCS GROUP CONS     
1310  INFORMATION NETWORK SVCS DIV     
3002  INSD-CONTROLLERS                 


username               gan  cost

BUSPLN               11011  3002


cost  organization

9990  TYMSHARE CONSOLIDATED            
1000  TYMSHARE CONSOLIDATED            
1531  ISG BLUE SECTOR                  
1302  INF. NETWORK SVCS GROUP CONS     
1310  INFORMATION NETWORK SVCS DIV     
1308  INSD MARKETING CONSOLIDATED      
1339  MKTG SVC & TRAIN/DOC CONS        
1346  MARKETING SERVICES CONS          
3048  MARKETING SERVICES HOUSE         


username               gan  cost

MACEMON              11011  3048


cost  organization

9990  TYMSHARE CONSOLIDATED            
1000  TYMSHARE CONSOLIDATED            
1531  ISG BLUE SECTOR                  
1302  INF. NETWORK SVCS GROUP CONS     
1310  INFORMATION NETWORK SVCS DIV     
1308  INSD MARKETING CONSOLIDATED      
1322  INFORMATION EXCHANGE SERVICES CON
3068  EDI PLANNING                     


username               gan  cost

EDIDADM              35676  3068
FSUPPORT             35676  3068


cost  organization

9990  TYMSHARE CONSOLIDATED            
1000  TYMSHARE CONSOLIDATED            
1531  ISG BLUE SECTOR                  
1302  INF. NETWORK SVCS GROUP CONS     
1310  INFORMATION NETWORK SVCS DIV     
1315  INTEGRATED COMMERCIAL SVCS CONS  
1340  EASTERN AREA CONS                
3089  EASTERN AREA HOUSE               


username               gan  cost

NYPRINT              11601  3089


cost  organization

9990  TYMSHARE CONSOLIDATED            
1000  TYMSHARE CONSOLIDATED            
1531  ISG BLUE SECTOR                  
1510  FINANCIAL SERVICES GROUP         
1342  IBIS CONSOLIDATED                
3091  IBIS GENERAL & ADMINISTRATIVE    


username               gan  cost

DMIREQ               35725  3091


cost  organization

9990  TYMSHARE CONSOLIDATED            
1000  TYMSHARE CONSOLIDATED            
1531  ISG BLUE SECTOR                  
1302  INF. NETWORK SVCS GROUP CONS     
1310  INFORMATION NETWORK SVCS DIV     
1367  GOVERNMENT SERVICES CONS         
1350  NATIONAL GOVERNMENT AREA         
3109  NATIONAL GOVERNMENT HOUSE        


username               gan  cost

YORKS                14717  3109
CHERIE                   3  3109
CWU                  23707  3109
FCM                  11020  3109
GORDON               23707  3109
JANAN                23707  3109
SCHARF               23707  3109
SORRELL              11020  3109
SSUTIL               11447  3109
SYSMAINT                 3  3109


cost  organization

9990  TYMSHARE CONSOLIDATED            
1000  TYMSHARE CONSOLIDATED            
1531  ISG BLUE SECTOR                  
1302  INF. NETWORK SVCS GROUP CONS     
1310  INFORMATION NETWORK SVCS DIV     
3142  INFO SERVICES DIV HEADQUARTERS   


username               gan  cost

CC                      13  3142


cost  organization

9990  TYMSHARE CONSOLIDATED            
1000  TYMSHARE CONSOLIDATED            
1531  ISG BLUE SECTOR                  
1302  INF. NETWORK SVCS GROUP CONS     
1310  INFORMATION NETWORK SVCS DIV     
1308  INSD MARKETING CONSOLIDATED      
1311  MARKETING DEVELOPMENT            
3143  IAP MARKETING                    


username               gan  cost

X22113               11011  3143


cost  organization

9990  TYMSHARE CONSOLIDATED            
1000  TYMSHARE CONSOLIDATED            
1531  ISG BLUE SECTOR                  
1302  INF. NETWORK SVCS GROUP CONS     
1310  INFORMATION NETWORK SVCS DIV     
1312  INT SYS DEV & SVCS CONS          
1352  SUPPORT SERVICES CONS            
3144  TECHNOLOGY SERVICES              


username               gan  cost

EADAMS               34776  3144
ETULK                35676  3144
GMASTERS             11011  3144
INSDCOM              11011  3144
RKLUTE               11011  3144


cost  organization

9990  TYMSHARE CONSOLIDATED            
1000  TYMSHARE CONSOLIDATED            
1531  ISG BLUE SECTOR                  
1302  INF. NETWORK SVCS GROUP CONS     
1310  INFORMATION NETWORK SVCS DIV     
1312  INT SYS DEV & SVCS CONS          
1345  INTEGRATED DEVELOPMENT SVCS CONS 
3151  DATA BASE ADMINISTRATION INSD    


username               gan  cost

CMSSUP               11011  3151
PGJCOG               11011  3151
INSDGSS1             11011  3151
ISINSTALL            11011  3151


cost  organization

9990  TYMSHARE CONSOLIDATED            
1000  TYMSHARE CONSOLIDATED            
1531  ISG BLUE SECTOR                  
1302  INF. NETWORK SVCS GROUP CONS     
1310  INFORMATION NETWORK SVCS DIV     
1312  INT SYS DEV & SVCS CONS          
1345  INTEGRATED DEVELOPMENT SVCS CONS 
3250  ISDS PRODUCT DEVELOPMENT         


username               gan  cost

MICRO                11011  3250
PWSLIB               11011  3250
BATES                11011  3250


cost  organization

9990  TYMSHARE CONSOLIDATED            
1000  TYMSHARE CONSOLIDATED            
1530  ISG GOLD SECTOR                  
1230  NETWORK SYSTEMS GROUP            
1260  NETWORK CONSOLIDATED             
1267  TYMNET MARKETING DIVISION        
1276  TYMNET PRODUCT MARKETING         
3401  TYMNET MARKETING COMMUNICATIONS  


username               gan  cost

MARCOMM              21477  3401


cost  organization

9990  TYMSHARE CONSOLIDATED            
1000  TYMSHARE CONSOLIDATED            
1530  ISG GOLD SECTOR                  
1230  NETWORK SYSTEMS GROUP            
1260  NETWORK CONSOLIDATED             
1267  TYMNET MARKETING DIVISION        
1276  TYMNET PRODUCT MARKETING         
3403  INDUSTRY MARKETING               


username               gan  cost

JWAGNER              11334  3403


cost  organization

9990  TYMSHARE CONSOLIDATED            
1000  TYMSHARE CONSOLIDATED            
1530  ISG GOLD SECTOR                  
1230  NETWORK SYSTEMS GROUP            
1260  NETWORK CONSOLIDATED             
1273  INTERNAL MARKETING/SUPP CONS     
3406  INTERNAL SUPPORT                 


username               gan  cost

DBTS                 32120  3406


cost  organization

9990  TYMSHARE CONSOLIDATED            
1000  TYMSHARE CONSOLIDATED            
1530  ISG GOLD SECTOR                  
1230  NETWORK SYSTEMS GROUP            
1260  NETWORK CONSOLIDATED             
1275  TYMNET SALES DIVISION            
1269  TYMNET INTERNATIONAL CONSOL      
3414  INT'L NETWORK SYSTEMS            


username               gan  cost

APLATT               44266  3414


cost  organization

9990  TYMSHARE CONSOLIDATED            
1000  TYMSHARE CONSOLIDATED            
1530  ISG GOLD SECTOR                  
1230  NETWORK SYSTEMS GROUP            
1260  NETWORK CONSOLIDATED             
1267  TYMNET MARKETING DIVISION        
1281  NETWORK SYSTEMS MARKETING        
3415  HQ - NETWORK SYSTEMS MARKETING   


username               gan  cost

TNSCDOC              27514  3415
TNSCMKTG             27514  3415
DAULTON              21477  3415
DB228                32120  3415
JEFSEY               27514  3415
00083                27514  3415
RTREHIN              27514  3415
RUDMAN               27514  3415
SIRTI                27514  3415


cost  organization

9990  TYMSHARE CONSOLIDATED            
1000  TYMSHARE CONSOLIDATED            
1530  ISG GOLD SECTOR                  
1230  NETWORK SYSTEMS GROUP            
1260  NETWORK CONSOLIDATED             
1275  TYMNET SALES DIVISION            
1269  TYMNET INTERNATIONAL CONSOL      
1381  INTERNATIONAL PUBLIC NET SERVICES
3416  INTERNATIONAL PUBLIC NET SALES   


username               gan  cost

NWILLIAMS            21475  3416
RFMC                 21475  3416
INTLACCTG            21477  3416


cost  organization

9990  TYMSHARE CONSOLIDATED            
1000  TYMSHARE CONSOLIDATED            
1530  ISG GOLD SECTOR                  
1508  INTERNATIONAL DIV CONSOLIDATION  
1380  PACIFIC INTL CONSOLIDATED        
3417  INTERNATIONAL CUSTOM NET-SALES   


username               gan  cost

DB132                32120  3417
NSCNET               23036  3417


cost  organization

9990  TYMSHARE CONSOLIDATED            
1000  TYMSHARE CONSOLIDATED            
1530  ISG GOLD SECTOR                  
1508  INTERNATIONAL DIV CONSOLIDATION  
1380  PACIFIC INTL CONSOLIDATED        
3418  INTERNATIONAL C-NET TECH SUPPORT 


username               gan  cost

MATTHEWS             21477  3418


cost  organization

9990  TYMSHARE CONSOLIDATED            
1000  TYMSHARE CONSOLIDATED            
1530  ISG GOLD SECTOR                  
1230  NETWORK SYSTEMS GROUP            
1260  NETWORK CONSOLIDATED             
1275  TYMNET SALES DIVISION            
1279  DOMESTIC TYMNET SALES            
1270  WESTERN REGION CONSOLIDATED      
3422  SOUTHWEST DISTRICT               


username               gan  cost

SWATS                27700  3422


cost  organization

9990  TYMSHARE CONSOLIDATED            
1000  TYMSHARE CONSOLIDATED            
1530  ISG GOLD SECTOR                  
1230  NETWORK SYSTEMS GROUP            
1260  NETWORK CONSOLIDATED             
1275  TYMNET SALES DIVISION            
1279  DOMESTIC TYMNET SALES            
1270  WESTERN REGION CONSOLIDATED      
3425  WESTERN REG CUSTOM NET MARKETING 


username               gan  cost

DBWTS                32120  3425
DB130                32120  3425
DB131                32120  3425
BREZELL              21476  3425


cost  organization

9990  TYMSHARE CONSOLIDATED            
1000  TYMSHARE CONSOLIDATED            
1530  ISG GOLD SECTOR                  
1230  NETWORK SYSTEMS GROUP            
1260  NETWORK CONSOLIDATED             
1275  TYMNET SALES DIVISION            
1279  DOMESTIC TYMNET SALES            
1280  CENTRAL REGION CONSOLIDATED      
3433  SOUTH CENTRAL DISTRICT           


username               gan  cost

MIDCENTRAL           21477  3433


cost  organization

9990  TYMSHARE CONSOLIDATED            
1000  TYMSHARE CONSOLIDATED            
1530  ISG GOLD SECTOR                  
1230  NETWORK SYSTEMS GROUP            
1260  NETWORK CONSOLIDATED             
1275  TYMNET SALES DIVISION            
1279  DOMESTIC TYMNET SALES            
1287  MID-ATLANTIC/FEDERAL REGION CONS 
3438  MID-ATLANTIC DISTRICT            


username               gan  cost

EASTLINE             21472  3438


cost  organization

9990  TYMSHARE CONSOLIDATED            
1000  TYMSHARE CONSOLIDATED            
1530  ISG GOLD SECTOR                  
1230  NETWORK SYSTEMS GROUP            
1260  NETWORK CONSOLIDATED             
1275  TYMNET SALES DIVISION            
1279  DOMESTIC TYMNET SALES            
1287  MID-ATLANTIC/FEDERAL REGION CONS 
3439  FEDERAL DISTRICT                 


username               gan  cost

CHRISM               21476  3439
DB225                32120  3439


cost  organization

9990  TYMSHARE CONSOLIDATED            
1000  TYMSHARE CONSOLIDATED            
1530  ISG GOLD SECTOR                  
1230  NETWORK SYSTEMS GROUP            
1260  NETWORK CONSOLIDATED             
1275  TYMNET SALES DIVISION            
1279  DOMESTIC TYMNET SALES            
1285  EASTERN REGION CONSOLIDATED      
3440  HEADQUARTERS EASTERN REGION      


username               gan  cost

EASTPNET             21477  3440


cost  organization

9990  TYMSHARE CONSOLIDATED            
1000  TYMSHARE CONSOLIDATED            
1530  ISG GOLD SECTOR                  
1230  NETWORK SYSTEMS GROUP            
1260  NETWORK CONSOLIDATED             
1275  TYMNET SALES DIVISION            
1279  DOMESTIC TYMNET SALES            
1287  MID-ATLANTIC/FEDERAL REGION CONS 
3441  DUPONT PROJECT DISTRICT          


username               gan  cost

DGAETANI             21477  3441
DB220                32120  3441


cost  organization

9990  TYMSHARE CONSOLIDATED            
1000  TYMSHARE CONSOLIDATED            
1530  ISG GOLD SECTOR                  
1230  NETWORK SYSTEMS GROUP            
1260  NETWORK CONSOLIDATED             
1275  TYMNET SALES DIVISION            
1279  DOMESTIC TYMNET SALES            
1285  EASTERN REGION CONSOLIDATED      
3442  CONNECTICUT DISTRICT             


username               gan  cost

SOMERVIL             10056  3442


cost  organization

9990  TYMSHARE CONSOLIDATED            
1000  TYMSHARE CONSOLIDATED            
1530  ISG GOLD SECTOR                  
1230  NETWORK SYSTEMS GROUP            
1260  NETWORK CONSOLIDATED             
1275  TYMNET SALES DIVISION            
1279  DOMESTIC TYMNET SALES            
1285  EASTERN REGION CONSOLIDATED      
3444  NEW JERSEY DISTRICT              


username               gan  cost

DIST216              21477  3444


cost  organization

9990  TYMSHARE CONSOLIDATED            
1000  TYMSHARE CONSOLIDATED            
1530  ISG GOLD SECTOR                  
1230  NETWORK SYSTEMS GROUP            
1260  NETWORK CONSOLIDATED             
1275  TYMNET SALES DIVISION            
1279  DOMESTIC TYMNET SALES            
1283  NORTHEAST REGION CONSOLIDATED    
3446  NEW ENGLAND DISTRICT             


username               gan  cost

JMORSE               44060  3446


cost  organization

9990  TYMSHARE CONSOLIDATED            
1000  TYMSHARE CONSOLIDATED            
1530  ISG GOLD SECTOR                  
1230  NETWORK SYSTEMS GROUP            
1260  NETWORK CONSOLIDATED             
1275  TYMNET SALES DIVISION            
1279  DOMESTIC TYMNET SALES            
1287  MID-ATLANTIC/FEDERAL REGION CONS 
3447  MID/FED REG C-NET MARKETING      


username               gan  cost

GKASHER              44062  3447


cost  organization

9990  TYMSHARE CONSOLIDATED            
1000  TYMSHARE CONSOLIDATED            
1530  ISG GOLD SECTOR                  
1230  NETWORK SYSTEMS GROUP            
1260  NETWORK CONSOLIDATED             
1275  TYMNET SALES DIVISION            
1279  DOMESTIC TYMNET SALES            
1283  NORTHEAST REGION CONSOLIDATED    
3450  NORTHEAST REG C-NET MARKETING    


username               gan  cost

NEPNET               21477  3450
DPELSUE              21477  3450
TCUPAL               21477  3450


cost  organization

9990  TYMSHARE CONSOLIDATED            
1000  TYMSHARE CONSOLIDATED            
1530  ISG GOLD SECTOR                  
1230  NETWORK SYSTEMS GROUP            
1260  NETWORK CONSOLIDATED             
1267  TYMNET MARKETING DIVISION        
1281  NETWORK SYSTEMS MARKETING        
3452  MARKETING PROGRAMS & SALES SUPPOR


username               gan  cost

MARKMCW              21477  3452
DBPNETS              32120  3452
NGREGORY             21476  3452
JMESSINA             21477  3452
STOY                 11334  3452


cost  organization

9990  TYMSHARE CONSOLIDATED            
1000  TYMSHARE CONSOLIDATED            
1530  ISG GOLD SECTOR                  
1230  NETWORK SYSTEMS GROUP            
1260  NETWORK CONSOLIDATED             
1267  TYMNET MARKETING DIVISION        
1276  TYMNET PRODUCT MARKETING         
3453  PUBLIC NETWORK PRODUCT MARKETING 


username               gan  cost

DBMKTG               32120  3453
NSJENKS              21477  3453
PUBNET               21476  3453


cost  organization

9990  TYMSHARE CONSOLIDATED            
1000  TYMSHARE CONSOLIDATED            
1530  ISG GOLD SECTOR                  
1230  NETWORK SYSTEMS GROUP            
1260  NETWORK CONSOLIDATED             
1275  TYMNET SALES DIVISION            
1279  DOMESTIC TYMNET SALES            
1283  NORTHEAST REGION CONSOLIDATED    
3454  HEADQUARTERS NORTHEAST REGION    


username               gan  cost

JBRENNAN             21477  3454


cost  organization

9990  TYMSHARE CONSOLIDATED            
1000  TYMSHARE CONSOLIDATED            
1530  ISG GOLD SECTOR                  
1230  NETWORK SYSTEMS GROUP            
1260  NETWORK CONSOLIDATED             
1267  TYMNET MARKETING DIVISION        
1292  NETWORK SYSTEMS SUPPORT          
3456  TECHNICAL SYSTEMS SUPPORT        


username               gan  cost

DZISA                21476  3456
TMYLES               21476  3456
WHONG                21476  3456
CHENC                21476  3456
QSMITH               21476  3456
ADAZZI               21476  3456
BSTALING             21476  3456
BONSTOTT             21476  3456
SVOTH                21476  3456


cost  organization

9990  TYMSHARE CONSOLIDATED            
1000  TYMSHARE CONSOLIDATED            
1530  ISG GOLD SECTOR                  
1230  NETWORK SYSTEMS GROUP            
1260  NETWORK CONSOLIDATED             
1267  TYMNET MARKETING DIVISION        
1292  NETWORK SYSTEMS SUPPORT          
3457  SOFTWARE TECHNICAL SERVICES      


username               gan  cost

DLEE                 21476  3457
TSUIS                21476  3457
WALKERG              21476  3457
DBHQTECH             32120  3457
ISISFILES            21476  3457
JHSIEH               44047  3457


cost  organization

9990  TYMSHARE CONSOLIDATED            
1000  TYMSHARE CONSOLIDATED            
1530  ISG GOLD SECTOR                  
1230  NETWORK SYSTEMS GROUP            
1260  NETWORK CONSOLIDATED             
1267  TYMNET MARKETING DIVISION        
1292  NETWORK SYSTEMS SUPPORT          
3458  TRAINING & EDUCATION             


username               gan  cost

MAINTDIAG            11020  3458
MALAVI               11020  3458
MORIARTY             11020  3458
MARACT               11020  3458
DIAGQA               11020  3458
DMACOMB              11020  3458
DNOLLEY              11020  3458
DMILLER              11020  3458
ENFESEC              11020  3458
DREID                11020  3458
FACILITIES           11020  3458
TRAINLAB             11020  3458
WAGNERD              11020  3458
TRAINSEC             11020  3458
TYMDATA              11020  3458
WNFESEC              11020  3458
VARDIAG              11020  3458
CORTEZ               11020  3458
CWDIAG               11020  3458
DAUGHTJ              11020  3458
NTSDEMO              11020  3458
PATTIMCD             11020  3458
RICHARDS             11020  3458
RISDIAG              11020  3458
PMORSE               11020  3458
GKING                11020  3458
JMARTELL             11020  3458
HAGERL               11020  3458
KDCDIAG              11020  3458
JNEAL                11020  3458
JOHNSOND             11020  3458
GWALPOLE             11020  3458
ARELLA               11020  3458
BNOLLEY              11020  3458
AYARS                11020  3458
CESDOC               11020  3458
BOURDEAU             11020  3458
RVIVIER              11020  3458
TECHTRAIN            11020  3458
SNAVELYJ             11020  3458
TECHLIB              11020  3458
SLATERK              11020  3458


cost  organization

9990  TYMSHARE CONSOLIDATED            
1000  TYMSHARE CONSOLIDATED            
1530  ISG GOLD SECTOR                  
1230  NETWORK SYSTEMS GROUP            
1260  NETWORK CONSOLIDATED             
1275  TYMNET SALES DIVISION            
1279  DOMESTIC TYMNET SALES            
1280  CENTRAL REGION CONSOLIDATED      
3460  CENTRAL REGION PROJECT MANAGEMENT


username               gan  cost

PROJMGT              44054  3460


cost  organization

9990  TYMSHARE CONSOLIDATED            
1000  TYMSHARE CONSOLIDATED            
1530  ISG GOLD SECTOR                  
1230  NETWORK SYSTEMS GROUP            
1260  NETWORK CONSOLIDATED             
1275  TYMNET SALES DIVISION            
1279  DOMESTIC TYMNET SALES            
1287  MID-ATLANTIC/FEDERAL REGION CONS 
3464  MID-ATLANTIC PROJECT MANAGEMENT  


username               gan  cost

RAFALA               21477  3464
INSCODE              21477  3464
INSNET               46251  3464
JAKOBITZ             44062  3464


cost  organization

9990  TYMSHARE CONSOLIDATED            
1000  TYMSHARE CONSOLIDATED            
1530  ISG GOLD SECTOR                  
1400  ADVANCED PRODUCTS DEV. CUPERTINO 
1432  ADV PROD DEV-SYSTEM PRODUCTS     
1410  MAGNUM SYSTEMS CONSOLIDATED      
4002  MAGNUM SYSTEMS HDQTRS            


username               gan  cost

MAGNUM                   7  4002
MIDAS                    7  4002
FSIEGEL                  7  4002


cost  organization

9990  TYMSHARE CONSOLIDATED            
1000  TYMSHARE CONSOLIDATED            
1530  ISG GOLD SECTOR                  
1201  FIELD SERVICE COMPANY            
1430  TECHNICAL SUPPORT FSC-CONS       
4011  SYSTEMS DEVELOPMENT SECTION      


username               gan  cost

MAIL                     3  4011
MCH                      3  4011
MPL                      3  4011
MONDOC                   3  4011
DENCOFF                  3  4011
F40                      3  4011
FLETCHERC                3  4011
FRENCH                   3  4011
DOCAIL                   3  4011
FTSYS                    1  4011
TNXAIL                   3  4011
YEUX                     3  4011
TYMGRIPE                 3  4011
XAIL                     3  4011
XCONSULT                 3  4011
YAMM                     3  4011
VUE                      3  4011
TSUCOOP                  3  4011
COBOLQA                  3  4011
OSMAN                    3  4011
OSU                      3  4011
PEARLS               23707  4011
OSNF                     3  4011
SAIL                     3  4011
SAILIB                   3  4011
SAILTEST                 3  4011
SALLY                    3  4011
PUB                      3  4011
HELGEM                   3  4011
INFO                     3  4011
JAIL                     3  4011
LINK10                   3  4011
KEN                      3  4011
JMS                      3  4011
M33                      3  4011
BAIGENT              14717  4011
BSTRONG              14717  4011
CARL                     3  4011
BRING                14717  4011
SPL                      3  4011
TBAFTDEB                 3  4011
SSPERP               11447  4011
SSPRINT              11447  4011
SPPARCH                  3  4011
SPUNKTEST                3  4011
SPPOPER                  3  4011


cost  organization

9990  TYMSHARE CONSOLIDATED            
1000  TYMSHARE CONSOLIDATED            
1530  ISG GOLD SECTOR                  
1230  NETWORK SYSTEMS GROUP            
1415  NETWORK APPLICATIONS DIVISION CON
1414  NETWORK APPLICATIONS DIVISION    
4016  NAD OPERATIONS                   


username               gan  cost

MATS                 13107  4016
TTMSISIS2            13107  4016
TTMSTS               13107  4016
SPINALE              13107  4016


cost  organization

9990  TYMSHARE CONSOLIDATED            
1000  TYMSHARE CONSOLIDATED            
1530  ISG GOLD SECTOR                  
1230  NETWORK SYSTEMS GROUP            
1415  NETWORK APPLICATIONS DIVISION CON
1414  NETWORK APPLICATIONS DIVISION    
4018  NAD CUSTOMER SUPPORT             


username               gan  cost

STIER                13107  4018


cost  organization

9990  TYMSHARE CONSOLIDATED            
1000  TYMSHARE CONSOLIDATED            
1530  ISG GOLD SECTOR                  
1230  NETWORK SYSTEMS GROUP            
1415  NETWORK APPLICATIONS DIVISION CON
1414  NETWORK APPLICATIONS DIVISION    
4021  NAD DEVELOPMENT                  


username               gan  cost

MLEWIS               13107  4021
GAUCI                13107  4021
SPEX                 13107  4021
SYNCMAG              13107  4021


cost  organization

9990  TYMSHARE CONSOLIDATED            
1000  TYMSHARE CONSOLIDATED            
1530  ISG GOLD SECTOR                  
1230  NETWORK SYSTEMS GROUP            
1415  NETWORK APPLICATIONS DIVISION CON
4022  RESERVATION ACCESS SYSTEM        


username               gan  cost

PARSTW               27245  4022


cost  organization

9990  TYMSHARE CONSOLIDATED            
1000  TYMSHARE CONSOLIDATED            
1530  ISG GOLD SECTOR                  
1230  NETWORK SYSTEMS GROUP            
1415  NETWORK APPLICATIONS DIVISION CON
4030  NAD ADMINISTRATION               


username               gan  cost

TTMSBUBB             13107  4030


cost  organization

9990  TYMSHARE CONSOLIDATED            
1000  TYMSHARE CONSOLIDATED            
1530  ISG GOLD SECTOR                  
1230  NETWORK SYSTEMS GROUP            
1220  NETWORK TECHNOLOGY DIVISION      
1407  NETWORK SYSTEMS DEVELOPMENT CONS 
1419  STANDARD SYSTEMS CONSOLIDATED    
4033  3270 INTERFACE                   


username               gan  cost

CMTI                 11334  4033
JSOUNG               11334  4033
BECHLYT              11334  4033


cost  organization

9990  TYMSHARE CONSOLIDATED            
1000  TYMSHARE CONSOLIDATED            
1530  ISG GOLD SECTOR                  
1230  NETWORK SYSTEMS GROUP            
1220  NETWORK TECHNOLOGY DIVISION      
1407  NETWORK SYSTEMS DEVELOPMENT CONS 
1417  NETWORK ARCHITECTURE CONSOLIDATED
4034  NETWORK ARCHITECTURE             


username               gan  cost

MATOKA                   3  4034
DCHANG               11334  4034
OSERANG              11334  4034


cost  organization

9990  TYMSHARE CONSOLIDATED            
1000  TYMSHARE CONSOLIDATED            
1530  ISG GOLD SECTOR                  
1230  NETWORK SYSTEMS GROUP            
1220  NETWORK TECHNOLOGY DIVISION      
1408  NETWORK APPLICATIONS CONS        
1420  NETWORK DOCUMENTATION CONS.      
4035  SOFTWARE DOCUMENTATION           


username               gan  cost

MALUBINA             11334  4035


cost  organization

9990  TYMSHARE CONSOLIDATED            
1000  TYMSHARE CONSOLIDATED            
1530  ISG GOLD SECTOR                  
1230  NETWORK SYSTEMS GROUP            
1220  NETWORK TECHNOLOGY DIVISION      
1407  NETWORK SYSTEMS DEVELOPMENT CONS 
4038  NETWORK CALIBRATION              


username               gan  cost

CRAY                 11334  4038
JONAS                11334  4038


cost  organization

9990  TYMSHARE CONSOLIDATED            
1000  TYMSHARE CONSOLIDATED            
1530  ISG GOLD SECTOR                  
1230  NETWORK SYSTEMS GROUP            
1220  NETWORK TECHNOLOGY DIVISION      
1407  NETWORK SYSTEMS DEVELOPMENT CONS 
1419  STANDARD SYSTEMS CONSOLIDATED    
4039  ISIS DEVELOPMENT                 


username               gan  cost

MBERGER              11334  4039
RGFOX                11334  4039
RWS                  11334  4039
LSHERMAN             11334  4039
SMITHDE              11334  4039


cost  organization

9990  TYMSHARE CONSOLIDATED            
1000  TYMSHARE CONSOLIDATED            
1530  ISG GOLD SECTOR                  
1230  NETWORK SYSTEMS GROUP            
1220  NETWORK TECHNOLOGY DIVISION      
1426  CONSULTING & SUPPORT SERVICES    
1427  QA & SOFTWARE DISTRIBUTION CONS  
4040  BUBBNET                          


username               gan  cost

SANDYMF              11334  4040
KALENDA              11334  4040


cost  organization

9990  TYMSHARE CONSOLIDATED            
1000  TYMSHARE CONSOLIDATED            
1530  ISG GOLD SECTOR                  
1230  NETWORK SYSTEMS GROUP            
1220  NETWORK TECHNOLOGY DIVISION      
4041  NTD PLANNING & ANALYSIS          


username               gan  cost

MIKELU               21477  4041
VKRLEE               21477  4041
JJOELS               11334  4041
ANALYSIS             21477  4041
AVINASH              11334  4041
CHUNGLAM             21477  4041
SHARMA               21476  4041


cost  organization

9990  TYMSHARE CONSOLIDATED            
1000  TYMSHARE CONSOLIDATED            
1530  ISG GOLD SECTOR                  
1230  NETWORK SYSTEMS GROUP            
1220  NETWORK TECHNOLOGY DIVISION      
1408  NETWORK APPLICATIONS CONS        
1422  MESSAGE SWITCH CONSOLIDATED      
4042  ONTYME DEVELOPMENT               


username               gan  cost

OSIRIS               24261  4042
OSIRIS1              11334  4042
SCHRAMM              11334  4042
SLLDCAIN             11334  4042


cost  organization

9990  TYMSHARE CONSOLIDATED            
1000  TYMSHARE CONSOLIDATED            
1530  ISG GOLD SECTOR                  
1230  NETWORK SYSTEMS GROUP            
1220  NETWORK TECHNOLOGY DIVISION      
1408  NETWORK APPLICATIONS CONS        
1424  NETWORK MANAGEMENT TOOLS CONS    
4044  OPERATION TOOLS                  


username               gan  cost

PATROL               11334  4044
RAFFO                11334  4044
ROLAND               11447  4044
ROLANDK              11334  4044
HUEYMA               11334  4044


cost  organization

9990  TYMSHARE CONSOLIDATED            
1000  TYMSHARE CONSOLIDATED            
1530  ISG GOLD SECTOR                  
1230  NETWORK SYSTEMS GROUP            
1220  NETWORK TECHNOLOGY DIVISION      
1408  NETWORK APPLICATIONS CONS        
1423  DEVELOPMENT TOOLS CONSOLIDATED   
4045  LANGUAGES                        


username               gan  cost

MSHEN                11334  4045
NAD                  11334  4045
EPASCAL              24261  4045
EPASCAL1             11334  4045


cost  organization

9990  TYMSHARE CONSOLIDATED            
1000  TYMSHARE CONSOLIDATED            
1530  ISG GOLD SECTOR                  
1230  NETWORK SYSTEMS GROUP            
1220  NETWORK TECHNOLOGY DIVISION      
1426  CONSULTING & SUPPORT SERVICES    
1427  QA & SOFTWARE DISTRIBUTION CONS  
4047  TECHNICAL LIBRARY                


username               gan  cost

NTDLIBRARY           11334  4047
LIBRARY1             11334  4047


cost  organization

9990  TYMSHARE CONSOLIDATED            
1000  TYMSHARE CONSOLIDATED            
1530  ISG GOLD SECTOR                  
1400  ADVANCED PRODUCTS DEV. CUPERTINO 
1434  ADV PROD DEV - APPLICATIONS PRODU
1409  TELEPUBLISHING SYSTEMS DIV CONS  
4071  TELEDISTRIBUTION MARKETING       


username               gan  cost

NASON                10551  4071
INDIAL2              34776  4071


cost  organization

9990  TYMSHARE CONSOLIDATED            
1000  TYMSHARE CONSOLIDATED            
1530  ISG GOLD SECTOR                  
1230  NETWORK SYSTEMS GROUP            
1260  NETWORK CONSOLIDATED             
1275  TYMNET SALES DIVISION            
1279  DOMESTIC TYMNET SALES            
1287  MID-ATLANTIC/FEDERAL REGION CONS 
4095  MID/FED REG P-NET TECH SUPPORT   


username               gan  cost

EWELSH               44062  4095


cost  organization

9990  TYMSHARE CONSOLIDATED            
1000  TYMSHARE CONSOLIDATED            
1530  ISG GOLD SECTOR                  
1230  NETWORK SYSTEMS GROUP            
1260  NETWORK CONSOLIDATED             
1275  TYMNET SALES DIVISION            
1279  DOMESTIC TYMNET SALES            
4096  TYMNET NATIONAL CUSTOMER SUPPORT 


username               gan  cost

STARKSG              47233  4096


cost  organization

9990  TYMSHARE CONSOLIDATED            
1000  TYMSHARE CONSOLIDATED            
1530  ISG GOLD SECTOR                  
1230  NETWORK SYSTEMS GROUP            
1260  NETWORK CONSOLIDATED             
1275  TYMNET SALES DIVISION            
1269  TYMNET INTERNATIONAL CONSOL      
1381  INTERNATIONAL PUBLIC NET SERVICES
4099  INTERNATIONAL P-NET TECH SUPPORT 


username               gan  cost

CONSULTING           21477  4099


cost  organization

9990  TYMSHARE CONSOLIDATED            
1000  TYMSHARE CONSOLIDATED            
1530  ISG GOLD SECTOR                  
1230  NETWORK SYSTEMS GROUP            
1260  NETWORK CONSOLIDATED             
1275  TYMNET SALES DIVISION            
1279  DOMESTIC TYMNET SALES            
1285  EASTERN REGION CONSOLIDATED      
4100  EASTERN REG P-NET TECH SUPPORT   


username               gan  cost

TSAMPSON             44061  4100
ADPCODE              44061  4100
BTHOMSON             21476  4100


cost  organization

9990  TYMSHARE CONSOLIDATED            
1000  TYMSHARE CONSOLIDATED            
1530  ISG GOLD SECTOR                  
1230  NETWORK SYSTEMS GROUP            
1260  NETWORK CONSOLIDATED             
1275  TYMNET SALES DIVISION            
1279  DOMESTIC TYMNET SALES            
1285  EASTERN REGION CONSOLIDATED      
4101  EASTERN REG C-NET TECH SUPPORT   


username               gan  cost

ENSS                 21477  4101
CIDNCODE             21476  4101


cost  organization

9990  TYMSHARE CONSOLIDATED            
1000  TYMSHARE CONSOLIDATED            
1530  ISG GOLD SECTOR                  
1230  NETWORK SYSTEMS GROUP            
1260  NETWORK CONSOLIDATED             
1275  TYMNET SALES DIVISION            
1279  DOMESTIC TYMNET SALES            
1280  CENTRAL REGION CONSOLIDATED      
4102  CENTRAL REG P-NET TECH SUPPORT   


username               gan  cost

DRAY                 44054  4102
DUNLEVYM             44054  4102
DBCTS                32120  4102
PDUNLEVY             44054  4102
RHOWLAND             21477  4102
AKRONE               44054  4102


cost  organization

9990  TYMSHARE CONSOLIDATED            
1000  TYMSHARE CONSOLIDATED            
1530  ISG GOLD SECTOR                  
1230  NETWORK SYSTEMS GROUP            
1260  NETWORK CONSOLIDATED             
1275  TYMNET SALES DIVISION            
1279  DOMESTIC TYMNET SALES            
1287  MID-ATLANTIC/FEDERAL REGION CONS 
4104  MID/FED REG C-NET TECH SUPPORT   


username               gan  cost

VATECH               44062  4104


cost  organization

9990  TYMSHARE CONSOLIDATED            
1000  TYMSHARE CONSOLIDATED            
1530  ISG GOLD SECTOR                  
1230  NETWORK SYSTEMS GROUP            
1260  NETWORK CONSOLIDATED             
1275  TYMNET SALES DIVISION            
1279  DOMESTIC TYMNET SALES            
1283  NORTHEAST REGION CONSOLIDATED    
4106  NORTHEAST REG P-NET TECH SUPPORT 


username               gan  cost

DGAUVIN              44060  4106
WRONSTADT            44060  4106
SWARTZM              44060  4106


cost  organization

9990  TYMSHARE CONSOLIDATED            
1000  TYMSHARE CONSOLIDATED            
1530  ISG GOLD SECTOR                  
1230  NETWORK SYSTEMS GROUP            
1220  NETWORK TECHNOLOGY DIVISION      
1407  NETWORK SYSTEMS DEVELOPMENT CONS 
1417  NETWORK ARCHITECTURE CONSOLIDATED
4115  NODE CODE DEVELOPMENT            


username               gan  cost

SHSU                 11334  4115
SHWONG               11334  4115
TIIDEV               11334  4115


cost  organization

9990  TYMSHARE CONSOLIDATED            
1000  TYMSHARE CONSOLIDATED            
1530  ISG GOLD SECTOR                  
1230  NETWORK SYSTEMS GROUP            
1220  NETWORK TECHNOLOGY DIVISION      
1407  NETWORK SYSTEMS DEVELOPMENT CONS 
1418  FIRMWARE & DIAGNOSTIC CONSOLIDATE
4117  DIAGNOSTIC DEVELOPMENT           


username               gan  cost

FRANKWU              11334  4117
GRANVOLD             11334  4117
DAVARJ               11334  4117
PMANLEY              11334  4117
CCHANG               11334  4117


cost  organization

9990  TYMSHARE CONSOLIDATED            
1000  TYMSHARE CONSOLIDATED            
1530  ISG GOLD SECTOR                  
1230  NETWORK SYSTEMS GROUP            
1220  NETWORK TECHNOLOGY DIVISION      
1407  NETWORK SYSTEMS DEVELOPMENT CONS 
1419  STANDARD SYSTEMS CONSOLIDATED    
4118  ASYNC INTERFACES                 


username               gan  cost

UPTGROVE             11334  4118


cost  organization

9990  TYMSHARE CONSOLIDATED            
1000  TYMSHARE CONSOLIDATED            
1530  ISG GOLD SECTOR                  
1230  NETWORK SYSTEMS GROUP            
1220  NETWORK TECHNOLOGY DIVISION      
1407  NETWORK SYSTEMS DEVELOPMENT CONS 
4119  NETWORK SYSTEMS & ARCHITECTURE   


username               gan  cost

DLASATER             11334  4119
WRS                      3  4119
KOPFJ                11334  4119


cost  organization

9990  TYMSHARE CONSOLIDATED            
1000  TYMSHARE CONSOLIDATED            
1530  ISG GOLD SECTOR                  
1230  NETWORK SYSTEMS GROUP            
1220  NETWORK TECHNOLOGY DIVISION      
1408  NETWORK APPLICATIONS CONS        
1421  INTERFACE DEVELOPMENT CONSOLIDATE
4122  SNA/SDLC                         


username               gan  cost

TWANG                11334  4122
ACHAO                11334  4122
BONDAD               11334  4122


cost  organization

9990  TYMSHARE CONSOLIDATED            
1000  TYMSHARE CONSOLIDATED            
1530  ISG GOLD SECTOR                  
1230  NETWORK SYSTEMS GROUP            
1220  NETWORK TECHNOLOGY DIVISION      
1408  NETWORK APPLICATIONS CONS        
1421  INTERFACE DEVELOPMENT CONSOLIDATE
4123  BISYNC INTERFACES                


username               gan  cost

LAGOLD               11334  4123
LMAURER              11334  4123


cost  organization

9990  TYMSHARE CONSOLIDATED            
1000  TYMSHARE CONSOLIDATED            
1530  ISG GOLD SECTOR                  
1230  NETWORK SYSTEMS GROUP            
1220  NETWORK TECHNOLOGY DIVISION      
1408  NETWORK APPLICATIONS CONS        
1424  NETWORK MANAGEMENT TOOLS CONS    
4127  VALIDATION SYSTEMS               


username               gan  cost

VALIDATE             11447  4127
JMARCIN              11334  4127
BURRIESCIN           11447  4127


cost  organization

9990  TYMSHARE CONSOLIDATED            
1000  TYMSHARE CONSOLIDATED            
1530  ISG GOLD SECTOR                  
1230  NETWORK SYSTEMS GROUP            
1220  NETWORK TECHNOLOGY DIVISION      
1408  NETWORK APPLICATIONS CONS        
1425  X.25/X.75 INTERFACES CONS        
4128  X.25/X.75 DEVELOPMENT            


username               gan  cost

MIDBAK               11334  4128
NETMID               11334  4128
JHSIEH1              11334  4128
JLIOU1               11334  4128


cost  organization

9990  TYMSHARE CONSOLIDATED            
1000  TYMSHARE CONSOLIDATED            
1530  ISG GOLD SECTOR                  
1230  NETWORK SYSTEMS GROUP            
1220  NETWORK TECHNOLOGY DIVISION      
1408  NETWORK APPLICATIONS CONS        
4130  NETWORK SCIENCES                 


username               gan  cost

DRISCOLL             11334  4130
DWEST                22013  4130
STIMACM              11334  4130


cost  organization

9990  TYMSHARE CONSOLIDATED            
1000  TYMSHARE CONSOLIDATED            
1530  ISG GOLD SECTOR                  
1230  NETWORK SYSTEMS GROUP            
1220  NETWORK TECHNOLOGY DIVISION      
1426  CONSULTING & SUPPORT SERVICES    
1427  QA & SOFTWARE DISTRIBUTION CONS  
4131  QUALITY ASSURANCE                


username               gan  cost

MATUCHAD             11334  4131


cost  organization

9990  TYMSHARE CONSOLIDATED            
1000  TYMSHARE CONSOLIDATED            
1530  ISG GOLD SECTOR                  
1230  NETWORK SYSTEMS GROUP            
1220  NETWORK TECHNOLOGY DIVISION      
1426  CONSULTING & SUPPORT SERVICES    
1427  QA & SOFTWARE DISTRIBUTION CONS  
4132  SOFTWARE DISTRIBUTION            


username               gan  cost

NSDADM               11334  4132
NSDSINS              11334  4132
NSDBKUP              11334  4132
NSDLIB               11334  4132
NSDBINS              11334  4132
BETATESTINT          11334  4132
SOURCEINT            11334  4132


cost  organization

9990  TYMSHARE CONSOLIDATED            
1000  TYMSHARE CONSOLIDATED            
1530  ISG GOLD SECTOR                  
1230  NETWORK SYSTEMS GROUP            
1260  NETWORK CONSOLIDATED             
1275  TYMNET SALES DIVISION            
1279  DOMESTIC TYMNET SALES            
1280  CENTRAL REGION CONSOLIDATED      
4136  CENTRAL REG C-NET TECH SUPPORT   


username               gan  cost

WRFSC                21476  4136
CORSO                11334  4136


cost  organization

9990  TYMSHARE CONSOLIDATED            
1000  TYMSHARE CONSOLIDATED            
1530  ISG GOLD SECTOR                  
1230  NETWORK SYSTEMS GROUP            
1260  NETWORK CONSOLIDATED             
1275  TYMNET SALES DIVISION            
1279  DOMESTIC TYMNET SALES            
1283  NORTHEAST REGION CONSOLIDATED    
4137  NORTHEAST REG C-NET TECH SUPPORT 


username               gan  cost

DGOAD                11334  4137


cost  organization

9990  TYMSHARE CONSOLIDATED            
1000  TYMSHARE CONSOLIDATED            
1530  ISG GOLD SECTOR                  
1400  ADVANCED PRODUCTS DEV. CUPERTINO 
1434  ADV PROD DEV - APPLICATIONS PRODU
1413  AUGMENTATION SYSTEMS DIV CONS    
4301  ASD MARKETING                    


username               gan  cost

OASYS                43511  4301


cost  organization

9990  TYMSHARE CONSOLIDATED            
1000  TYMSHARE CONSOLIDATED            
1530  ISG GOLD SECTOR                  
1230  NETWORK SYSTEMS GROUP            
1260  NETWORK CONSOLIDATED             
1267  TYMNET MARKETING DIVISION        
1281  NETWORK SYSTEMS MARKETING        
1450  INTEGRATED NETWORKS              
4503  DTS NETWORK OPERATIONS           


username               gan  cost

DHSMITH              21477  4503


cost  organization

9990  TYMSHARE CONSOLIDATED            
1000  TYMSHARE CONSOLIDATED            
1531  ISG BLUE SECTOR                  
1510  FINANCIAL SERVICES GROUP         
1294  PMTS CONSOLIDATED                
1247  PMTS TECH DIVISION CONS          
1441  PTD POS SUPPORT CONS             
4721  POS TECHNICAL SUPPORT            


username               gan  cost

GCOLES               11334  4721
SEMAR                11334  4721
MADDERRA             11334  4721
STHOMPSON            11334  4721


cost  organization

9990  TYMSHARE CONSOLIDATED            
1000  TYMSHARE CONSOLIDATED            
1531  ISG BLUE SECTOR                  
1510  FINANCIAL SERVICES GROUP         
1294  PMTS CONSOLIDATED                
1247  PMTS TECH DIVISION CONS          
1441  PTD POS SUPPORT CONS             
1256  PTD POS FREMONT SUPPORT CONS     
4722  FREMONT APPLICATIONS PROGRAMMING 


username               gan  cost

SHEPPARDA            30455  4722


cost  organization

9990  TYMSHARE CONSOLIDATED            
1000  TYMSHARE CONSOLIDATED            
1530  ISG GOLD SECTOR                  
1508  INTERNATIONAL DIV CONSOLIDATION  
1513  IOD CONS                         
5003  INTERNATIONAL HEADQUARTERS       


username               gan  cost

INTACT               11010  5003


cost  organization

9990  TYMSHARE CONSOLIDATED            
1000  TYMSHARE CONSOLIDATED            
1530  ISG GOLD SECTOR                  
1508  INTERNATIONAL DIV CONSOLIDATION  
1513  IOD CONS                         
5005  KOKUSAI TYMSHARE                 


username               gan  cost

JCM                  11020  5005


cost  organization

9990  TYMSHARE CONSOLIDATED            
1000  TYMSHARE CONSOLIDATED            
1530  ISG GOLD SECTOR                  
1508  INTERNATIONAL DIV CONSOLIDATION  
1513  IOD CONS                         
5006  CEGI                             


username               gan  cost

FBATCH                   1  5006
CTOPSMGR                 1  5006
PARPRINT              6036  5006
PCM                  11020  5006
PHIL                     1  5006


cost  organization

9990  TYMSHARE CONSOLIDATED            
1000  TYMSHARE CONSOLIDATED            
1530  ISG GOLD SECTOR                  
1508  INTERNATIONAL DIV CONSOLIDATION  
1513  IOD CONS                         
5011  SLIGOS-TYMSHARE                  


username               gan  cost

SLIISIS              30042  5011


cost  organization

9990  TYMSHARE CONSOLIDATED            
1000  TYMSHARE CONSOLIDATED            
1530  ISG GOLD SECTOR                  
1508  INTERNATIONAL DIV CONSOLIDATION  
1513  IOD CONS                         
5019  TNSE USA                         


username               gan  cost

MWALTERS             47256  5019
UKDOC                47256  5019
PMELLET              27514  5019
PRAMS                47256  5019
PWARN                47256  5019
INTYM                27514  5019
BWALLACE             47256  5019
TNSUKM               47256  5019


cost  organization

9990  TYMSHARE CONSOLIDATED            
1000  TYMSHARE CONSOLIDATED            
1530  ISG GOLD SECTOR                  
1500  FINANCE & ADMINISTRATION GROUP   
1502  FINANCE & GENERAL CONS           
1506  M I S DEPARTMENT                 
5027  ADMINISTRATION & DEVEL PROG      


username               gan  cost

MISTAPE                  4  5027
NETDETAIL            21477  5027
DMOULTON                 4  5027
FCANNING                 4  5027
UAS                      4  5027
UIS                      4  5027
DBDDD                32120  5027
DBETS                32120  5027
DBVPSALES            32120  5027
DBPRES               32120  5027
DBEASTSALE           32120  5027
DBEPN                32120  5027
PRODNET              21477  5027
INTLPROGS            21477  5027
KOVACH                   4  5027
ACT10                    4  5027
BOBH                     4  5027
CARRELLA                 4  5027
ACTRTY                   4  5027
SPOOLRM              11016  5027
TESTASB                  4  5027
TESTMNCH                 4  5027


cost  organization

9990  TYMSHARE CONSOLIDATED            
1000  TYMSHARE CONSOLIDATED            
1530  ISG GOLD SECTOR                  
1500  FINANCE & ADMINISTRATION GROUP   
1502  FINANCE & GENERAL CONS           
1506  M I S DEPARTMENT                 
5028  EDP OPERATIONS                   


username               gan  cost

FRANK                    4  5028
RJK                      4  5028
RODRIGUESP               4  5028


cost  organization

9990  TYMSHARE CONSOLIDATED            
1000  TYMSHARE CONSOLIDATED            
1530  ISG GOLD SECTOR                  
1500  FINANCE & ADMINISTRATION GROUP   
1502  FINANCE & GENERAL CONS           
1505  CONTROLLER'S DIVISION            
1514  BILLING/ACCTG SUPPORT CONSOLIDATE
5031  CENTRALIZED BILLING              


username               gan  cost

ACCG1                21477  5031


cost  organization

9990  TYMSHARE CONSOLIDATED            
1000  TYMSHARE CONSOLIDATED            
1530  ISG GOLD SECTOR                  
1500  FINANCE & ADMINISTRATION GROUP   
1502  FINANCE & GENERAL CONS           
1505  CONTROLLER'S DIVISION            
1514  BILLING/ACCTG SUPPORT CONSOLIDATE
5032  ACCOUNTING SUPPORT               


username               gan  cost

NADMRES              10056  5032
TYMRES               10056  5032
DBACCNTRL            32120  5032
LYNASK               21477  5032
STAFFORD             21477  5032


cost  organization

9990  TYMSHARE CONSOLIDATED            
1000  TYMSHARE CONSOLIDATED            
1530  ISG GOLD SECTOR                  
1500  FINANCE & ADMINISTRATION GROUP   
1502  FINANCE & GENERAL CONS           
5041  ADVANCED TECH EXPLORATION        


username               gan  cost

SDERRY                   7  5041


cost  organization

9990  TYMSHARE CONSOLIDATED            
1000  TYMSHARE CONSOLIDATED            
1530  ISG GOLD SECTOR                  
1508  INTERNATIONAL DIV CONSOLIDATION  
1380  PACIFIC INTL CONSOLIDATED        
5051  NETWORK SERVICE CO               


username               gan  cost

AMUNDSON             44266  5051


cost  organization

9990  TYMSHARE CONSOLIDATED            
1000  TYMSHARE CONSOLIDATED            
1530  ISG GOLD SECTOR                  
1508  INTERNATIONAL DIV CONSOLIDATION  
1380  PACIFIC INTL CONSOLIDATED        
5052  PACIFIC INTL SALES               


username               gan  cost

GGARDINA             21476  5052


cost  organization

9990  TYMSHARE CONSOLIDATED            
1000  TYMSHARE CONSOLIDATED            
1530  ISG GOLD SECTOR                  
1508  INTERNATIONAL DIV CONSOLIDATION  
1380  PACIFIC INTL CONSOLIDATED        
5053  PACIFIC INTL TECH SUPPORT        


username               gan  cost

MIMI                 44266  5053
PACTECH              44266  5053
ETAM                 44266  5053
SCHOU                44266  5053
JWANG                44266  5053
LHEINZEL             44266  5053
LAMPMAN              21477  5053
MCKIERNAN            44266  5053
CCHEN                44266  5053
SWONG                44266  5053
TCHOW                44266  5053


cost  organization

9990  TYMSHARE CONSOLIDATED            
1000  TYMSHARE CONSOLIDATED            
1530  ISG GOLD SECTOR                  
1500  FINANCE & ADMINISTRATION GROUP   
1502  FINANCE & GENERAL CONS           
1505  CONTROLLER'S DIVISION            
5106  FINANCIAL REPORTING              


username               gan  cost

NETDATA              32120  5106


cost  organization

9990  TYMSHARE CONSOLIDATED            
1000  TYMSHARE CONSOLIDATED            
1531  ISG BLUE SECTOR                  
1510  FINANCIAL SERVICES GROUP         
1509  INTL COMPANIES CONS              
5113  TYMSHARE NETWORK SYSTEMS EUROPE  


username               gan  cost

TNSETS               27514  5113


cost  organization

9990  TYMSHARE CONSOLIDATED            
1000  TYMSHARE CONSOLIDATED            
1530  ISG GOLD SECTOR                  
1230  NETWORK SYSTEMS GROUP            
1260  NETWORK CONSOLIDATED             
1268  TYMNET FINANCE CONS              
5203  TYMNET MANAGEMENT                


username               gan  cost

CATECH               44054  5203


cost  organization

9990  TYMSHARE CONSOLIDATED            
1000  TYMSHARE CONSOLIDATED            
1530  ISG GOLD SECTOR                  
1230  NETWORK SYSTEMS GROUP            
1260  NETWORK CONSOLIDATED             
1268  TYMNET FINANCE CONS              
5207  TYMNET ADMINISTRATIVE            


username               gan  cost

MOXON                21477  5207
OLDPLOT              21475  5207
PACAULT              21477  5207
PATCH                21477  5207
MREBMANN             21477  5207
MSTSCHED             21477  5207
NADM                 21477  5207
NEATECH              21476  5207
NEDIST               21477  5207
NET1STAGE            21476  5207
NETDB                32120  5207
NETEK                21476  5207
NETENG               21477  5207
NETEOM               21477  5207
NETMAPNS             21477  5207
NETOPS               21477  5207
NETSALES             21477  5207
NEWS                 10056  5207
NSTECH               21476  5207
OHARROW              21476  5207
PCORCORAN            21477  5207
PETER                21476  5207
PHILJ                21476  5207
PILCHER              21477  5207
PLOT                 21475  5207
PLOTTING             21477  5207
PNAGEL               21477  5207
PNETPG               21477  5207
PNETSUP              21477  5207
DYOUNG               44251  5207
HQLAB                21476  5207
HQTECH1              41320  5207
HULTQUIS             21476  5207
EASTECH              21476  5207
EASTTECH             21476  5207
ERICV                21477  5207
EUROTECH             21477  5207
EWINDLE              21477  5207
FADMIN               10056  5207
GREATECH             21476  5207
GSWINTON             21476  5207
ISISTECH             21476  5207
FEDACCG              21477  5207
FERRISK              21477  5207
FFISHMAN             21476  5207
FICHEGEN             21476  5207
JALCAN               21477  5207
FIELDNUM             21474  5207
FTAPSELL             21477  5207
FUTUREPLOT           21475  5207
WASUPT               21476  5207
WESTECH              21476  5207
WESTSALE             10056  5207
WHITLOCK             21476  5207
WIEBET               21476  5207
WNFEOPS              21477  5207
WRFS                 21476  5207
WRHOST               21477  5207
WRPNET               21477  5207
WSHAW                21477  5207
DBACOVE              32120  5207
DBNESALE             32120  5207
DBNSTECH             21476  5207
DBOPER               32120  5207
DBOPSPLNG            32120  5207
DBADOUG              32120  5207
DBSNI                32120  5207
DBSWTS               32120  5207
DBTIO                32120  5207
DBTLC                32120  5207
DBTMP                32120  5207
DBTSHACCT            32120  5207
DBWESTSALE           32120  5207
DHAWES               21476  5207
DBAHST               32120  5207
DBCENTSALE           32120  5207
DBCEO                32120  5207
DBCES                32120  5207
DBCIS                32120  5207
DBCNFE               32120  5207
DBCNFED              32120  5207
DBCNFEH              32120  5207
DBDML                32120  5207
DBDND                32120  5207
DBENFEW              32120  5207
DBFEDMKTG            32120  5207
DONNELLY             21476  5207
DOOLITTLER           32120  5207
DBFIELDOPS           32120  5207
DBFIN                32120  5207
DBHANNAH             32120  5207
POSTAL               21477  5207
PQUE                 21477  5207
PRIMP                21477  5207
RADMON               21476  5207
RAFFOR               11447  5207
RESMGT               21476  5207
RESZ                 21477  5207
RMILTON              21477  5207
ROY                  21477  5207
RSB                  21477  5207
RSPRENKEL            21476  5207
SBS                  21476  5207
SCHED                10056  5207
SEATECH              44062  5207
SETECH               21476  5207
SOUTHSALES           10056  5207
SPIELLER             21477  5207
JLEE                 21477  5207
MART5                44062  5207
MCCUSKER             21477  5207
MCONWAY              21477  5207
MDCIRVINE            45261  5207
JLIOU                21476  5207
JORDANR              44061  5207
KADNEY               32120  5207
KDDIAG               21475  5207
KSALEHI              32120  5207
LASALES              10056  5207
LDDC                 21476  5207
LEAHYP               21477  5207
LIENEMANC            44062  5207
LNIRENBERG           21476  5207
LOVELL               21477  5207
LUEDERK              44062  5207
MART1                44062  5207
MART2                44062  5207
MART3                44062  5207
MART4                44062  5207
MFORDE               21476  5207
31013399             23575  5207
CNSALES              21475  5207
COLLECTR             21477  5207
CRFSM                11334  5207
BOFADMIN             21477  5207
ATLANTICTECH         10056  5207
ATTW                 32120  5207
BBENG                21477  5207
ATTS                 32120  5207
ATTE                 32120  5207
ATTC                 32120  5207
ATTAM                32120  5207
ATT                  21477  5207
BSTURM               21476  5207
BWILLIAMS            32120  5207
CAAPROJ              11334  5207
CENTECH              21476  5207
CENTRALTECH          10056  5207
CLARKET              21477  5207
CLEMENS              21477  5207
CUSNETS              21475  5207
DAILYPROGS           21477  5207
DAILYREPS            21477  5207
DAVISA               21477  5207
DB134                32120  5207
SSPAMBIN             11447  5207
SSPAMSYM             11447  5207
SSTERLING            21476  5207
STALLING             11334  5207
TECHDOC              21476  5207
TECHLAB              21476  5207
TELCODBS             21477  5207
TGBILL               21477  5207
TGJUDY               21477  5207
TGRUSS               21477  5207
TOMASI               21477  5207
TYMGEN               21477  5207
TYMISIS              21477  5207
TYMTEST              21477  5207
USIAKR               44060  5207


cost  organization

9990  TYMSHARE CONSOLIDATED            
1000  TYMSHARE CONSOLIDATED            
1530  ISG GOLD SECTOR                  
1230  NETWORK SYSTEMS GROUP            
1522  NSG ADMINISTRATION CONS          
5208  NSG FINANCE & PLANNING           


username               gan  cost

DBPROJ               32120  5208


cost  organization

9990  TYMSHARE CONSOLIDATED            
1000  TYMSHARE CONSOLIDATED            
1531  ISG BLUE SECTOR                  
1510  FINANCIAL SERVICES GROUP         
1294  PMTS CONSOLIDATED                
1257  POS CONSOLIDATED                 
5730  POS ADMINISTRATIVE SERVICES      


username               gan  cost

GBLOOD               11447  5730
   =zmO