00083                27514  3415
1213MGR                  1  1206
31013399             23575  5207
32BIT                46273  2101
ABELE                11346  2307
ACCG1                21477  5031
ACHAO                11334  4122
ACHERIN              23707  2311
ACT10                    4  5027
ACTRTY                   4  5027
ADAZZI               21476  3456
ADPCODE              44061  4100
AKRONE               44054  4102
ALBERTAC             11020  2202
ALFENN               23401  2012
ALLFILES                 1  2009
AMUNDSON             44266  5051
ANALYSIS             21477  4041
ANVERM               11020  2202
APLAB                11020  2127
APLATT               44266  3414
ARCHIVES             11447  2025
ARELLA               11020  3458
ATLANTICTECH         10056  5207
ATT                  21477  5207
ATTAM                32120  5207
ATTC                 32120  5207
ATTE                 32120  5207
ATTS                 32120  5207
ATTW                 32120  5207
AVINASH              11334  4041
AYARS                11020  3458
BACKUP                   1  2017
BAHCODES             11020  1381
BAIGENT              14717  4011
BASESUP              11020  2002
BATES                11011  3250
BBENG                21477  5207
BDACODES             11020  1381
BECHLYT              11334  4033
BERT                     1  2019
BETATESTINT          11334  4132
BILLF                    1  2006
BLAIR                11020  2603
BNOLLEY              11020  3458
BOBH                     4  5027
BOBJ                     1  2025
BOFADMIN             21477  5207
BONDAD               11334  4122
BONSTOTT             21476  3456
BOURDEAU             11020  3458
BRETTF                   1  2005
BREZELL              21476  3425
BRING                14717  4011
BRUCES               11020  2603
BSQUIST              11020  2605
BSTALING             21476  3456
BSTRONG              14717  4011
BSTURM               21476  5207
BTHOMSON             21476  4100
BUBBNET              11334  2012
BURNS1                   1  2009
BURRIESCIN           11447  4127
BUSPLN               11011  3002
BWALLACE             47256  5019
BWILLIAMS            32120  5207
CAAPROJ              11334  5207
CADPLOT              23707  2311
CARL                     3  4011
CARRELLA                 4  5027
CATECH               44054  5203
CATTANEO             11020  2603
CBROWN               23707  2311
CC                      13  3142
CCHANG               11334  4117
CCHEN                44266  5053
CENTECH              21476  5207
CENTRALTECH          10056  5207
CESDOC               11020  3458
CGIBSON              11020  2202
CHANG                11334  2012
CHEDIN               21477  2109
CHENC                21476  3456
CHERIE                   3  3109
CHRISM               21476  3439
CHUNGLAM             21477  4041
CIDNCODE             21476  4101
CLARKET              21477  5207
CLEMENS              21477  5207
CLOVER               11334  2012
CMSSUP               11011  3151
CMTI                 11334  4033
CNFE                 11020  2502
CNFEMGR              11020  2502
CNFESEC              11020  2501
CNFETECH             11020  2502
CNSALES              21475  5207
COBOLQA                  3  4011
COLLECTR             21477  5207
CONSULTING           21477  4099
CORBELL              23707  2215
CORPTEL                  4  2001
CORSO                11334  4136
CORTEZ               11020  3458
CPAPRINT                 1  2017
CRASH                    1  2004
CRAY                 11334  4038
CRFSM                11334  5207
CTOPSMGR                 1  5006
CUD10                    1  2009
CUPCOPS                  1  2004
CUPCWRN                  1  2004
CUSNETS              21475  5207
CUSTORDS             32120  2119
CWCODES              11020  1381
CWDIAG               11020  3458
CWILSON              11334  2951
CWU                  23707  3109
DAILYPROGS           21477  5207
DAILYREPS            21477  5207
DALMON                   1  2004
DALSWRN                  1  2008
DANIELSR                 1  2022
DAUGHTJ              11020  3458
DAULTON              21477  3415
DAVARJ               11334  4117
DAVISA               21477  5207
DB130                32120  3425
DB131                32120  3425
DB132                32120  3417
DB134                32120  5207
DB220                32120  3441
DB225                32120  3439
DB228                32120  3415
DBA                  32120  2120
DBACCNTRL            32120  5032
DBACOVE              32120  5207
DBADOUG              32120  5207
DBAHST               32120  5207
DBCENTSALE           32120  5207
DBCEO                32120  5207
DBCES                32120  5207
DBCIS                32120  5207
DBCNFE               32120  5207
DBCNFED              32120  5207
DBCNFEH              32120  5207
DBCTS                32120  4102
DBDDD                32120  5027
DBDML                32120  5207
DBDND                32120  5207
DBEASTSALE           32120  5027
DBENFE               32120  2002
DBENFEB              32120  2304
DBENFEN              32120  2302
DBENFEW              32120  5207
DBENG                32120  2103
DBENGA               32120  2103
DBEPN                32120  5027
DBETS                32120  5027
DBFEDMKTG            32120  5207
DBFIELDOPS           32120  5207
DBFIN                32120  5207
DBHANNAH             32120  5207
DBHQTECH             32120  3457
DBLISS               23707  2311
DBMAN                32120  2112
DBMKTG               32120  3453
DBNESALE             32120  5207
DBNSTECH             21476  5207
DBOPER               32120  5207
DBOPSPLNG            32120  5207
DBPNETS              32120  3452
DBPRES               32120  5027
DBPROJ               32120  5208
DBRES                32120  2105
DBSNI                32120  5207
DBSWTS               32120  5207
DBTAR                32120  2106
DBTIO                32120  5207
DBTLC                32120  5207
DBTMP                32120  5207
DBTS                 32120  3406
DBTSHACCT            32120  5207
DBVPSALES            32120  5027
DBWESTSALE           32120  5207
DBWNFE               32120  2402
DBWNFES              32120  2403
DBWTS                32120  3425
DCHANG               11334  4034
DCOPRINT                 1  2008
DCORNELY             21477  2120
DENCOFF                  3  4011
DEPOT                11020  2202
DEPTECH              11020  2002
DGAETANI             21477  3441
DGAUVIN              44060  4106
DGOAD                11334  4137
DHAWES               21476  5207
DHSMITH              21477  4503
DIAG                     1  1206
DIAG10C                  1  1206
DIAG10D                  1  1206
DIAG10V                  1  1206
DIAGQA               11020  3458
DIAMONDP             11020  2402
DIST216              21477  3444
DJEZEK               30455  1247
DKNOTT               11020  2103
DLANE                44251  1381
DLASATER             11334  4119
DLEE                 21476  3457
DMACOMB              11020  3458
DMILLER              11020  3458
DMIREQ               35725  3091
DMOULTON                 4  5027
DNDNAC               11334  2012
DNOLLEY              11020  3458
DOCAIL                   3  4011
DONAHUE              14717  2207
DONNELLY             21476  5207
DOOLITTLER           32120  5207
DPELSUE              21477  3450
DRAY                 44054  4102
DREID                11020  3458
DRISCOLL             11334  4130
DUNLEVYM             44054  4102
DUPJOB10                 1  2017
DWEST                22013  4130
DYOUNG               44251  5207
DZISA                21476  3456
EADAMS               34776  3144
EASTECH              21476  5207
EASTLINE             21472  3438
EASTPNET             21477  3440
EASTTECH             21476  5207
EBS                  11334  2012
ECMOPS               11020  2002
EDIDADM              35676  3068
EDWALL               23707  2311
ENFESEC              11020  3458
ENGHNTR              23707  2311
ENGR                 23707  2311
ENSS                 21477  4101
EPASCAL              24261  4045
EPASCAL1             11334  4045
EQUIPDIV             11020  2002
ERICV                21477  5207
EST                  36620  2003
ETAM                 44266  5053
ETULK                35676  3144
EUROTECH             21477  5207
EWELSH               44062  4095
EWINDLE              21477  5207
F40                      3  4011
FACILITIES           11020  3458
FACSEC               11020  2107
FADMIN               10056  5207
FBARTON                  1  2009
FBATCH                   1  5006
FCANNING                 4  5027
FCM                  11020  3109
FEDACCG              21477  5207
FERRISK              21477  5207
FFISHMAN             21476  5207
FICHEGEN             21476  5207
FIELDNUM             21474  5207
FJAVADI              21477  2108
FLETCHERC                3  4011
FRANK                    4  5028
FRANKWU              11334  4117
FREITAS2                 1  2009
FRENCH                   3  4011
FSIEGEL                  7  4002
FSUPPORT             35676  3068
FTAPSELL             21477  5207
FTSYS                    1  4011
FTSYSDOC             11447  2004
FTTBA                11447  2025
FUTUREPLOT           21475  5207
GAUCI                13107  4021
GBEIDLER             21477  2120
GBLOOD               11447  5730
GCOLES               11334  4721
GCONE                23707  2311
GGARDINA             21476  5052
GKASHER              44062  3447
GKING                11020  3458
GMASTERS             11011  3144
GOLOBIC              23707  2311
GORDON               23707  3109
GRANVOLD             11334  4117
GREATECH             21476  5207
GSWINTON             21476  5207
GWALPOLE             11020  3458
HAGERL               11020  3458
HAYESDRL                 1  2022
HELGEM                   3  4011
HOLD                     1  2004
HQLAB                21476  5207
HQTECH1              41320  5207
HUEYMA               11334  4044
HULTQUIS             21476  5207
HVBURTON             23707  2311
INDIAL2              34776  4071
INFO                     3  4011
INSCODE              21477  3464
INSDCOM              11011  3144
INSDGSS1             11011  3151
INSNET               46251  3464
INTACT               11010  5003
INTLACCTG            21477  3416
INTLPROGS            21477  5027
INTYM                27514  5019
ISINSTALL            11011  3151
ISIS                 11334  2012
ISISDOC              11334  2012
ISISFILES            21476  3457
ISISTECH             21476  5207
JAIL                     3  4011
JAKOBITZ             44062  3464
JALCAN               21477  5207
JANAN                23707  3109
JBRENNAN             21477  3454
JBUXTON              11020  2127
JCARTER              11020  2605
JCLMIN               11447  2025
JCM                  11020  5005
JEFSEY               27514  3415
JENGLISH                 1  2008
JENNYG                   1  2009
JHSIEH               44047  3457
JHSIEH1              11334  4128
JJOELS               11334  4041
JLEE                 21477  5207
JLIOU                21476  5207
JLIOU1               11334  4128
JMARCIN              11334  4127
JMARTELL             11020  3458
JMCOLINROB               1  2004
JMESSINA             21477  3452
JMORSE               44060  3446
JMS                      3  4011
JNEAL                11020  3458
JOHNSOND             11020  3458
JONAS                11334  4038
JORDANR              44061  5207
JSOUNG               11334  4033
JWAGNER              11334  3403
JWANG                44266  5053
JWILLOTT             23707  2311
KADNEY               32120  5207
KALENDA              11334  4040
KDCDIAG              11020  3458
KDDIAG               21475  5207
KEN                      3  4011
KHOLLAND             11020  2603
KILLIONJ             21477  2103
KKELLER              21477  2120
KOPFJ                11334  4119
KOVACH                   4  5027
KSALEHI              32120  5207
LAGOLD               11334  4123
LAMPMAN              21477  5053
LANEK                    1  2004
LASALES              10056  5207
LDDC                 21476  5207
LEAHYP               21477  5207
LELANDY                  1  2008
LHEINZEL             44266  5053
LIBRARY1             11334  4047
LIENEMANC            44062  5207
LINK10                   3  4011
LMAURER              11334  4123
LMORRIS                  1  2009
LNIRENBERG           21476  5207
LOVELL               21477  5207
LSHERMAN             11334  4039
LUEDERK              44062  5207
LUSKERJ              11334  1257
LYNASK               21477  5032
M33                      3  4011
MACEMON              11011  3048
MADDERRA             11334  4721
MAGNUM                   7  4002
MAIL                     3  4011
MAINTDIAG            11020  3458
MALAVI               11020  3458
MALUBINA             11334  4035
MARACT               11020  3458
MARCOMM              21477  3401
MARCONIT                 1  2008
MARKMCW              21477  3452
MART1                44062  5207
MART2                44062  5207
MART3                44062  5207
MART4                44062  5207
MART5                44062  5207
MARTYB                   1  2004
MARYC                23707  2311
MATOKA                   3  4034
MATS                 13107  4016
MATTHEWS             21477  3418
MATUCHAD             11334  4131
MBERGER              11334  4039
MCCUSKER             21477  5207
MCDAVID              21477  2120
MCH                      3  4011
MCKIERNAN            44266  5053
MCNEY                11020  2304
MCONWAY              21477  5207
MDCIRVINE            45261  5207
MDOWNEY              11020  2003
METCALFS                 1  2022
MEYERG               11346  2037
MFGRECEP             11020  2003
MFGSEC               11020  2003
MFORDE               21476  5207
MICRO                11011  3250
MIDAS                    7  4002
MIDBAK               11334  4128
MIDCENTRAL           21477  3433
MIKELU               21477  4041
MIKEMO               23707  2311
MIKERUDE             11334  2012
MILLERK              23707  2311
MIMI                 44266  5053
MISTAPE                  4  5027
MITCHELJ             11334  2012
MLEWIS               13107  4021
MONDOC                   3  4011
MOORING              11020  2605
MORIARTY             11020  3458
MOSSERJ              14717  2007
MOXON                21477  5207
MPL                      3  4011
MREBMANN             21477  5207
MSEDSEL              21477  2108
MSHEN                11334  4045
MSLOUISE             21477  2108
MSMA                 21477  2108
MSPOPPE              21477  2108
MSTSCHED             21477  5207
MVSMURS                  1  2022
MWALTERS             47256  5019
NAD                  11334  4045
NADM                 21477  5207
NADMRES              10056  5032
NASON                10551  4071
NDT                      3  2012
NEATECH              21476  5207
NEDIST               21477  5207
NEPNET               21477  3450
NET1STAGE            21476  5207
NETANAL              11334  2603
NETCONAD             21477  2127
NETDATA              32120  5106
NETDB                32120  5207
NETDETAIL            21477  5027
NETDEV2              11020  2012
NETDVDOC             11334  1420
NETEK                21476  5207
NETENG               21477  5207
NETEOM               21477  5207
NETMAPNS             21477  5207
NETMID               11334  4128
NETOPS               21477  5207
NETPERM              11334  2012
NETSALES             21477  5207
NETSTAT              21477  2120
NETSUPPT             11020  2402
NEWS                 10056  5207
NFERECEP             11020  2605
NFESEC               11020  2002
NGREGORY             21476  3452
NPRODUCT             11020  2127
NSCNET               23036  3417
NSDADM               11334  4132
NSDBINS              11334  4132
NSDBKUP              11334  4132
NSDLIB               11334  4132
NSDSINS              11334  4132
NSJENKS              21477  3453
NSTECH               21476  5207
NTDLIBRARY           11334  4047
NTS                  11020  2603
NTSDEMO              11020  3458
NWILLIAMS            21475  3416
NYPRINT              11601  3089
OAHUCODE             11020  2002
OASYS                43511  4301
OCONNORK             11020  2002
OHARAB               30455  1257
OHARROW              21476  5207
OLDPLOT              21475  5207
OLSONT               23707  2211
OSERANG              11334  4034
OSIRIS               24261  4042
OSIRIS1              11334  4042
OSMAN                    3  4011
OSNF                     3  4011
OSU                      3  4011
PACAULT              21477  5207
PACTECH              44266  5053
PARPRINT              6036  5006
PARSTW               27245  4022
PATCH                21477  5207
PATELN               23707  2311
PATROL               11334  4044
PATTIMCD             11020  3458
PCM                  11020  5006
PCORCORAN            21477  5207
PCROUTS              11020  2127
PDUNLEVY             44054  4102
PEARLS               23707  4011
PEREZG                   1  2004
PETER                21476  5207
PGJCOG               11011  3151
PHIL                     1  5006
PHILJ                21476  5207
PILCHER              21477  5207
PISTAT               21477  2114
PJ                       6  2017
PLOT                 21475  5207
PLOTTING             21477  5207
PMANLEY              11334  4117
PMELLET              27514  5019
PMORSE               11020  3458
PNAGEL               21477  5207
PNELSON              11020  2003
PNETPG               21477  5207
PNETS                11334  2012
PNETSUP              21477  5207
POINTERC             14717  2007
POPPE                21477  2154
POSTAL               21477  5207
PQUE                 21477  5207
PRAMS                47256  5019
PRIMP                21477  5207
PRINCE               11020  2002
PRODEV01             22013  2012
PRODEV02        22013  2012
PRODNET              21477  5027
PROJMGT              44054  3460
PSBROWN              23707  2311
PUB                      3  4011
PUBNET               21476  3453
PWARN                47256  5019
PWSLIB               11011  3250
QABUILDOSC           11447  2025
QALIBSYM             11447  2025
QASYS                11447  2025
QSMITH               21476  3456
RADMON               21476  5207
RAFALA               21477  3464
RAFFO                11334  4044
RAFFOR               11447  5207
RBROWN               23707  2311
RCACODES             11020  2002
RCHUN                21477  2116
RESMGT               21476  5207
RESRFP                   1  2004
RESZ                 21477  5207
RFMC                 21475  3416
RGFOX                11334  4039
RHOWLAND             21477  4102
RICHARDS             11020  3458
RICHARDSON           11346  2036
RISDIAG              11020  3458
RJK                      4  5028
RKLUTE               11011  3144
RMILTON              21477  5207
RNIELSEN             21477  2108
RODDAMJ                  1  2008
RODRIGUESP               4  5028
ROLAND               11447  4044
ROLANDK              11334  4044
ROOPED                   1  2009
ROY                  21477  5207
RSB                  21477  5207
RSCSSTAT                 1  2004
RSPRENKEL            21476  5207
RTREHIN              27514  3415
RUDMAN               27514  3415
RVIVIER              11020  3458
RWS                  11334  4039
SAIL                     3  4011
SAILIB                   3  4011
SAILTEST                 3  4011
SALLY                    3  4011
SANDYMF              11334  4040
SBS                  21476  5207
SCAPIK                   1  2036
SCHARF               23707  3109
SCHED                10056  5207
SCHENDEL             21477  2103
SCHOU                44266  5053
SCHRAMM              11334  4042
SCRIBNER                 1  2008
SDERRY                   7  5041
SEATECH              44062  5207
SECONDHIF            23407  1257
SEMAR                11334  4721
SETECH               21476  5207
SHARMA               21476  4041
SHEPPARDA            30455  4722
SHSU                 11334  4115
SHWONG               11334  4115
SIRTI                27514  3415
SLATERK              11020  3458
SLIISIS              30042  5011
SLLDCAIN             11334  4042
SLOVAKM              11020  2002
SMITHDE              11334  4039
SMYTHEC              11334  2953
SNAVELYJ             11020  3458
SOCKWELL             11020  2402
SOLOMON              23707  2311
SOMERVIL             10056  3442
SORRELL              11020  3109
SOURCEINT            11334  4132
SOUTHSALES           10056  5207
SPEX                 13107  4021
SPIELLER             21477  5207
SPINALE              13107  4016
SPL                      3  4011
SPOOL                    1  2017
SPOOLING             11653  2127
SPOOLRM              11016  5027
SPPARCH                  3  4011
SPPOPER                  3  4011
SPUNKTEST                3  4011
SRA1                     1  2009
SRACRT                   1  2009
SRAFRCST                 1  2009
SRAMOV                   1  2009
SRASO                    1  2009
SROOS                    1  2127
SSARCHD              11447  2025
SSBACKUP             11447  2025
SSDEV                11447  2025
SSEREP                   1  2004
SSINSTALL            11447  2025
SSJREP                   1  2009
SSPAMBIN             11447  5207
SSPAMSYM             11447  5207
SSPERP               11447  4011
SSPRINT              11447  4011
SSTERLING            21476  5207
SSTRANS              11447  2025
SSUTIL               11447  3109
SSVALSUP             11447  2025
STAFFORD             21477  5032
STALLING             11334  5207
STARKSG              47233  4096
STEINJ               11020  2603
STHOMPSON            11334  4721
STIER                13107  4018
STIMACM              11334  4130
STOY                 11334  3452
STUTZMANC            44267  2733
SUDHIR               23707  2311
SVOTH                21476  3456
SWARTZM              44060  4106
SWATS                27700  3422
SWHITE               44251  1381
SWONG                44266  5053
SYNCMAG              13107  4021
SYS                      1  2004
SYSADM20             11447  2025
SYSADM21             11447  2025
SYSBACKUP            11447  2025
SYSDOC               11447  2004
SYSMAINT                 3  3109
SYSNEWS                  1  2025
TAPELIB                  1  2004
TAPELIBE                 1  2004
TBAFTDEB                 3  4011
TBATLIB              11447  2025
TCASS                11346  2007
TCHECKTID            46732  2951
TCHOW                44266  5053
TCMS                     1  2004
TCUPAL               21477  3450
TECHDOC              21476  5207
TECHLAB              21476  5207
TECHLIB              11020  3458
TECHTRAIN            11020  3458
TECHW                    1  2127
TELCODBS             21477  5207
TESTASB                  4  5027
TESTMNCH                 4  5027
TGBILL               21477  5207
TGCODES              11020  2002
TGJUDY               21477  5207
TGRUSS               21477  5207
TIIDEV               11334  4115
TKELLEY              11020  2202
TMYLES               21476  3456
TNETOPS                  1  2129
TNSCDOC              27514  3415
TNSCMKTG             27514  3415
TNSETS               27514  5113
TNSUKM               47256  5019
TNXAIL                   3  4011
TOMASI               21477  5207
TRAINLAB             11020  3458
TRAINSEC             11020  3458
TRUCONTROL               1  2009
TSAMPSON             44061  4100
TSUCOOP                  3  4011
TSUIS                21476  3457
TSWALLACE                1  2009
TTMSBUBB             13107  4030
TTMSISIS2            13107  4016
TTMSTS               13107  4016
TTS317               26442  2009
TWANG                11334  4122
TYMDATA              11020  3458
TYMGEN               21477  5207
TYMGRIPE                 3  4011
TYMISIS              21477  5207
TYMRES               10056  5032
TYMTEST              21477  5207
UAS                      4  5027
UFD                      1  2004
UIS                      4  5027
UKDOC                47256  5019
UN1                      6  2004
UPTGROVE             11334  4118
USEVAL                   6  2009
USIAKR               44060  5207
UTIL                     1  2004
VALDEV                   1  2025
VALIDATE             11447  4127
VARDIAG              11020  3458
VATECH               44062  4104
VIVIAN                   1  2025
VKRLEE               21477  4041
VMCMST1                 14  2010
VMLIBR                  14  2010
VUE                      3  4011
WAGNERD              11020  3458
WALKERG              21476  3457
WASOWSKI             11020  2202
WASUPT               21476  5207
WCMFIXIT             11020  2402
WEISINGER            21477  2108
WESTECH              21476  5207
WESTSALE             10056  5207
WEUSKE               11334  2012
WHITLOCK             21476  5207
WHONG                21476  3456
WIEBET               21476  5207
WNFE                 11020  2402
WNFEOPS              21477  5207
WNFESEC              11020  3458
WNFETECH             11020  2402
WRFS                 21476  5207
WRFSC                21476  4136
WRHOST               21477  5207
WRONSTADT            44060  4106
WRPNET               21477  5207
WRS                      3  4119
WSHAW                21477  5207
X22113               11011  3143
XAIL                     3  4011
XCONSULT                 3  4011
YAMM                     3  4011
YEUX                     3  4011
YORKS                14717  3109
YOUNGERC             11334  2012
YOUNGS               21477  2120
YOUNGV               11334  2951
   NP\