                                    TYMNET
                       PRIVATE NETWORK SYSTEMS ANALYSIS
                                  APRIL 1988



               HOST 22         HOST 26         HOST 31         HOST 37
===============================================================================
MODEL / MEM:   KL  2048K       KL  4096K       KL  2048K       KL  4096K

TOTAL DRIVES:      8              10                16              18

ONLINE DRVS:       7               8                12              15

FREE PACKS:        1               2                4               3

DASD TYPE:     MEM 3350        MEM 3350         MEM 3350        MEM 3350

AVG PGS AVAIL:   215,480         144,619          88,246         237,179

TOTAL FILES:    62,849          73,512           65,258          72,870

TOTAL PAGES:   1,216,095       1,526,817       1,351,978       1,410,479

TOTAL TAPES:      183              12              9               54

PRIME TRU'S:   1,792,859       6,513,811       3,108,687       4,760,657

NON-P TRU'S:     552,553       3,182,627       1,359,311       2,751,360

TOTAL USERS:      499             446              515             576

AVG JOBS:        15.70           50.87           29.30           58.67

MAX JOBS:         26              99               60              91

AVG CPU:         19.90%          47.81%          18.38%          55.07%

MAX CPU:          98%            100%             96%             100%

AVG M/C:       45,265.00       159,142.83      61,740.42       101,538.50

AVG SWAP RT:    25.61            88.74            38.47           73.66

AVG ACT JOBS:    1.32            2.59             1.45            1.97

AVG RUNQ:        1.17            1.68             1.22            1.25

TOP USERS:
        1)     SALTYRON        MWALTERS         INSCODE           OPER
        2)        PJ           SALTYRON          TRWNET            PJ
        3)       OPER          DAUERBACH          OPER            WRFS
        4)     BETATEST          OPER             PJ             ANZNET
        5)      SOURCE            PJ           SALTYRON        BILLING10
