Link11 Memory Allocation Map  ****  Date 6/14/90  ****  Time 22:06:02


Link11 Version 5.2M
*@LK6657.CMD{LK6657.CMD:  SV6657/IMG/B:1000,MP6657=CG6657,RU6657,execmm,error
*pkt1,pkt2,pkt3d,cmdtym,CMDS,trm,trmf,trmp,trmt,zapbuf,lnk1,lnk2,LNKRSP,LNKC
*LOAD,lnkia,lkibs1,lkibs2,tyma,tymb,lnkf,lnkf2,lina,STATUS,once,end}/E

Module: COMMON                   File: CG6657.OBJ
Module: ROUTE                    File: RU6657.OBJ
Module: EXEC                     File: EXECMM.OBJ
Module: ERROR                    File: ERROR.OBJ
Module: PKT1                     File: PKT1.OBJ
Module: PKT2                     File: PKT2.OBJ
Module: PKT3D                    File: PKT3D.OBJ
Module: CMDTYM                   File: CMDTYM.OBJ
Module: CMDS                     File: CMDS.OBJ
Module: TRM                      File: TRM.OBJ
Module: TRMF                     File: TRMF.OBJ
Module: TRMP                     File: TRMP.OBJ
Module: TRMT                     File: TRMT.OBJ
Module: ZAPBUF                   File: ZAPBUF.OBJ
Module: LNK1                     File: LNK1.OBJ
Module: LNK2                     File: LNK2.OBJ
Module: LNKRSP                   File: LNKRSP.OBJ
Module: LNKC                     File: LNKC.OBJ
Module: LOAD                     File: LOAD.OBJ
Module: LNKIA                    File: LNKIA.OBJ
Module: LKIPK1                   File: LKIBS1.OBJ
Module: LKIPK2                   File: LKIBS2.OBJ
Module: TYMA                     File: TYMA.OBJ
Module: TYMB                     File: TYMB.OBJ
Module: LNKF                     File: LNKF.OBJ
Module: LNKF2                    File: LNKF2.OBJ
Module: LINA                     File: LINA.OBJ
Module: STATUS                   File: STATUS.OBJ
Module: ONCE                     File: ONCE.OBJ
Module: END                      File: END.OBJ

Program file:     SV6657.IMG
Program name:     COMMON
Transfer address: 001000  

Memory limits:          Low    High   Length
	<LOWMEM>      001000  001146  000146        51. Words
	<SX    >      001146  001322  000154        54. Words
	<PURE  >      001322  012316  010774      2302. Words
	<MAIN  >      012316  013616  001300       352. Words
	<CODE  >      013616  127536  113720     19432. Words
	<SECOND>      127536  127610  000052        21. Words
	<TENTHS>      127610  127626  000016         7. Words
	<INIT  >      127626  127630  000002         1. Words
	<.XDT. >      127630  127756  000126        43. Words
	<.SYM. >      127756  127756  000000         0. Words
	<PDATA >      127756  130060  000102        33. Words
	<DDB   >      130060  131332  001252       341. Words
	<LDB   >      131332  132212  000660       216. Words
	<ADB   >      132212  132332  000120        40. Words
	<SDB   >      132332  141076  006544      1714. Words
	<IMPURE>      141076  144250  003152       821. Words
	<ONCE  >      144250  144736  000466       155. Words
	<VECTBL>      144736  145156  000220        72. Words
	<INIDAT>      145156  145156  000000         0. Words
	<FALCBT>      145156  145156  000000         0. Words
	<INIBYT>      145156  145156  000000         0. Words
	Overall       001000  145156  144156     25655. Words

********************************************
Module: COMMON                                    3332. Words
			Low    High   Length
	      ADARBF  000016  Global
	      ADARSR  000014  Global
	      ADAXBF  000022  Global
	      ADAXSR  000020  Global
	      ADFUNC  000002  Global
	      ADINDX  000006  Global
	      ADINIT  000004  Global
	      ADMAXI  000013  Global
	      ADNEXT  000010  Global
	      ADOUTP  000000  Global
	      ADSTS1  000012  Global
	      ATOTXX  000000  Global
	      CLKREG  177546  Global
	      DDCBGN  000026  Global
	      DDCEND  000032  Global
	      DDCSIZ  000002  Global
	      DDDDBI  000016  Global
	      DDERBC  000134  Global
	      DDERBF  000116  Global
	      DDERCS  000132  Global
	      DDERFT  000142  Global
	      DDERFW  000126  Global
	      DDERFX  000136  Global
	      DDERFY  000140  Global
	      DDERFZ  000142  Global
	      DDERHO  000140  Global
	      DDERIP  000120  Global
	      DDERIS  000114  Global
	      DDERNP  000124  Global
	      DDEROR  000122  Global
	      DDERPC  000130  Global
	      DDERRX  000144  Global
	      DDERSI  000136  Global
	      DDERSZ  000126  Global
	      DDID    000006  Global
	      DDINDX  000007  Global
	      DDLCCZ  000015  Global
	      DDLCFC  000154  Global
	      DDLCIB  000146  Global
	      DDLCIC  000166  Global
	      DDLCIK  000160  Global
	      DDLCIP  000162  Global
	      DDLCIS  000167  Global
	      DDLCIW  000170  Global
	      DDLCIX  000164  Global
	      DDLCLC  000205  Global
	      DDLCOB  000150  Global
	      DDLCOC  000202  Global
	      DDLCOD  000176  Global
	      DDLCOK  000172  Global
	      DDLCOP  000174  Global
	      DDLCOS  000203  Global
	      DDLCOX  000200  Global
	      DDLCRQ  000156  Global
	      DDLCSR  000152  Global
	      DDLCTD  000155  Global
	      DDLCTM  000154  Global
	      DDLCXA  000204  Global
	      DDLCXX  000157  Global
	      DDLFAL  000234  Global
	      DDLFAV  000154  Global
	      DDLFBC  000172  Global
	      DDLFBH  000164  Global
	      DDLFBI  000160  Global
	      DDLFBJ  000174  Global
	      DDLFBK  000176  Global
	      DDLFBP  000205  Global
	      DDLFBQ  000200  Global
	      DDLFBS  000170  Global
	      DDLFBT  000166  Global
	      DDLFBW  000202  Global
	      DDLFBY  000204  Global
	      DDLFCC  000250  Global
	      DDLFCZ  000151  Global
	      DDLFFC  000160  Global
	      DDLFGS  000236  Global
	      DDLFIC  000246  Global
	      DDLFIK  000242  Global
	      DDLFIP  000244  Global
	      DDLFIQ  000240  Global
	      DDLFIR  000146  Global
	      DDLFIS  000252  Global
	      DDLFIX  000254  Global
	      DDLFLC  000502  Global
	      DDLFOC  000304  Global
	      DDLFOK  000300  Global
	      DDLFOP  000302  Global
	      DDLFOR  000150  Global
	      DDLFOS  000474  Global
	      DDLFOV  000162  Global
	      DDLFOX  000312  Global
	      DDLFOZ  000306  Global
	      DDLFPC  000253  Global
	      DDLFPL  000156  Global
	      DDLFPO  000232  Global
	      DDLFQQ  000145  Global
	      DDLFQX  000310  Global
	      DDLFRQ  000476  Global
	      DDLFSR  000152  Global
	      DDLFS1  000226  Global
	      DDLFS2  000230  Global
	      DDLFTD  000500  Global
	      DDLFTM  000477  Global
	      DDLFTP  000501  Global
	      DDLFT1  000222  Global
	      DDLFT2  000224  Global
	      DDLFXR  000206  Global
	      DDLFXS  000210  Global
	      DDLFX1  000212  Global
	      DDLFX2  000214  Global
	      DDLFX3  000216  Global
	      DDLFX4  000220  Global
	      DDLICZ  000012  Global
	      DDLIDH  000202  Global
	      DDLIFC  000154  Global
	      DDLIHD  000212  Global
	      DDLILC  000200  Global
	      DDLILD  000150  Global
	      DDLINH  000200  Global
	      DDLINL  000152  Global
	      DDLINN  000146  Global
	      DDLINU  000154  Global
	      DDLISC  000155  Global
	      DDLISN  000163  Global
	      DDLISS  000164  Global
	      DDLITY  000162  Global
	      DDLIUP  000156  Global
	      DDLIVH  000174  Global
	      DDLIVL  000176  Global
	      DDLKCZ  000027  Global
	      DDLKEC  000066  Global
	      DDLKER  000114  Global
	      DDLKFC  000070  Global
	      DDLKFH  000106  Global
	      DDLKFN  000112  Global
	      DDLKFP  000046  Global
	      DDLKFT  000110  Global
	      DDLKIN  000036  Global
	      DDLKIS  000040  Global
	      DDLKLC  000146  Global
	      DDLKLD  000044  Global
	      DDLKNA  000056  Global
	      DDLKNS  000034  Global
	      DDLKNX  000032  Global
	      DDLKN1  000052  Global
	      DDLKN2  000054  Global
	      DDLKPS  000113  Global
	      DDLKP0  000050  Global
	      DDLKSP  000104  Global
	      DDLKST  000042  Global
	      DDLKTP  000065  Global
	      DDLKXT  000002  Global
	      DDLK0H  000070  Global
	      DDLK0T  000072  Global
	      DDLK1H  000074  Global
	      DDLK1T  000076  Global
	      DDLK2H  000100  Global
	      DDLK2T  000102  Global
	      DDNCON  000030  Global
	      DDPOKE  000010  Global
	      DDPRIV  000002  Global
	      DDRSUM  000012  Global
	      DDSDBI  000020  Global
	      DDSOC   000004  Global
	      DDSSRC  000014  Global
	      DDSTDP  000033  Global
	      DDSTEP  000032  Global
	      DDSTS0  000000  Global
	      DDSTS1  000026  Global
	      DDSUSD  000160  Global
	      DDSX    000022  Global
	      DDWLD   000024  Global
	      DEVMAX  000026  Global
	      DXSIZE  000006  Global
	      EDTNO   000001  Global
	      EDTNUM  000001  Global
	      JIFDIV  000005  Global
	      JIFMUL  000003  Global
	      JIFM05  043120  Global
	      JIFM10  106240  Global
	      JIFM15  151360  Global
	      JIFO10  000006  Global
	      JIFO2   000036  Global
	      JIFO4   000017  Global
	      JIFSEC  000074  Global
	      JIFX10  001130  Global
	      JIFX15  001604  Global
	      JIFX16  001700  Global
	      JIFX2   000170  Global
	      JIFX20  002260  Global
	      JIFX30  003410  Global
	      JIFX60  007020  Global
	      JIFX8   000740  Global
	      JIFX90  012430  Global
	      JIF150  021450  Global
	      JIF180  025060  Global
	      LDERBD  000244  Global
	      LDIACZ  000007  Global
	      LDIAEA  000256  Global
	      LDIAED  000260  Global
	      LDIAEI  000262  Global
	      LDIAEL  000264  Global
	      LDIAEN  000266  Global
	      LDIAEO  000270  Global
	      LDIAEP  000272  Global
	      LDIAFC  000312  Global
	      LDIAFR  000162  Global
	      LDIAHD  000326  Global
	      LDIAIB  000320  Global
	      LDIAIC  000323  Global
	      LDIAIS  000314  Global
	      LDIAIX  000325  Global
	      LDIALC  000330  Global
	      LDIAOB  000322  Global
	      LDIAOC  000324  Global
	      LDIAOS  000316  Global
	      LDIAPL  000306  Global
	      LDIAPR  000300  Global
	      LDIARB  000276  Global
	      LDIARS  000274  Global
	      LDIASC  000312  Global
	      LDIATD  000165  Global
	      LDIATH  000327  Global
	      LDIATI  000166  Global
	      LDIATR  000167  Global
	      LDIAUA  000164  Global
	      LDIAVC  000310  Global
	      LDIAXB  000304  Global
	      LDIAXS  000302  Global
	      LDIBOR  000064  Global
	      LDIBOT  000066  Global
	      LDICHN  000012  Global
	      LDICSZ  000106  Global
	      LDIDDB  000014  Global
	      LDIDWX  000002  Global
	      LDIERB  000250  Global
	      LDIERC  000246  Global
	      LDIERS  000252  Global
	      LDIERX  000254  Global
	      LDIESZ  000014  Global
	      LDIFCL  000060  Global
	      LDIFLF  000106  Global
	      LDIGRP  000011  Global
	      LDIIAK  000154  Global
	      LDIIDC  000146  Global
	      LDIIFP  000134  Global
	      LDIILA  000157  Global
	      LDIILC  000144  Global
	      LDIINX  000004  Global
	      LDIIWP  000136  Global
	      LDILCL  000274  Global
	      LDILNO  000013  Global
	      LDILSD  000110  Global
	      LDINBR  000016  Global
	      LDINXS  000022  Global
	      LDINXT  000020  Global
	      LDIOAK  000156  Global
	      LDIODC  000152  Global
	      LDIOFP  000140  Global
	      LDIOLC  000150  Global
	      LDIORN  000160  Global
	      LDIOWP  000142  Global
	      LDIPKB  000046  Global
	      LDIPKE  000050  Global
	      LDIPKP  000054  Global
	      LDIPKT  000052  Global
	      LDIPKX  000170  Global
	      LDIPMD  000057  Global
	      LDIPMX  000056  Global
	      LDIPPR  000070  Global
	      LDIPPT  000071  Global
	      LDIPQB  000034  Global
	      LDIPQE  000036  Global
	      LDIPQN  000042  Global
	      LDIPQP  000044  Global
	      LDIPQT  000040  Global
	      LDIPQX  000222  Global
	      LDIPSB  000026  Global
	      LDIPSE  000030  Global
	      LDIPST  000032  Global
	      LDIPSX  000200  Global
	      LDISDB  000006  Global
	      LDISFC  000122  Global
	      LDISLH  000076  Global
	      LDISLT  000100  Global
	      LDISPC  000126  Global
	      LDISPD  000010  Global
	      LDISRC  000124  Global
	      LDISR0  000114  Global
	      LDISR2  000116  Global
	      LDISSD  000120  Global
	      LDISTX  000000  Global
	      LDIST0  000024  Global
	      LDIST1  000060  Global
	      LDIST2  000062  Global
	      LDIUFC  000163  Global
	      LDIXLH  000102  Global
	      LDIXLT  000104  Global
	      LDIZCN  000112  Global
	      LDIZLH  000072  Global
	      LDIZLT  000074  Global
	      LDPKIN  000132  Global
	      LDPKOT  000130  Global
	      LKOFS$  000006  Global
	      MAXDX   000012  Global
	      MAXTIM  177777  Global
	      MXNPKT  077777  Global
	      NIDMAX  000013  Global
	      NODFLG  000000  Global
	      PARITY  000037  Global
	      PKCMAX  000072  Global
	      PKTWDS  000040  Global
	      ROMFLG  000000  Global
	      SDACNT  000044  Global
	      SDCBGN  000010  Global
	      SDCEND  000040  Global
	      SDCSIZ  000014  Global
	      SDDBUG  000006  Global
	      SDDDB   000004  Global
	      SDFCNT  000046  Global
	      SDIXCT  000036  Global
	      SDIXSP  000032  Global
	      SDIXTP  000034  Global
	      SDLFAX  000102  Global
	      SDLFBI  000050  Global
	      SDLFBL  000074  Global
	      SDLFBO  000066  Global
	      SDLFCZ  000016  Global
	      SDLFFC  000050  Global
	      SDLFI0  000052  Global
	      SDLFI1  000054  Global
	      SDLFLC  000104  Global
	      SDLFO0  000070  Global
	      SDLFO1  000072  Global
	      SDLFQN  000065  Global
	      SDLFRQ  000076  Global
	      SDLFS1  000100  Global
	      SDLFVC  000064  Global
	      SDLFVH  000060  Global
	      SDLFXF  000056  Global
	      SDLICN  000052  Global
	      SDLICT  000055  Global
	      SDLICZ  000020  Global
	      SDLIFC  000050  Global
	      SDLIGT  000066  Global
	      SDLIHC  000070  Global
	      SDLII1  000100  Global
	      SDLII2  000076  Global
	      SDLILC  000110  Global
	      SDLILD  000050  Global
	      SDLINK  000000  Global
	      SDLINL  000054  Global
	      SDLIO1  000104  Global
	      SDLIO2  000102  Global
	      SDLIPC  000106  Global
	      SDLISC  000060  Global
	      SDLISP  000053  Global
	      SDLIS1  000056  Global
	      SDLIS2  000062  Global
	      SDLIS3  000064  Global
	      SDLIVH  000072  Global
	      SDLIVL  000074  Global
	      SDLKCZ  000004  Global
	      SDLKFC  000040  Global
	      SDLKFL  000042  Global
	      SDLKLC  000050  Global
	      SDLKLK  000040  Global
	      SDLKLV  000045  Global
	      SDLKXX  000047  Global
	      SDPCNT  000022  Global
	      SDPKCP  000016  Global
	      SDPKDH  000012  Global
	      SDPKDT  000014  Global
	      SDPKSP  000020  Global
	      SDPMAX  000002  Global
	      SDREQB  000030  Global
	      SDREQL  000026  Global
	      SDRSMC  000031  Global
	      SDSDID  000024  Global
	      SDSDSC  000025  Global
	      SDSOC   000003  Global
	      SDSTCC  000044  Global
	      SDSTCF  000112  Global
	      SDSTCY  000004  Global
	      SDSTCZ  000031  Global
	      SDSTDA  000074  Global
	      SDSTDB  000076  Global
	      SDSTD1  000054  Global
	      SDSTD2  000056  Global
	      SDSTD3  000060  Global
	      SDSTD4  000062  Global
	      SDSTD5  000047  Global
	      SDSTD6  000064  Global
	      SDSTD7  000066  Global
	      SDSTD8  000070  Global
	      SDSTD9  000072  Global
	      SDSTER  000113  Global
	      SDSTFC  000040  Global
	      SDSTID  000042  Global
	      SDSTLC  000122  Global
	      SDSTPL  000045  Global
	      SDSTR1  000050  Global
	      SDSTSC  000046  Global
	      SDSTSR  000052  Global
	      SDSTSS  000040  Global
	      SDSTS1  000010  Global
	      SDSTS3  000100  Global
	      SDSTTA  000102  Global
	      SDSTTC  000106  Global
	      SDSTTK  000104  Global
	      SDSTTV  000110  Global
	      SDSTVP  000112  Global
	      SDSTV1  000114  Global
	      SDSTV2  000116  Global
	      SDSTV3  000120  Global
	      SDTPVC  000170  Global
	      SDTRAD  000050  Global
	      SDTRBD  000122  Global
	      SDTRBL  000137  Global
	      SDTRBR  000042  Global
	      SDTRBS  000075  Global
	      SDTRBX  000100  Global
	      SDTRCD  000116  Global
	      SDTRCI  000111  Global
	      SDTRCL  000130  Global
	      SDTRCM  000120  Global
	      SDTRCP  000054  Global
	      SDTRCS  000147  Global
	      SDTRCT  000146  Global
	      SDTRCV  000117  Global
	      SDTRCX  000046  Global
	      SDTRCZ  000047  Global
	      SDTRC1  000150  Global
	      SDTRC2  000152  Global
	      SDTRC3  000154  Global
	      SDTRC4  000156  Global
	      SDTRC5  000160  Global
	      SDTRDL  000103  Global
	      SDTRDY  000136  Global
	      SDTREC  000113  Global
	      SDTRES  000144  Global
	      SDTRFC  000052  Global
	      SDTRFD  000125  Global
	      SDTRFP  000133  Global
	      SDTRFV  000126  Global
	      SDTRFX  000135  Global
	      SDTRHD  000121  Global
	      SDTRHI  000107  Global
	      SDTRHP  000142  Global
	      SDTRIC  000077  Global
	      SDTRIL  000076  Global
	      SDTRIP  000052  Global
	      SDTRIT  000101  Global
	      SDTRLC  000170  Global
	      SDTRLD  000123  Global
	      SDTRLP  000100  Global
	      SDTRLT  000116  Global
	      SDTRLW  000127  Global
	      SDTRLX  000104  Global
	      SDTROD  000056  Global
	      SDTROS  000074  Global
	      SDTRPB  000102  Global
	      SDTRPC  000045  Global
	      SDTRPG  000141  Global
	      SDTRRE  000106  Global
	      SDTRSC  000132  Global
	      SDTRSE  000113  Global
	      SDTRSI  000110  Global
	      SDTRSL  000104  Global
	      SDTRSN  000007  Global
	      SDTRSO  000105  Global
	      SDTRSR  000112  Global
	      SDTRSX  000134  Global
	      SDTRS0  000040  Global
	      SDTRS1  000060  Global
	      SDTRS2  000062  Global
	      SDTRS3  000064  Global
	      SDTRS4  000066  Global
	      SDTRS5  000070  Global
	      SDTRS6  000072  Global
	      SDTRTP  000047  Global
	      SDTRTT  000044  Global
	      SDTRT6  000114  Global
	      SDTRVD  000124  Global
	      SDTRVP  000143  Global
	      SDTRVT  000Global
	      SDTRXC  000145  Global
	      SDTR18  000162  Global
	      SDTR19  000166  Global
	      SDTXAP  000172  Global
	      SDWDBC  000052  Global
	      SDWDCZ  000011  Global
	      SDWDDP  000050  Global
	      SDWDFC  000040  Global
	      SDWDFG  000046  Global
	      SDWDLC  000062  Global
	      SDWDLK  000040  Global
	      SDWDN1  000056  Global
	      SDWDN2  000060  Global
	      SDWDPP  000042  Global
	      SDWDSA  000054  Global
	      SDWDTO  000044  Global
	      SDXCNT  000023  Global
	      ST.S0   000002  Global
	      TRMPLM  000050  Global
	      TRMTTL  000004  Global
	      TRPMAX  000020  Global
	      TRPWRN  000006  Global
	      TRPWRX  000003  Global
	      VERNO   000257  Global
	      VERNUM  000250  Global
	      VLLKFC  000006  Global
	      VLLK0C  000012  Global
	      VLLK1C  000012  Global
	      WD.S0   000002  Global
	      .IDCR   000010  Global
	      .IDFD   000012  Global
	      .IDLK   000000  Global
	      .IDLP   000003  Global
	      .IDMT   000011  Global
	      .IDST   000001  Global
	      .IDTR   000002  Global
	      .IDTX   000005  Global
	      .IDTY   000006  Global
	      .IDTZ   000007  Global
	      .IDWD   000004  Global
	      .PLKIL  000000  Global
	      .PLOPT  000024  Global
	      .PLSPR  000001  Global
	      .PLSTP  000020  Global
	      .PLTRM  000003  Global
	      .PLZAP  000014  Global
	      .XXASC  000000  Global
	      .XXBCD  177777  Global
	      .XXCAL  177777  Global
	      .XXCRS  177777  Global
	      .XXEBC  177777  Global
	<LOWMEM>      001000  001000  000000         0. Words
	      LOWMEM  001000  Global
	<SX    >      001146  001322  000154        54. Words
	      SX      001146  Global
	      L0SX    001150  Global
	      L1SX    001212  Global
	      L2SX    001234  Global
	      MNLKSX  001146  Global
	      MXLKSX  001272  Global
	      SXTBL   001146  Global
	      SXTOP   001322  Global
	      S0SX    001276  Global
	      T0SX    001312  Global
	      W0SX    001304  Global
	<PURE  >      001322  001534  000212        69. Words
	      PURE    001322  Global
	      CMDETB  001532  Global
	      CODTIL  001532  Global
	      CODTIP  001532  Global
	      CODTIU  001532  Global
	      CODTOU  001532  Global
	      CODTOX  001532  Global
	      CODTSL  001533  Global
	      CODTSU  001532  Global
	      DEVLTR  001442  Global
	      DEVNAM  001414  Global
	      DFTHST  001400  Global
	      DXTBL   001516  Global
	      DXTOP   001530  Global
	      HCLTBL  001410  Global
	      KERHST  001332  Global
	      NIDDX   001455  Global
	      NIDPMX  001503  Global
	      NIDPWN  001470  Global
	      THOST   001330  Global
	      THSNOD  001322  Global
	      XRAYNM  001334  Global
	      ..MOD   001354  Global
	      ..TRMM  001412  Global
	<MAIN  >      012316  012316  000000         0. Words
	      MAIN    012316  Global
	<CODE  >      013616  014056  000240        80. Words
	      CODE    013616  Global
	<SECOND>      127536  127536  000000         0. Words
	      SECOND  127536  Global
	<TENTHS>      127610  127610  000000         0. Words
	      TENTHS  127610  Global
	<INIT  >      127626  127626  000000         0. Words
	      INIT    127626  Global
	      INISUB  127626  Global
	<.XDT. >      127630  127756  000126        43. Words
	      .XDT.   127630  Global
	      TRCINT  127700  Global
	<.SYM. >      127756  127756  000000         0. Words
	      .SYM.   127756  Global
	<PDATA >      127756  127756  000000         0. Words
	      PDATA   127756  Global
	<DDB   >      130060  131332  001252       341. Words
	      DDB     130060  Global
	      DDBBGN  130060  Global
	      LKCDDB  130562  Global
	      LKFDDB  130060  Global
	      LKIDDB  130770  Global
	      L0$     130060  Global
	      L1$     130562  Global
	      L2$     130770  Global
	      S0$     131212  Global
	      TR0CON  131330  Global
	      T0$     131300  Global
	      W0$     131246  Global
	<LDB   >      131332  132212  000660       216. Words
	      LDB     131332  Global
	      LDBBGN  131332  Global
	      LIALDB  131332  Global
	      L2.0    131332  Global
	      L2.1    131662  Global
	<ADB   >      132212  132332  000120        40. Words
	      ADB     132212  Global
	      ADB0$   132212  Global
	      ADB1$   132236  Global
	      ADB2$   132262  Global
	      ADB3$   132306  Global
	      ASAADB  132212  Global
	<SDB   >      132332  141076  006544      1714. Words
	      SDB     132332  Global
	      L0$0    132332  Global
	      L0$1    132436  Global
	      L0$10   133372  Global
	      L0$11   133476  Global
	      L0$12   133602  Global
	      L0$13   133706  Global
	      L0$14   134012  Global
	      L0$15   134116  Global
	      L0$16   134222  Global
	      L0$17   134326  Global
	      L0$2    132542  Global
	      L0$20   134432  Global
	      L0$3    132646  Global
	      L0$4    132752  Global
	      L0$5    133056  Global
	      L0$6    133162  Global
	      L0$7    133266  Global
	      L1$0    134536  Global
	      L1$1    134606  Global
	      L1$10   135236  Global
	      L1$2    134656  Global
	      L1$3    134726  Global
	      L1$4    134776  Global
	      L1$5    135046  Global
	      L1$6    135116  Global
	      L1$7    135166  Global
	      L2$1    135306  Global
	      L2$10   136276  Global
	      L2$11   136406  Global
	      L2$12   136516  Global
	      L2$13   136626  Global
	      L2$14   136736  Global
	      L2$15   137046  Global
	      L2$16   137156  Global
	      L2$17   137266  Global
	      L2$2    135416  Global
	      L2$20   137376  Global
	      L2$3    135526  Global
	      L2$4    135636  Global
	      L2$5    135746  Global
	      L2$6    136056  Global
	      L2$7    136166  Global
	      SDBBGN  132332  Global
	      S0$1    137506  Global
	      S0$2    137630  Global
	      T0$1    140116  Global
	      T0$2    140312  Global
	      T0$3    140506  Global
	      T0$4    140702  Global
	      W0$1    137752  Global
	      W0$2    140034  Global
	<IMPURE>      141076  143754  002656       727. Words
	      IMPURE  141076  Global
	      CKSFLG  141100  Global
	      CKSVAL  141076  Global
	      IMPBGN  141076  Global
	      IMPCLR  141102  Global
	      REQSTH  142516  Global
	      REQSTT  142520  Global
	      S       142416  Global
	      STKBGN  142412  Global
	      STKEND  142102  Global
	      TMRCNT  142772  Global
	      TMRDSP  143502  Global
	      TMRFRE  142522  Global
	      TMRLST  142524  Global
	      TMRSDB  143236  Global
	      TMRTOP  142770  Global
	      TRRNGP  143752  Global
	      TRRNGT  143750  Global
	<ONCE  >      144250  144250  000000         0. Words
	      ONCE    144250  Global
	      PKTBGN  144250  Global
	<VECTBL>      144736  145076  000140        48. Words
	      VECTBL  144736  Global
	<INIDAT>      145156  145156  000000         0. Words
	      INIDAT  145156  Global
	<FALCBT>      145156  145156  000000         0. Words
	      FALCBT  145156  Global
	<INIBYT>      145156  145156  000000         0. Words
	      INIBYT  145156  Global

********************************************
Module: ROUTE                                       20. Words
			Low    High   Length
	      HSOF$X  000010  Global
	      HSTN$X  000014  Global
	      NODN$X  000010  Global
	<PURE  >      001534  001604  000050        20. Words
	      HSTN$1  001544  Global
	      HSTN$2  001546  Global
	      NODN$1  001534  Global
	      NODN$2  001536  Global
	      PTHPR$  001560  Global
	      PTHSC$  001561  Global
	      PTHTE$  001562  Global

********************************************
Module: EXEC                                       602. Words
			Low    High   Length
	<LOWMEM>      001000  001146  000146        51. Words
	      DBGENT  001004  Global
	      GO      001000  Global
	      NODSTS  001020  Global
	      VERLOC  001034  Global
	<MAIN  >      012316  013544  001226       331. Words
	      MAINLP  012770  Global
	      MAINL2  013122  Global
	      START   012316  Global
	<PURE  >      001604  001634  000030        12. Words
	<CODE  >      014056  014662  000604       194. Words
	      ACKOPS  014642  Global
	      GETPSW  014356  Global
	      GOBOOT  014112  Global
	      RD50XX  014542  Global
	      RTNRTI  014110  Global
	      TIMKIL  014264  Global
	      TIMREQ  014154  Global
	      XXRD50  014364  Global
	<VECTBL>      145076  145104  000006         3. Words
	<IMPURE>      143754  144000  000024        10. Words
	      CKSPNT  143764  Global
	      CKSWRD  143766  Global
	      CLKFLG  143754  Global
	      CPSCNT  143774  Global
	      CPSLST  143776  Global
	      LPSAVG  143772  Global
	      UPTIME  143760  Global
	<PDATA >      127756  127760  000002         1. Words
	      CRSCNT  127756  Global

********************************************
Module: ERROR                                      373. Words
			Low    High   Length
	      CTYRBF  177562  Global
	      CTYRSR  177560  Global
	      CTYXBF  177566  Global
	      CTYXSR  177564  Global
	      TRPERX  000016  Global
	<CODE  >      014662  016114  001232       333. Words
	      CTYCHR  015660  Global
	      CTYOCT  015730  Global
	      CTYSTR  015716  Global
	      ERROR   014662  Global
	      NXMERR  014726  Global
	      STKUND  014760  Global
	      TRPER0  015056  Global
	      TRPER1  015074  Global
	      TRPER2  015112  Global
	      TRPER3  015130  Global
	      TRPER4  015146  Global
	      TRPER5  015164  Global
	      TRPER6  015202  Global
	      TRPER7  015220  Global
	<VECTBL>      145104  145134  000030        12. Words
	<PDATA >      127760  130050  000070        28. Words
	      BADSTK  130046  Global
	      BUGBUF  127760  Global
	      SAVEEC  130020  Global
	      SAVEEI  130022  Global
	      SAVEPC  130042  Global
	      SAVER1  130026  Global

********************************************
Module: PKT1                                       462. Words
			Low    High   Length
	<CODE  >      016114  017714  001600       448. Words
	      ACCEPT  017416  Global
	      CLRINP  017660  Global
	      CPKRTN  017610  Global
	      CTLPKT  017242  Global
	      CTLPKX  017256  Global
	      CTLSTE  017322  Global
	      CTLSTR  017300  Global
	      DECOWN  017004  Global
	      DECPCN  016762  Global
	      FREPAC  016400  Global
	      GETBYT  016420  Global
	      GETCTL  016530  Global
	      GETPKT  017332  Global
	      GIVPKT  017360  Global
	      JNKCPK  016722  Global
	      JNKCPX  016714  Global
	      JNKPKT  016746  Global
	      JNKPKX  016740  Global
	      MAKKIL  017500  Global
	      MAKPAC  016250  Global
	      OUTSUP  017652  Global
	      PKTAGN  017364  Global
	      PKTINI  016114  Global
	      PKTRTN  017624  Global
	      PKTRTX  017602  Global
	      PUTBYT  016574  Global
	      REFUSE  017464  Global
	      REMOVE  017146  Global
	      SETDIS  017520  Global
	      SETEPK  017536  Global
	      SETKIL  017510  Global
	      SETNAK  017530  Global
	      SNDDPK  017224  Global
	      WAKCHK  017040  Global
	      WAKCH2  017124  Global
	<VECTBL>      145134  145150  000014         6. Words
	<PDATA >      130050  130052  000002         1. Words
	      NUMPKT  130050  Global
	<IMPURE>      144000  144016  000016         7. Words
	      PKFCMN  144004  Global
	      PKFCNT  144002  Global
	      PKFHLF  144006  Global
	      PKFLST  144000  Global
	      PKTBND  144010  Global

********************************************
Module: PKT2                                      1283. Words
			Low    High   Length
	      MAXPKT  000013  Global
	<CODE  >      017714  024436  004522      1193. Words
	      CLRCFP  024400  Global
	      CLRCTP  024324  Global
	      CLRDDV  024232  Global
	      CLRSDV  024254  Global
	      CONCOL  021766  Global
	      CONNSB  020324  Global
	      FINDIS  024066  Global
	      FRESOC  024100  Global
	      GRBSDB  024110  Global
	      JNKOWN  023640  Global
	      KILKIL  020120  Global
	      KILKIW  020114  Global
	      KILKIX  020100  Global
	      KILKI2  020206  Global
	      KILKI3  020212  Global
	      REQXR1  023434  Global
	      REQXR2  023442  Global
	      RTYNAK  022172  Global
	      SETINU  024056  Global
	      SNDDAT  023400  Global
	      SNDDA0  023402  Global
	      SNDDA3  023420  Global
	      SNDDTP  023352  Global
	      SNDEAT  023250  Global
	      SNDINT  023256  Global
	      SNDKIL  022544  Global
	      SNDKL5  022652  Global
	      SNDPKT  017714  Global
	      SNDSRC  023374  Global
	<PURE  >      001634  002112  000256        87. Words
	<SECOND>      127536  127542  000004         2. Words
	<IMPURE>      144016  144020  000002         1. Words

********************************************
Module: PKT3D                                        2. Words
			Low    High   Length
	      STARFP  000000  Global
	      STARFW  000000  Global
	      STARIP  000000  Global
	      STARTP  000000  Global
	      STARTW  000000  Global
	      XXSSRC  000000  Global
	<CODE  >      024436  024442  000004         2. Words
	      SNDRCR  024436  Global

********************************************
Module: CMDTYM                                     545. Words
			Low    High   Length
	<PURE  >      002112  002132  000020         8. Words
	      TYMENT  002112  Global
	<CODE  >      024442  026524  002062       537. Words

********************************************
Module: CMDS                                       732. Words
			Low    High   Length
	      .CXACK  000010  Global
	      .CXCIN  000002  Global
	      .CXCMD  000000  Global
	      .CXDAK  000016  Global
	      .CXDIS  000014  Global
	      .CXECL  000004  Global
	      .CXNAK  000012  Global
	      .CXRST  000006  Global
	<CODE  >      026524  031410  002664       730. Words
	      CMDACK  027010  Global
	      CMDCNP  027332  Global
	      CMDCON  030352  Global
	      CMDDAK  026676  Global
	      CMDDIS  026524  Global
	      CMDENT  026756  Global
	      CMDNAK  027310  Global
	      EATBLK  030170  Global
	      ENDLIN  030026  Global
	      GETDEC  030076  Global
	      INLOUT  027746  Global
	      MAKDSC  031270  Global
	      OUTDEC  030230  Global
	      OUTSTR  030032  Global
	      OUTST1  030036  Global
	      TRSSRC  031336  Global
	      WATIDL  027706  Global
	<PURE  >      002132  002136  000004         2. Words

********************************************
Module: TRM                                       3237. Words
			Low    High   Length
	      FPCCCR  000025  Global
	      FPCNCH  000023  Global
	      FPCOUT  000004  Global
	      FPCRLF  000001  Global
	      FPCRTN  000010  Global
	      FPCXCR  000034  Global
	      FPDONX  000003  Global
	      FPIXLF  000015  Global
	      FPLINF  000006  Global
	      FPNEBS  000046  Global
	      FPNLFD  000021  Global
	      FPNSPA  000017  Global
	      FPPRFX  000012  Global
	      FPXBSE  000051  Global
	      .CXBSP  000004  Global
	      .CXCAN  000030  Global
	      .CXCMA  000034  Global
	      .CXCNT  000002  Global
	      .CXCRN  000016  Global
	      .CXDC2  000024  Global
	      .CXDLE  000020  Global
	      .CXDSH  000034  Global
	      .CXEOT  000056  Global
	      .CXESC  000032  Global
	      .CXFFD  000014  Global
	      .CXHSP  000042  Global
	      .CXHTB  000006  Global
	      .CXLCA  000040  Global
	      .CXLCS  000052  Global
	      .CXLFD  000010  Global
	      .CXNUL  000000  Global
	      .CXPRE  000054  Global
	      .CXRUB  000044  Global
	      .CXSMI  000036  Global
	      .CXUCA  000034  Global
	      .CXUCS  000050  Global
	      .CXUNU  000046  Global
	      .CXVTB  000012  Global
	      .CXXOF  000026  Global
	      .CXXON  000022  Global
	<ONCE  >      144250  144316  000046        19. Words
	<CODE  >      031410  044764  013354      2934. Words
	      BALTMO  040250  Global
	      BRDRDY  042244  Global
	      BRDTMO  042334  Global
	      BREAKR  042646  Global
	      CARDET  042106  Global
	      CARLOS  042366  Global
	      CHRDLY  044670  Global
	      CON2TR  043270  Global
	      HANGIT  043346  Global
	      HANGU4  042572  Global
	      HNDXON  044310  Global
	      HUNGUP  042442  Global
	      INPGET  040154  Global
	      OUTCHR  040026  Global
	      OUTCOD  042006  Global
	      OUTDLY  037452  Global
	      OUTGET  040012  Global
	      OUTIDL  040166  Global
	      OUTRDY  037060  Global
	      OUTRD1  037066  Global
	      POBINT  043046  Global
	      POBRST  043100  Global
	      RNGDET  042016  Global
	      SNDGRX  044134  Global
	      TRDATA  032276  Global
	      TRDDBI  031410  Global
	      TRINTR  031540  Global
	      TRMFNC  043572  Global
	      TRMSTP  043622  Global
	      TROCNT  041466  Global
	      TRRSUM  037014  Global
	      TRSDBI  031436  Global
	<TENTHS>      127610  127614  000004         2. Words
	<SECOND>      127542  127546  000004         2. Words
	<MAIN  >      013544  013550  000004         2. Words
	<PURE  >      002136  003176  001040       272. Words
	<IMPURE>      144020  144034  000014         6. Words
	      CINCNT  144020  Global
	      CINLST  144024  Global
	      COTCNT  144022  Global
	      COTLST  144026  Global

********************************************
Module: TRMF                                       988. Words
			Low    High   Length
	<CODE  >      044764  050256  003272       861. Words
	      CLRBAL  046012  Global
	      CPYPRM  050214  Global
	      ENBKEY  045606  Global
	      OUTCPK  044776  Global
	      PKTFIN  045514  Global
	      PKTFN2  045520  Global
	      RPTBIT  047652  Global
	      RPTBTX  047644  Global
	      RPTPAR  047700  Global
	      RPTTYP  047576  Global
	      RPTVAL  047672  Global
	      SETDFT  047770  Global
	      SETPRF  050066  Global
	      SETTCD  050234  Global
	      SETTTP  050152  Global
	      TRPOKE  044764  Global
	<PURE  >      003176  003574  000376       127. Words

********************************************
Module: TRMP                                       482. Words
			Low    High   Length
	<CODE  >      050256  052162  001704       482. Words
	      CHKTWO  050752  Global
	      CLRCMC  051760  Global
	      CLRIHB  051744  Global
	      DECCNT  051546  Global
	      DELCHR  051104  Global
	      DELSRC  051720  Global
	      ECHSLF  051016  Global
	      GETCMC  051416  Global
	      GETIHB  051224  Global
	      PKTSLF  051034  Global
	      PUTCHR  050256  Global
	      PUTIHB  051314  Global
	      REECHO  052014  Global
	      RNGBEL  050730  Global
	      SNDTRP  051612  Global

********************************************
Module: TRMT                                       537. Words
			Low    High   Length
	      MAXPRF  000012  Global
	      MAXTYP  000031  Global
	      PRFSIZ  000013  Global
	      TPRMAX  000052  Global
	      TYPSIZ  000012  Global
	<PURE  >      003574  005656  002062       537. Words
	      BRKTBL  004001  Global
	      CHRINX  003574  Global
	      DSPRPT  004400  Global
	      FILDIV  004226  Global
	      FILMUL  004201  Global
	      PRFPNT  005630  Global
	      TPFBTS  005602  Global
	      TPFCMD  005526  Global
	      TPFDFS  005350  Global
	      TPFLFH  005376  Global
	      TPFNM1  005274  Global
	      TPFNM2  005322  Global
	      TPRIDX  004254  Global
	      TPROFF  004326  Global
	      TPRTBL  004255  Global
	      TTPBTS  005164  Global
	      TTPNM1  004410  Global
	      TTPNM2  004474  Global
	      TTPWID  005015  Global
	      TYPPNT  005250  Global

********************************************
Module: ZAPBUF                                      65. Words
			Low    High   Length
	<CODE  >      052162  052360  000176        63. Words
	      ZAPBUF  052162  Global
	<TENTHS>      127614  127620  000004         2. Words

********************************************
Module: LNK1                                        33. Words
			Low    High   Length
	<CODE  >      052360  052460  000100        32. Words
	      LKDDBI  052360  Global
	      LKSDBI  052410  Global
	      NOLINK  052450  Global
	<IMPURE>      144034  144036  000002         1. Words
	      CURSX   144034  Global

********************************************
Module: LNK2                                       460. Words
			Low    High   Length
	<CODE  >      052460  054240  001560       440. Words
	      CHKFLG  052570  Global
	      CHKRSP  052514  Global
	      FGPOKE  052534  Global
	      LKCONT  053514  Global
	      LKPDWN  052712  Global
	      LKPOKE  052602  Global
	      LKPOK0  052632  Global
	      LNKDWN  053560  Global
	      LNKUP   054036  Global
	      MOVPKE  053240  Global
	      MOVPKT  053164  Global
	      MOVPK0  053220  Global
	      NXTCFR  053124  Global
	      NXTPKT  052732  Global
	      RSPOKE  052460  Global
	<PURE  >      005656  005722  000044        18. Words
	<SECOND>      127546  127552  000004         2. Words

********************************************
Module: LNKRSP                                      90. Words
			Low    High   Length
	<CODE  >      054240  054524  000264        90. Words
	      NXTRSP  054322  Global
	      RSPPKT  054434  Global
	      RSRSUM  054240  Global

********************************************
Module: LNKC                                       677. Words
			Low    High   Length
	      PREFIX  000307  Global
	<CODE  >      054524  057200  002454       662. Words
	      LKCIIN  055024  Global
	      LKCINI  054524  Global
	      LKCINS  054614  Global
	      LKCLOD  056456  Global
	      LKCOIN  054616  Global
	      LKCSTR  056174  Global
	<MAIN  >      013550  013554  000004         2. Words
	<PURE  >      005722  005746  000024        10. Words
	<SECOND>      127552  127556  000004         2. Words
	<IMPURE>      144036  144040  000002         1. Words

********************************************
Module: LOAD                                       444. Words
			Low    High   Length
	<CODE  >      057200  060754  001554       438. Words
	      MOVLOD  060610  Global
	      NXTLOD  060210  Global
	      WDDDBI  057200  Global
	      WDPOKE  057240  Global
	      WDRSUM  057236  Global
	      WDSDBI  057202  Global
	<SECOND>      127556  127562  000004         2. Words
	<PURE  >      005746  005756  000010         4. Words

********************************************
Module: LNKIA                                     1439. Words
			Low    High   Length
	<PURE  >      005756  006440  000462       153. Words
	<CODE  >      060754  065744  004770      1276. Words
	      LIADWX  065270  Global
	      LIAINX  063346  Global
	      LIAISV  060754  Global
	      LIAOSV  062422  Global
	      LIASTX  064416  Global
	<MAIN  >      013554  013560  000004         2. Words
	<IMPURE>      144040  144054  000014         6. Words
	      EMPFEC  144040  Global
	<SECOND>      127562  127566  000004         2. Words

********************************************
Module: LKIPK1                                    1642. Words
			Low    High   Length
	      LKILOD  000000  Global
	      LKISTR  000000  Global
	<CODE  >      065744  073734  005770      1532. Words
	      FILFRM  070272  Global
	      LIPOKE  066136  Global
	      LIRSUM  066134  Global
	      LKIBGN  066244  Global
	      LKIBYO  073530  Global
	      LKIINI  065744  Global
	      LKIINS  066114  Global
	      LKINKL  070224  Global
	      LKISCM  070140  Global
	<PURE  >      006440  006762  000322       105. Words
	<IMPURE>      144054  144066  000012         5. Words
	      LKILFT  144056  Global

********************************************
Module: LKIPK2                                    3628. Words
			Low    High   Length
	<CODE  >      073734  107470  013534      2990. Words
	      BADCPR  075006  Global
	      BALBCK  077332  Global
	      BRKCIR  106300  Global
	      CLRCIR  106354  Global
	      DATLP1  074404  Global
	      DATLP5  074426  Global
	      EMPFRM  073734  Global
	      IIXCAL  104040  Global
	      KILSUB  107436  Global
	      LKIATO  104730  Global
	      LKIDWN  107150  Global
	      LKINPK  074030  Global
	      LKINXT  074104  Global
	      LKISPK  077220  Global
	      LKIUP   107112  Global
	      NXTCHR  074660  Global
	      SNDSPR  105734  Global
	      SNDTYM  077170  Global
	      SPRINV  106652  Global
	<PURE  >      006762  011164  002202       577. Words
	<TENTHS>      127620  127624  000004         2. Words
	<SECOND>      127566  127572  000004         2. Words
	<IMPURE>      144066  144250  000162        57. Words
	      LKIMNC  144074  Global
	      LKIPPK  144100  Global
	      SUPMSG  144150  Global
	      SUPNOD  144106  Global
	      ZAPCNT  144072  Global

********************************************
Module: TYMA                                        96. Words
			Low    High   Length
	      MAXRNT  000024  Global
	<CODE  >      107470  107620  000130        44. Words
	      TYNFIV  107574  Global
	      TYNGTT  107470  Global
	<PURE  >      011164  011334  000150        52. Words
	      TYNFNF  011164  Global
	      TYNRNT  011307  Global
	      TYNRTN  011204  Global

********************************************
Module: TYMB                                        33. Words
			Low    High   Length
	<CODE  >      107620  107722  000102        33. Words
	      PUTHSN  107670  Global
	      TYMCON  107620  Global

********************************************
Module: LNKF                                      2635. Words
			Low    High   Length
	      LKFLOD  000000  Global
	      MAXMSG  000062  Global
	<CODE  >      107722  121332  011410      2436. Words
	      LFOUTX  114242  Global
	      LFRSUM  110026  Global
	      LKFINI  107722  Global
	      LKFINS  110002  Global
	      LKFSTR  115142  Global
	<MAIN  >      013560  013564  000004         2. Words
	<PURE  >      011334  012142  000606       195. Words
	      MSGLEN  011710  Global
	<SECOND>      127572  127576  000004         2. Words
	<IMPURE>      144250  144250  000000         0. Words

********************************************
Module: LNKF2                                      338. Words
			Low    High   Length
	<CODE  >      121332  122550  001216       327. Words
	      LKFACP  122460  Global
	      LKFCLR  122540  Global
	      LKFDII  122452  Global
	      LKFENB  122420  Global
	      LKFIN2  121332  Global
	      LKFOU2  122142  Global
	      LKFSTO  122510  Global
	<PURE  >      012142  012170  000026        11. Words

********************************************
Module: LINA                                       185. Words
			Low    High   Length
	<CODE  >      122550  123272  000522       169. Words
	      ASAFNC  123134  Global
	      ASAINI  122622  Global
	      ASAINT  122550  Global
	      ASAOUI  122752  Global
	      ASAOUT  123116  Global
	      BPTINS  122656  Global
	<VECTBL>      145150  145156  000006         3. Words
	<SECOND>      127576  127602  000004         2. Words
	<PURE  >      012170  012216  000026        11. Words

********************************************
Module: STATUS                                    1143. Words
			Low    High   Length
	<CODE  >      123272  127536  004244      1106. Words
	      STDDBI  123272  Global
	      STPOKE  123352  Global
	      STRSUM  123322  Global
	      STSDBI  123274  Global
	      TRCCOD  126026  Global
	<PURE  >      012216  012316  000100        32. Words
	<SECOND>      127602  127606  000004         2. Words
	<PDATA >      130052  130060  000006         3. Words
	      TRCADD  130052  Global

********************************************
Module: ONCE                                       136. Words
			Low    High   Length
	<ONCE  >      144316  144736  000420       136. Words
	      CODTOP  144736  Global
	      ONCNRM  144330  Global
	      ONCXDT  144320  Global

********************************************
Module: END                                         16. Words
			Low    High   Length
	<IMPURE>      144250  144250  000000         0. Words
	      IMPEND  144250  Global
	<MAIN  >      013564  013616  000032        13. Words
	<INIT  >      127626  127630  000002         1. Words
	      PUREND  127630  Global
	<SECOND>      127606  127610  000002         1. Words
	<TENTHS>      127624  127626  000002         1. Words
	<PDATA >      130060  130060  000000         0. Words
	      PDATND  130060  Global
	<VECTBL>      145156  145156  000000         0. Words
	      VECEND  145156  Global
	<INIDAT>      145156  145156  000000         0. Words
	      INIDND  145156  Global
	<INIBYT>      145156  145156  000000         0. Words
	      INIBND  145156  Global
   aWJ