2010B                   T1 TRUNK                    PRC
202T                    MODEM AT&T DATAPHONE 1800   PMRB
2048                    MODEM DATAPHONE TWO         PMRB
2070A                   RS 422 TRUNK                PRC
2096                    MODEM WESTERN ELEC.DATAPHON PMRB
212A                    MODEM BELL 1200             PMRB
2144A                   MODEM AT&T DATASET 2144A    PMRB
2192                    MOD. DATAPHONE II 2192      PMRB
21A151A17-01            PCBA PENRIL 5SLOT BKPLN     PSR
21A151A19-01            PCBA VCX-1000 19 SLOT B/P   PSR                200.0000
2224-05                 INFOCORE 2400 MNP MODEM     PMRB                23.3400
2227-02                 INFOCORE 4800 MNP MODEM     PMRB                46.5500
2229-02                 INFOCORE 9600 MODEM         PMRB                44.7700
2310100705-AD           MODEM CDS RM224 AUTODIAL RM PMRB                54.6400
2310101801              P/S FOR CDS RM224 RACK ASSY PSR  525.0000      190.0000
2400                    MODEM 2400 HAYES EXT SMART  PSR                 90.0000
2400E                   MODEM USROBOTICS EXTERNAL   PSR                 83.7500
2400PA                  MODEM RACAL/VADIC           PMRB               169.0000
2448                    PARADYNE MP4800 MODEM       PRC                  0.0000
2496                    PARADYNE MP9600 MODEM       PRC                  0.0000
2496RP                  PARADYNE 9.6 RP MODEM       PSR
2498                    PARADYNE 14.4 MODEM         PSR
2532R-02                MODEM PENRIL ALX V.32 LPR/M PSR                200.0000
2556A                   MODEM AT&T 56KB DP11        PMRB
2556B                   MODEM AT&T DSU 56KB         PMRB
260073-001              SWITCH, TOGGLE SPDT SEALED  PMRB   3.9780
2635-21                 PARADYNE FDX1200 PLUS       PMRB               150.0000
2698                    PARADYNE MODEM 14.4         PSR
2698-06                 MODEM PARADYNE 14.4 (AMEX)  PRC
2748                    PARADYNE MODEM MPX4800      PRC
2796                    PARADYNE MPX9600 MODEM      PRC                  0.0000
2900                    MODEM HAYES SMART 9600      PSR
2915-01                 MODEM PARADYNE SHORT HAUL   PRC
291826                  PCBA DUAL COMM CTLR DCC232  PSR
2919                    MODEM DATAPHONE 11 2919     PMRB
292066                  PCBA DUAL COMM CTRL DCC485  PSR
2930-01                 MODEM PARADYNE SHR DEV 2POR PRC
2930-02                 MODEM PARADYNE SHR DEV 4POR PRC
2930-03                 MODEM PARADYNE SHR DEV 4POR PRC                200.0000
2942-01                 PARADYNE MODEM LDM 18-19.2  PSR
2960-11                 DCX 815 8PORT MULTIPLX      PSR                450.0000
