4201-21                 CHASSIS PENRIL 5SLOT VCX    PSR                325.0000
4202-01                 CHASSIS 19SLOT VCX PENRIL   PSR                525.0000
4202-84                 P/S CHASSIS PENRIL VCX-1000 PSR
4202-87                 P/S MODULES PENRIL VCX 1000 PSR                350.0000
4202-90                 P/S PENRIL SWITCHER         PSR                250.0000
4202-94                 P/S PENRIL MODEL 9310       PSR               1303.0000
4203-01                 PCB PENRIL "CTL" ARBITRATOR PSR                150.0000
4204-01                 PCB PENRIL ARBITRATOR 150   PSR                150.0000
4204-02                 PCB PENRIL "RCL" ARBITRATOR PSR                300.0000
4301-02                 PCBA PENRIL ASYNC VCX A16+  PRC                450.0000
4302-01                 PCBA ALC PENRIL 4P          PSR
4310-02                 PCBA PENRIL SYNC VCX RS232  PSR                350.0000
4311-02                 PCBA PENRIL SYNC VCX V.11   PSR                350.0000
4312-02                 PCBA PENRIL SYNC VCX V.35   PSR                350.0000
4320-01                 PCBA VCX ITDM               PSR
4325-02                 PCBA PENRIL V-LAN CONTROLLR PSR
4404-24A                MODEM 2400 MARK II          PMRB
4483100                 PRINTHEAD P.O.S.            PSR                 55.0000
4483110-MOD2            P.O.S. PRINTER MODEL 2      PRC                150.0000
4483110NP               P R I N T E R - P.O.S.      PRC                165.0000
4501-02                 PENRIL VCX MODULE SWITCHING PSR                100.0000
4501-62                 MODULE PENRIL VCX150 V2.4   PSR
4502-01                 PCBA SWITCH/MUX PENRIL PM   PSR
4510-02                 PENRIL VCX MODULE MUXING    PSR                100.0000
4520-01                 PCBA PENRIL XNET PM         PSR
4530-02                 PENRIL VCX MODULE X.25      PSR
454623                  MUX 2000 MULTIPLEXOR        PRC
4590-01                 PENRIL VCX CONFIG MODULE    PSR                100.0000
4590-02                 PENRIL 64K CONFIG MODULE    PSR                100.0000
4600-01                 MULTIPLEXOR PENRIL VCX150 4 PRC                300.0000
4600-02                 MULTIPLEXOR PENRIL VCX150 1 PRC                400.0000
4600-03                 MULTIPLEXOR PENRIL VCX150 1 PRC                500.0000
4602-03                 MODULE PENRIL X.25 S/W VCX1 PSR
4603-02-10              MODEM VCX150 V.35/RS232 TRU PRC                300.0000
4603-02-16              MODEM VCX150 V.35/RS232 TRU PRC                500.0000
4603-03                 DUAL TRUNK CARD VCX150 V.35 PRC
4603-12                 PCBA PENRIL RS232/V.35      PSR
4603-13                 PCBA DUAL V.35 TRUNK PENRIL PSR
4604-11                 PCBA PENRIL EXPNDR VCX150 6 PSR
4683-002                IBM POS TERM SEE RSPL       PMRB
470100-001              PCBA 160MB DISC CONT.       PRC  883.5127      174.2200
470101-001              PCBA EIA BRIDGE ADAPTER     PMRB   0.0000
470102-001              PCA/ABC CRSVR ADAPTR BD     PMRB   0.0000
470106-001              PCA/ABC MOUSE/KEYSET/SERIAL PMRB   0.0000
470108-001              PCBA EIA BRIDGE PANEL ASSY  PMRB   0.0000
470109-001              PCBA MAC II                 PRC  951.7030       95.4500
470109-002              PCBA MAC II - MULTI MEG     PRC  821.9443      120.8600
470110-001              PCBA MONITOR DISP PNL       PMRB 154.8636
470111-001              PCBA ASYNC I/O              PRC    0.0000       30.2300
470111-002              PCBA ASYNC NON ENH          PRC
470112-001              PCBA SYNC I/O               PRC  963.7002      120.8500
470113-001              PCBA CONNCTR PANEL          PMRB 255.7906
470114-001              PCA/ABC I/O BACKPLANE       PMRB 153.3604       62.3300
470116-001              PCBA CONNECTR 1 TERM        PRC   44.6528        8.4200
470117-001              PCBA DMA TERM CONN.         PRC   51.1619        9.3000
470118-001              PCBA PRINTER INTERFACE      PMRB 394.6073
470119-001              PCBA PRINTR DAUGHTR         PMRB 221.1428
470120-001              PCBA MEM CONT CONN&TRM      PMRB   0.0000
470120-002              PCBA MEM CONT CONN &TRM     PMRB   0.0000
470121-001              PCBA P/S METER SWITCH OLD   PMRB 147.5721       71.4100
470121-002              PCBA P/S METER SWITCH NEW   PMRB                40.1700
470122-001              HALF SUPER CLOCK BOARD      PRC  477.4773      188.6400
470123-001              PCA/ABC SIO                 PRC  840.4858       68.3100
470124-001              PCBA OCL DAUGHTER CD.       PRC  143.3140       18.7800
470125-001              PCBA RS232 DAUGHTER CD.     PRC  113.5123
470128-001              PCBA RS232 DAUGHTR SYNC     PMRB 111.2015       15.3500
470128-002              PCBA V.35 DAUGHTR SYNC      PMRB 114.1143       17.8500
470129-001              PCA/ABC MODEM INTERCONNECT  PMRB 195.0806
470132-001              CONSOLE INTERFACE           PRC  149.2997
470133-001              PCA/ABC HARDWIRE INTERCONNE PMRB 254.7020
470134-001              PCBA MAC I OBSOLETE         PMRB   0.0000
470135-001              PCBA CONSOLE BOARD          PMRB 537.2615       49.8400
470136-001              PCBA ROM IO MAC2 REV ONLY   PRC    0.0000      121.1800
470136-003              PCBA ROM IO                 PRC  871.9128       95.6100
470136-004              PCBA ROM IO "SUPERVISOR"    PRC  778.3628      243.3700
470137-001              PCBA CPU MAC2 REV ONLY      PRC    0.0000      106.6300
470137-002              PCBA CPU MAC 3 OR 2 REV     PRC  678.2071       50.1900
470138-001              PCA/ABC CPU BACKPLANE       PMRB 156.9520       62.6100
470139-001              ABC KEYBOARD MOUNTING       PMRB  46.0899
470140-001              PCBA CONN 0 TERM MUX IO     PRC   40.4287       60.9200
470140-002              PCBA CONN 0 TERM,MEMORY     PRC   40.4057       27.4400
470140-003              PCBA CONN 0 TERM MINI       PRC   41.5509        9.3000
470141-001              PCBA MAC CABLE CONN         PRC   35.4902
470142-001              PCBA DMA CABLE CONN         PRC   40.7085        4.9700
470145-001              PCBA PRINTR CBL ADPTR       PRC    0.0000
470147-001              PCBA SEMI MEM FULL MEG      PRC  335.4964      113.8000
470147-002              PCBA SEMI MEM 1/2 MEG       PMRB 036.8908       45.5600
470155-001              PCA/ABC BACKPLANE COMM PROC PMRB   0.0000
470161-001              PCBA ASYNC I/O II           PRC  477.6109       74.1500
470172-001              PCA/ABC CPU MICRO-ENGINE    PMRB 766.4439      113.2800
470172-002              PCA/ABC CPU MICRO ENG (HDLC PMRB 761.2439       76.6100
470173-001              PCA/ABC 512KB MEMORY BD MIC PMRB 956.9423       42.2200
470173-003              PCA/ABC 1MB MEMORY BD MICRO PMRB 064.8944      551.7300
470174-001              MICRO-ENG. I/O BOARD        PMRB 965.3097       86.2700
470175-001              PCA/ABC DMA CA CONN. W/TERM PRC    0.0000        5.8000
470190-001              PCA/ABC BKPLANE PSM         PRC   83.0700       40.9800
470192-001              PCBA 8CH ASYNC UNSW         PMRB 179.5834       20.3600
470193-001              PCBA 4CH SYNC UNSW NON      PMRB 155.0892       25.3600
470194-001              PCBA BKPLANE EXTND CD.      PMRB  74.4157
470200-001              PCBA 8CHNL ASYNC SW NON     PRC  422.0266       72.8100
470204-001              PCBA 4CHNL SYNC SW NON      PRC  428.3200       23.2500
470206-001              PCA/ABC BTRY BACKUP ENG & M PRC  122.7945       25.5500
470206-002              PCB FOR BAT BKUP UNIT (XL)  PRC  117.2521       30.9900
470208-001              PCBA CNTRL CD. PSM          PRC  602.6209      216.0300
470210-001              ABC-CPU & I/O (US STD)      PMRB 614.2114
470210-007              ABC, ATC-PLUS 8CH US STD    PMRB 504.8024       24.8000
470210-008              ABC, ATC-PLUS 4CH US STD    PMRB 495.7934       32.4200
470211-001              PCA/ABC 50 PIN BREAKOUT     PMRB 380.6179      109.1700
470212-001              PCBA 4CH SYNC RS232 SW      PRC  516.4409       28.8100
470212-002              PCBA 4CH SYNC RS232         PRC  495.5605       35.0600
470212-003              PCBA 4CH SYNC RS232 SW      PRC  414.6555       24.9300
470212-004              PCBA 4CH SYNC RS232 SW      PRC  383.4252       13.1500
470213-001              PCBA 8CH ASYNC SW/UNSW      PRC  657.8121      149.4100
470213-002              PCBA 8CH ASYNC SW/UNSW      PRC  559.0521      149.9600
470214-001              PCBA 8CH SW/UNSW OCL        PRC  592.6273       54.7800
470214-002              PCBA 8CH SW/UNSW OCL        PRC  597.8273
470214-003              PCA/ABC 8 CHAN SW/UNSW OCL  PRC  347.5101
470216-001              P/S FOR PSM RACK ASSY       PRC  640.1570       49.1200
470225-001              PCA/ABC REDUNDANT PWR TPS1  PRC  161.8498
470228-001              PCA/ABC ETHERNET INTFC BD ( PMRB 518.7977        5.6500
470230-001              PCBA MOTHER BOARD XPI       PSR  165.8341
470246-001              PCA/ABC STATIC RAM 1MB 64K  PRC    0.0000
470248-001              PCA/ABC CHANNEL PROCESSOR   PMRB   0.0000
470251-001              PCBA DIAG PROC SBC ADAPTR   PMRB   0.0000
470253-001              PCA/ABC MINI ENG CPU BACKPL PMRB 283.8970
470254-001              HDLC MICRO-ENG. I/O BOARD   PMRB 037.5980       88.2300
470255-001              PCA/ABC ATC-4 4CH ASYNC TER PMRB   0.0000
470261-001              PCA/ABC XPI E-BUS INTERFACE PRC  173.3037
470262-001              PCA/ABC RS-232/CENTRONICS I PRC    0.0000
470264-001              PCBA SYNC IO II             PRC  835.8528       58.7400
470269-001              PCBA MAC III                PRC  664.9615      174.3400
470278-001              PCA/ABC VME PROTOTYPE       PRC    0.0000
470284-001              PCBA CPU III STD ENG        PRC  890.5114       60.7300
470284-002              PCBA CPU III SUPERVISOR     PRC  890.5114
470291-001              PCBA PAD RS232 8CH          PRC  482.2192       11.1600
470296-001              PCBA SCC                    PRC  137.5018       39.1700
470297-001              PCBA LED                    PRC   16.4693
470298-001              PCBA INPUT/OUTPUT CNTRL     PRC  776.1530       72.3900
470299-001              PCBA PAD 4X RS422           PRC  245.6189
470302-001              PCBA PICO ENG PROCESSOR     PRC  476.2470       96.4100
470303-001              PCA/ABC BATT BKUP SUBASSY   PRC   51.1057       18.3900
470304-001              PCBA 4 PORT CTR             PRC  983.6426       35.3900
470304-002              PCBA, OCL CONTROL TURBO     PRC
470305-001              PCBA I/O 8PORT CTR          PRC  248.2239       27.2800
470308-001              PCA/ABC BACKPLANE PICO ENG  PMRB  89.7768
470311-001              PCA/ABC THRESHOLD DETECTOR  PRC   82.3993       49.9600
470312-001              PCBA CPU IV                 PRC
470317-001              PCBA ABC-SIO II             PRC  283.9721       90.3500
470323-001              PCBA SYNC IO (8 PORTS)      PRC                 27.3600
470341-001              BOP LARGE RS232 DB9 X24     PRC    0.0000
470342-001              BOP LARGE RS232 DB15 X24    PRC  256.8998
470343-001              BOP LARGE V.35 DB34 X12     PRC    0.0000
470344-001              BOP LARGE RS232 RJ45        PRC    0.0000
470346-001              PCBA PAD V.35               PRC  306.4180
470347-001              PCBA ABC DISC DRV GUX160 TB PRC  143.0452
470349-001              PCBA ABC-SIO III            PRC                147.4200
470350-001              MAC V BD. (SUPE)            PRC
470352-001              PCBA MAC III (B) COMPAC XL  PRC  685.7010      196.7200
470354-001              PCBA GPII TURBO             PRC                 30.4900
470356-001              PCA-ABC CONSOLE CNTRL BD    PRC                 77.9000
470359-001              PCBA SCV24 PXL-1            PRC                  4.6500
470360-001              PCBA SP PXL-1               PRC                 24.5600
470361-001              PCBA AP PXL-1               PRC                 31.6600
470362-001              PCBA SE PXL-1               PRC                 43.2500
470363-001              PCBA AV24 PXL-1             PRC
470364-001              PCBA SV24 PXL-1             PRC                 58.6300
470365-001              PCBA AE PXL-1               PRC                 60.0800
470367-001              PCBA MOTHER BOARD PXL-1     PRC                 38.4600
470370-001              PCBA SV35 PXL-1             PRC                 76.2600
470371-001              PCBA ABC-SIO IV CXL         PRC
470372-001              PCBA ABC-SIO V CXL          PRC                 29.3000
470373-001              PCBA CPU V CXL              PRC
470374-001              PCBA SIO PXL-1              PRC
470377-001              PCBA POCL PXL-1             PRC
470379-001              PCBA ABC-SIO VII CXL        PRC                 38.6000
470380-001              PCBA ABC-SIO VIII CXL       PRC                 32.0900
470389-001              PCBA PSM TERM               PRC
470392-001              PCBA PWR BACKUP PXL-1       PRC
470400-001              PCBA TTY CARD PXL-2         PRC
470402-002              PXL-II MOTHER BD PCB        PRC
470404-002              PCBA PXL-II MOTHER BD.      PRC
470412-001              PCBA SMART CARD             PRC
470420-001              PCB PWR RESET BD. ASSY. PXL PRC                  6.5100
470422-001              PCBA AL8 PXL-1/2            PRC
470433-001              PCBA RS422 8PT TURBO        PRC
470434-001              PCBA CXL PWR RESET BD       PRC
470435-001              PCBA OCL PADDLE TURBO       PRC
470442-001              PCB SV24/NRZI               PRC                226.3300
4783719N                BASE UNIT W/PWR SPL P.O.S.  PRC                110.0000
4783794                 CASH DRAWER P.O.S.          PRC                 65.0000
4783821                 RAILS FOR POS CASH DRAWER   PMRB
4783888                 DISPLAY UNIT P.O.S.         PRC                 95.0000
4783896                 KEYBOARD - P.O.S.           PRC                 75.0000
479300-001              PCBA GP                     PRC  395.7525       34.2900
479301-001              PCBA FILE SERVER            PRC  395.7525       27.5000
479431-001              PCBA SBE MEZZANINE TURBO    PRC
479432-001              PCBA T1E1 CONTROLLER TURBO  PRC
4801-01                 TERM PNL PENRIL DB25 16P    PMRB
4863-01                 CABLE PENRIL VCX150 M/M 10' PMRB
4900-01                 MULTIPLXR PENRIL VCX100 8P  PRC                200.0000
4900-02                 MULTIPLXR PENRIL VCX100 16P PRC                200.0000
4901-02                 PCBA PENRIL VCX100 16 PORT  PSR
4905-02-16              MODEM VCX100 16P V.35 TRUNK PRC                500.0000
4905-02-8               MODEM VCX100 8P V.35 TRUNK  PRC                500.0000
  