600001-001              PCBA MULTI-LISA             PMRB   0.0000
600003-001              PCBA ESELCH                 PRC  732.7700       95.7900
600008-001              PCBA TAPE CNTRLR 45IPS      PRC  206.1500
600009-001              PCBA CNTRLR 10MB DISK       PRC    0.0000      160.7200
600010-001              PCBA CNTRLR 300MB DISK      PRC    0.0000
600017-001              MEMORY 128K                 PMRB   0.0000       15.0300
600018-001              MEMORY 64K                  PMRB   0.0000
600027-001              MICON TERMINAL              PMRB   0.0000
600036-001              MODEM VA1240 STAND ALONE    PMRB   0.0000
600036-002              MODEM VA1240KX3 RACK MOUNT  PMRB   0.0000
600044-001              MODEM VA3467 VADIC          PRC    0.0000       42.8400
600044-002              RACK ASSY VADIC 1680,1681   PRC  526.5000
600044-003              MODEM ASYNC VA1251G/K       PMRB   0.0000
600044-004              MODEM DIALUP VA3447 VADIC   PMRB
600044-005              MODEM (3481) RACAL VADIC    PMRB
600047-001              CARD CAGE 16 SLOT MULTIBUS  PMRB   0.0000
600047-002              CARD CAGE 21 SLOT CINDY     PMRB   0.0000
600052-001              MODEM PARADYNE 9.6 SOFTSWIT PRC    0.0000       34.8800
600052-006              MODEM PARADYNE CHALNGER 9.6 PRC                 47.7900
600053-001              MODEM CDS 224 STAND ALONE   PRC    0.0000
600053-002              MODEM CDS 224AD STAND ALONE PRC    0.0000
600053-003              POWER PACK CDS 224 S/A MODE PRC
600062-001              RACK ASSY VENTEL MODEMS     PMRB   0.0000
600063-001              MODEM RACK MOUNT VENTEL     PMRB   0.0000
600068-001              MODEM A/J 4800BPS           PMRB   0.0000
600069-001              SHELF GDC GSU-1M            PMRB   0.0000
600070-001              MODEM,RACK MOUNT GSU 500A   PMRB   0.0000
600071-001              MODEM,STAND ALONE GSU 500A  PMRB   0.0000
600072-001              GDC UNIVERSAL MODEM SHELF   PMRB   0.0000
600073-001              MODEM VA3405 VADIC RM       PMRB   0.0000
600074-001              MODEM VA212PAR VADIC RM     PMRB   0.0000
600077-001              MODEM GDC 14.4 STAND ALONE  PMRB   0.0000
600082-001              MODEM 4.8 GDC STAND ALONE   PMRB   0.0000
600082-002              MODEM 4.8 GDC RACK MNT.     PMRB
600090-001              MODEM VENTEL MOD 923        PRC    0.0000
600091-001              MODEM VENTEL 925 TYM PROMS  PRC    0.0000      155.6300
600091-002              MODEM VENTEL 925 VA PROMS   PRC
600097-001              MODEM CDS 224/3 TRI-SPEED   PMRB   0.0000        1.8600
600102-001              RACK ASSY CDS RM16 W/O P/S  PRC    0.0000       55.2200
600102-002              P/S FOR CDS RM16 RACK ASSY  PRC                169.5300
600103-001              CDS V.32 SYNC & ASYNC TRELL PRC    0.0000      190.0000
600103-002              CDS V.32 SYNC ONLY TRELLIS  PRC                190.0000
600112-001              MODEM CDS 934XPC MUX S/A    PMRB   0.0000
600135-001              MODEM CDS 296 TRELLIS       PRC    0.0000      190.0000
600142-001              MODEM TRI-ROCK CDS V2.27    PRC    0.0000       67.2900
600153-001              DISK DRIVE 53MB             PRC  246.0500
600170-001              MODEM GDC 9600 S/A          PMRB
600179-001              VENTEL 972 XPC/MNP 2400     PMRB
600180-001              P/S SPL130-S124 POC         PSR                 35.3400
600181-001              MODEM CDS RM224 RACK MOUNT  PMRB               229.0000
600218-001              MODEM GDC 500 C/56KD S/A    PMRB               140.0000
600241-001              DISK DRIVE 160MB TOSHIBA    PRC  217.1500
600260-001              MODEM PARADYNE 3480 19.2    PRC                500.0000
600260-002              MODEM PARADYNE 3480 W/DBU C PRC                500.0000
600261-001              PCBA PARADYNE DIAL BACKUP 3 PSR                250.0000
600264-001              MODEM CDS 296 DIALACCES S/A PRC                 18.0300
600264-002              MODEM CDS 296 DIALACCES R/M PRC                 24.5800
600264-003              PCB CDS SLIC CARD           PRC                 11.6300
600286-001              MODEM TPI MODEL1 CSU/DSU SA PSR                100.0000
600287-001              CARD CAGE TPI W/PWR SUPPLY  PSR                575.0000
600288-001              MODEM TPI MODEL 1 CHNL CD   PSR                100.0000
600293-001              RACK CDS NETACCESS 900      PMRB
600293-002              P/S CDS NETACCESS 900 RACK  PSR                125.0000
600311-001              CODEX 2160 CSU/DSU          PMRB
600312-001              GATEWAY WNIM-186 CARD       PMRB
600316-002              PAD DATACOM/BT PAD 4308X    PSR                650.0000
600319-001              RACK-MODEM ELIMINATOR       PRC
600321-001              MODEM ELIMINATOR-BLACK BOX  PRC
600322-001              MODEM CDS SII COMPRESSION   PRC                229.0000
600343-001              BRIDGE/ROUTER ACC 2010      PRC
600347-003              PCBA MEMORY SCAM 512K       PRC
600371-001              ACS 4200 ETHERNET ROUTER    PSR                  0.0000
600371-002              ACS 4200 TOKEN RING ROUTER  PSR                  0.0000
600377-001              PCBA TNDS-LC02B CSU         PRC
600378-001              CHASSIS LARSE TNDS-01400    PRC
600379-001              MODEM LARSE ACCESS T CSU/DS PRC
600397-001              CISCO 3102 ISG/R ROUTER     PSR
600398-001              CISCO 3202 ISG/TR ROUTER    PSR
600399-001              ROUTER CISCO 4000           PSR
600401-001              CABLE, V.35 DTE CISCO 3000  PSR
600409-001              DUAL SERIAL MODULE          PSR
600410-001              TOKEN RING MODULE           PSR
600411-001              ETHERNET MODULE             PSR
610003-001              INSTALLATION MICRO ENGINE   PMRB   0.0000
610004-001              INSTALLATION CARD CAGE ENG  PSR   96.0986
610004-002              INSTALLATION CARD CAGE ENG  PMRB 187.0036
610006-001              XFMR INSTL (FOR 120V 50 CYC PSR  202.8056
610007-001              ETHERNET INSTALLATION KIT   PMRB 382.2390
610009-001              ALARM CNTL PNL HDW INSTL GU PMRB   0.0000
610010-001              ASSY INSTL ENGINE/PERIPHERA PMRB   0.0000
610010-002              ASSY INSTL ENGINE/PERIPHERA PMRB   0.0000
610010-003              ASSY INSTL ENGINE/PERIPHERA PMRB   0.0000
610010-004              ASSY INSTL ENGINE/PERIPHERA PMRB   0.0000
610010-005              ASSYINSTL ENGINE/PERIPHERAL PMRB   0.0000
610010-006              ASSY INSTL ENGINE/PERIPHERA PMRB   0.0000
610010-007              ASSY INSTL ENGINE/PERIPHERA PMRB   0.0000
6128244                 HARD DRIVE HEADEND CTLR     PSR
6165740                 P/S                         PRC                110.0000
62095104                MODEM V.32LCD UDS/MOTOROLA  PSR                180.0000
62095284                MODEM V.32L UDS             PSR
6316831                 CABLE MB TO CASH DR P.O.S.  PMRB
6316834                 CABLE MB TO DISP UNI P.O.S. PMRB
6316843                 CABLE MB TO PRNT P.O.S.     PMRB
640005-001              P/S SUB ASSEMBLY PS2 MICRO  PMRB 115.2594      260.3900
640015-001              EIA BRIDGE PANEL ASSY       PRC    0.0000
640018-001              PANEL INTRCONNECT SYNC      PMRB 283.0548
640018-002              PANEL,INTRCONNECT ASYN      PMRB 223.4334
640021-001              PANEL MONITOR/ENGINE        PRC  346.9220
640022-001              PANEL CONNECTOR/ENGINE      PRC  298.9210
640023-001              FRONT CONSOLE ASSY          PRC  839.7472       95.7300
640026-001              PCBA MULTIFUNCTION W/BLANK  PRC  530.4424      108.1400
640026-005              PCBA SUPER CLOCK W/BLANK HF PRC  525.4610
640028-001              TOP ASSY HDWARE 2 CARD CAGE PMRB   0.0000
640029-001              CARD CAGE SIO               PMRB  64.5806
640030-001              PANEL ASSY PRI.-CONN        PMRB   0.0000
640033-001              RETAINR ASSY SIO CHASS      PSR   15.6650
640034-001              CAGE W/CPU BACKPLANE        PMRB 748.1171      183.7900
640034-002              CAGE W/CPU BACKPLANE        PMRB 828.5441
640035-001              CAGE W/IO BACKPLANE DBL BKT PMRB   0.0000
640035-002              CAGE W/IO BACKPLANE DBL BKT PMRB   0.0000
640036-001              FAN ASSY FOR CPU BUCKET     PRC  203.2851      137.0500
640037-001              FAN ASSY FOR IO BUCKET      PMRB   0.0000
640038-001              CAGE 16 SLOT NO BACKPLANE   PMRB 229.7096
640039-001              CAGE W/BKPLANE DUAL DMA     PRC  586.0474
640039-002              CAGE W/BKPLANE MINI O DMA   PRC  459.1024
640039-003              CAGE W/BKPLANE MINI 5 DMA   PRC  595.4450
640039-004              CAGE W/BKPLANE COMPAC XL    PRC  621.5994
640039-005              CHASSIS DUAL B/P COMPACT XL PRC  599.2534
640039-006              CAGE W/BKPLANE 3 DMA        PRC  606.1081
640040-001              CAGE MINI W/FANS NO BKPLANE PRC  204.8578
640043-001              ENGINE,SGL BUCKET W/DMA P/S PMRB   0.0000
640044-001              ENGIN (SINGLE CHASSIS)W/DMA PMRB   0.0000       89.5500
640045-001              CARD CAGE/RET ASSY SIO      PMRB   0.0000
640046-001              P/S FOR DOUBLE BUCKET ENGIN PRC    0.0000
640053-001              FILLER PANEL ASSY           PMRB   0.0000
640058-001              MNTG SLIDE RAILS (CAB)      PMRB  21.3539
640062-001              PSM-CHASSIS-SLIDE RACK      PMRB  22.7575
640063-002              MNTG SLIDE RAILS MINI       PMRB  23.9392
640083-001              SUB ASSY, MODEM SHELF       PMRB  56.1026
640127-001              PWR DIST.BOX DUAL MINI      PRC  178.3354
640127-002              PWR DIST.BOX STD ENG        PRC  236.6630
640127-003              PWR DIST.BOX MINI ENG       PRC  181.5272
640127-004              PWR DIST.BOX DUAL MINI 220V PRC  255.4448
640127-005              PWR DIST.BOX STD ENG 220V   PRC    0.0000
640127-006              PWR DIST. BOX MINI ENG 220V PRC  273.7959
640165-001              PARADYNE MODEM RACK ASSY    PMRB 065.0634
640174-001              BACKPLANE VOLT TEST PAN     PMRB  27.6291
640177-001              PWR TRAY ASSY               PRC  522.7873
640178-001              DC POWER TRAY A             PRC  309.2824
640180-002              DC PWR DISTRIB/A            PRC  285.9102
640187-001              I/O CONTROLLER SUB-ASSY     PRC  941.1316
640192-004              CABINET/A W/DOOR            PRC  780.3272
640193-001              CARD CAGE 20 SLOT (TURBO)EN PRC    0.0000
640206-001              DC FAN ASSY PICO ENGINE     PRC   21.5851
640221-001              PCB BATT MOD ASSY PICO ENG  PRC  195.6418
640222-001              BATT BKUP OPT MOD PICO ENG  PRC  311.3288       12.4000
640224-001              SWITCHER TRAY ASSY          PRC  925.2146
640240-001              FAN TRAY ASSY               PRC  254.7820
640244-001              BATTERY BKUP COMPAC 110V    PRC  207.8030       26.3000
640244-002              BATTERY BKUP COMPAC 220V    PRC  207.8030
640248-001              OCL/V.35 BRKOUT ASSY SIO II PRC  211.6915
640254-001              CARD CAGE 20 SLOT 1200W     PRC  977.4084
640255-001              RJ45 ASYNC BRKOUT ASSY      PRC  327.5999
640260-001              POWER SUPPLY 500W 110V      PRC  841.4893
640260-002              POWER SUPPLY 500W 220V      PRC    0.0000
640261-001              V.24 BREAKOUT SIO-II        PRC  193.4307
640264-001              ASYNC 8 PORT DB-9 BREAKOUT  PRC  131.9778
640266-001              BOP SIO ASYNC 50 PIN        PRC    0.0000
640269-001              BLOWER ASSY                 PRC  114.4231
640288-001              SYNC 8 PORT DB-9 BREAKOUT   PRC  131.8378       22.3200
640290-001              DISK DRIVE MODULE W/DSK     PRC  004.3691
640291-001              POWER SUPPLY ASSY           PRC  744.7404
640291-003              PWR SUPPLY MODULE TURBO     PRC  728.7242
640291-004              PWR SUPPLY MODULE TURBO     PRC  307.0107
640292-001              POWER SUPPLY ASSY 110V TURB PRC  568.3127
640292-002              POWER SUPPLY ASSY 220V TURB PRC  578.2865        0.0001
640292-003              TURBO T4800 POWER SUPPLY    PRC
640294-001              BREAKOUT ASYNC RJ45 16PTS   PRC    0.0000
640294-002              BOP ASYNC 16 PORT RJ45      PRC    0.0000
640305-001              BOP 24X9 PIN 24 PORT DE9    PRC    0.0000
640306-001              BOP 12 PORT V.35 TURBO      PRC    0.0000
640307-001              BOP RS232 24 PORT DE9       PRC    0.0000
640308-001              A/C MOD ASSY 50A 1PH        PRC  509.8805
640310-001              BOP SIO III 10 PORT         PRC                 13.0200
640324-003              I/O PANEL FOR SIOII         PRC
640336-001              BREAKOUT PANELF7573-01      PRC
640337-001              BOP V.35 12 PORT DB25 TURBO PRC
640342-001              CONSOLE DISPLAY ASSY PXL-1  PRC
640344-001              BOP TAPE                    PRC
640351-001              PANEL BREAKOUT SIO VII CXL  PRC
640352-001              BOP SIO V 10 PORT           PRC
640353-001              BOP SIO IV 10 PORT          PRC               1305.0000
640361-001              PCCM SMART CARD             PRC                 57.2000
640393-001              BREAKOUT SYNC RJ45          PRC
640393-002              SYNC BREAKOUT TURBO 16PT    PRC
640395-001              TURBO T1200 POWER SUPPLY    PRC
640397-001              AC PANEL TURBO              PRC
640398-001              P/S TURBO 120 400WATT       PRC
640404-001              POWER RESET MODULE CXL      PRC
6405605                 PCB LOGIC BD P.O.S. PRINTER PSR                 33.5900
650001-002              P/S FOR SINGLE BUCKET ENG.  PRC  323.7900      398.8200
650004-001              MEM BATT BACKUP MOD         PMRB   0.0000
650008-001              PANEL, CONTROL              PRC  251.1092        8.3700
650008-002              PANEL CONTROL (MINI ENG)    PRC  248.6406       25.5000
650013-001              BTRY BACKUP ENG/MICRO 110V  PRC  454.0683       91.6400
650013-002              BTRY BACKUP ENG/MICRO 220V  PRC  454.3622      229.2400
650014-001              PANEL,50P BREAKOUT PSM      PRC  407.9829
650015-001              CAGE MINI NO FANS NO BKPLAN PMRB   0.0000
650032-001              SUB-ASSY PS2 MICRO IV ENCLO PMRB   0.0000
650033-004              CAGE ASSY W/BACKPLANE PSM   PRC    0.0000
650038-001              ASSEMBLY PERIPHERALS        PMRB   0.0000
650041-002              P/S FOR MINI ENGINES        PRC    0.0000      930.3000
650046-001              TOP ASSY SGL CHAS W/DMA 3:1 PMRB   0.0000
650058-001              CARD CAGE ASSY DUAL ENG     PMRB   0.0000
650072-013              ATC-PLUS 8CH 115V USA       PRC  093.7614       82.4200
650072-014              ATC-PLUS 8CH 220V USA       PRC  092.3479      152.5200
650072-015              ATC-PLUS 4CH 115V USA       PRC  039.6528      140.9600
650072-016              ATC-PLUS 4CH 220V USA       PRC  979.9343      167.7100
650072-017              ATC-PLUS 8CH 115V UK        PRC  119.7414      140.9600
650072-018              ATC-PLUS 8CH 220V UK        PRC  118.3279      140.9600
650072-019              ATC-PLUS 4CH 115V UK        PRC  065.6328      140.9600
650072-020              ATC PLUS 4CH 220V UK        PRC  064.2193      140.9600
650072-021              ATC PLUS 8CH 115V UK        PRC  119.7414      140.9600
650072-022              ATC PLUS 8CH 220V UK        PRC  118.3279      140.9600
650072-023              ATC PLUS 4CH 115V UK        PRC  065.6328      140.9600
650072-024              ATC PLUS 4CH 220V UK        PRC  064.2193      140.9600
650076-001              PWR 60HZ XL D-MINI          PRC  287.4169
650077-001              PICO-ENGINE ASSY.           PRC  467.6690      123.5600
650077-002              PICO-ENGINE ASSY. 220V      PRC  468.0669      226.1100
650077-003              PICO ENG 110V W/BTY BKUP    PRC                 96.4000
650077-004              PICO ENG 220V W/BTY BKUP    PRC                510.4100
650094-001              HAND HELD CONSOLE           PSR                 85.8800
65X6268                 MOTHERBOARD HEADEND CTRLR   PSR
680001-001              MODEM DAA LISA              PMRB
69X8314                 MOTHER BOARD P.O.S.         PRC                 95.0000
    